Archive member included to satisfy reference by file (symbol)

/opt/st/stm32cubeide_1.5.1/plugins/com.st.stm32cube.ide.mcu.externaltools.gnu-tools-for-stm32.7-2018-q2-update.linux64_1.5.0.202011040924/tools/bin/../lib/gcc/arm-none-eabi/7.3.1/../../../../arm-none-eabi/lib/thumb/v7e-m/fpv4-sp/hard/libc_nano.a(lib_a-errno.o)
                              Core/Src/syscalls.o (__errno)
/opt/st/stm32cubeide_1.5.1/plugins/com.st.stm32cube.ide.mcu.externaltools.gnu-tools-for-stm32.7-2018-q2-update.linux64_1.5.0.202011040924/tools/bin/../lib/gcc/arm-none-eabi/7.3.1/../../../../arm-none-eabi/lib/thumb/v7e-m/fpv4-sp/hard/libc_nano.a(lib_a-exit.o)
                              /opt/st/stm32cubeide_1.5.1/plugins/com.st.stm32cube.ide.mcu.externaltools.gnu-tools-for-stm32.7-2018-q2-update.linux64_1.5.0.202011040924/tools/bin/../lib/gcc/arm-none-eabi/7.3.1/../../../../arm-none-eabi/lib/thumb/v7e-m/fpv4-sp/hard/crt0.o (exit)
/opt/st/stm32cubeide_1.5.1/plugins/com.st.stm32cube.ide.mcu.externaltools.gnu-tools-for-stm32.7-2018-q2-update.linux64_1.5.0.202011040924/tools/bin/../lib/gcc/arm-none-eabi/7.3.1/../../../../arm-none-eabi/lib/thumb/v7e-m/fpv4-sp/hard/libc_nano.a(lib_a-impure.o)
                              /opt/st/stm32cubeide_1.5.1/plugins/com.st.stm32cube.ide.mcu.externaltools.gnu-tools-for-stm32.7-2018-q2-update.linux64_1.5.0.202011040924/tools/bin/../lib/gcc/arm-none-eabi/7.3.1/../../../../arm-none-eabi/lib/thumb/v7e-m/fpv4-sp/hard/libc_nano.a(lib_a-exit.o) (_global_impure_ptr)
/opt/st/stm32cubeide_1.5.1/plugins/com.st.stm32cube.ide.mcu.externaltools.gnu-tools-for-stm32.7-2018-q2-update.linux64_1.5.0.202011040924/tools/bin/../lib/gcc/arm-none-eabi/7.3.1/../../../../arm-none-eabi/lib/thumb/v7e-m/fpv4-sp/hard/libc_nano.a(lib_a-init.o)
                              /opt/st/stm32cubeide_1.5.1/plugins/com.st.stm32cube.ide.mcu.externaltools.gnu-tools-for-stm32.7-2018-q2-update.linux64_1.5.0.202011040924/tools/bin/../lib/gcc/arm-none-eabi/7.3.1/../../../../arm-none-eabi/lib/thumb/v7e-m/fpv4-sp/hard/crt0.o (__libc_init_array)
/opt/st/stm32cubeide_1.5.1/plugins/com.st.stm32cube.ide.mcu.externaltools.gnu-tools-for-stm32.7-2018-q2-update.linux64_1.5.0.202011040924/tools/bin/../lib/gcc/arm-none-eabi/7.3.1/../../../../arm-none-eabi/lib/thumb/v7e-m/fpv4-sp/hard/libc_nano.a(lib_a-memcmp.o)
                              Core/Src/fops.o (memcmp)
/opt/st/stm32cubeide_1.5.1/plugins/com.st.stm32cube.ide.mcu.externaltools.gnu-tools-for-stm32.7-2018-q2-update.linux64_1.5.0.202011040924/tools/bin/../lib/gcc/arm-none-eabi/7.3.1/../../../../arm-none-eabi/lib/thumb/v7e-m/fpv4-sp/hard/libc_nano.a(lib_a-memcpy-stub.o)
                              FreeRTOS/queue.o (memcpy)
/opt/st/stm32cubeide_1.5.1/plugins/com.st.stm32cube.ide.mcu.externaltools.gnu-tools-for-stm32.7-2018-q2-update.linux64_1.5.0.202011040924/tools/bin/../lib/gcc/arm-none-eabi/7.3.1/../../../../arm-none-eabi/lib/thumb/v7e-m/fpv4-sp/hard/libc_nano.a(lib_a-memset.o)
                              /opt/st/stm32cubeide_1.5.1/plugins/com.st.stm32cube.ide.mcu.externaltools.gnu-tools-for-stm32.7-2018-q2-update.linux64_1.5.0.202011040924/tools/bin/../lib/gcc/arm-none-eabi/7.3.1/../../../../arm-none-eabi/lib/thumb/v7e-m/fpv4-sp/hard/crt0.o (memset)
/opt/st/stm32cubeide_1.5.1/plugins/com.st.stm32cube.ide.mcu.externaltools.gnu-tools-for-stm32.7-2018-q2-update.linux64_1.5.0.202011040924/tools/bin/../lib/gcc/arm-none-eabi/7.3.1/../../../../arm-none-eabi/lib/thumb/v7e-m/fpv4-sp/hard/libc_nano.a(lib_a-printf.o)
                              Core/Src/fatfs.o (printf)
/opt/st/stm32cubeide_1.5.1/plugins/com.st.stm32cube.ide.mcu.externaltools.gnu-tools-for-stm32.7-2018-q2-update.linux64_1.5.0.202011040924/tools/bin/../lib/gcc/arm-none-eabi/7.3.1/../../../../arm-none-eabi/lib/thumb/v7e-m/fpv4-sp/hard/libc_nano.a(lib_a-puts.o)
                              Core/Src/main.o (puts)
/opt/st/stm32cubeide_1.5.1/plugins/com.st.stm32cube.ide.mcu.externaltools.gnu-tools-for-stm32.7-2018-q2-update.linux64_1.5.0.202011040924/tools/bin/../lib/gcc/arm-none-eabi/7.3.1/../../../../arm-none-eabi/lib/thumb/v7e-m/fpv4-sp/hard/libc_nano.a(lib_a-strncpy.o)
                              Core/Src/File_Handling.o (strncpy)
/opt/st/stm32cubeide_1.5.1/plugins/com.st.stm32cube.ide.mcu.externaltools.gnu-tools-for-stm32.7-2018-q2-update.linux64_1.5.0.202011040924/tools/bin/../lib/gcc/arm-none-eabi/7.3.1/../../../../arm-none-eabi/lib/thumb/v7e-m/fpv4-sp/hard/libc_nano.a(lib_a-strstr.o)
                              Core/Src/File_Handling.o (strstr)
/opt/st/stm32cubeide_1.5.1/plugins/com.st.stm32cube.ide.mcu.externaltools.gnu-tools-for-stm32.7-2018-q2-update.linux64_1.5.0.202011040924/tools/bin/../lib/gcc/arm-none-eabi/7.3.1/../../../../arm-none-eabi/lib/thumb/v7e-m/fpv4-sp/hard/libc_nano.a(lib_a-wbuf.o)
[...]
Memory Configuration

Name             Origin             Length             Attributes
CCMRAM           0x0000000010000000 0x0000000000010000 xrw
RAM              0x0000000020000000 0x0000000000020000 xrw
FLASH            0x0000000008000000 0x0000000000100000 xr
*default*        0x0000000000000000 0xffffffffffffffff

Linker script and memory map

LOAD /opt/st/stm32cubeide_1.5.1/plugins/com.st.stm32cube.ide.mcu.externaltools.gnu-tools-for-stm32.7-2018-q2-update.linux64_1.5.0.202011040924/tools/bin/../lib/gcc/arm-none-eabi/7.3.1/thumb/v7e-m/fpv4-sp/hard/crti.o
LOAD /opt/st/stm32cubeide_1.5.1/plugins/com.st.stm32cube.ide.mcu.externaltools.gnu-tools-for-stm32.7-2018-q2-update.linux64_1.5.0.202011040924/tools/bin/../lib/gcc/arm-none-eabi/7.3.1/thumb/v7e-m/fpv4-sp/hard/crtbegin.o
LOAD /opt/st/stm32cubeide_1.5.1/plugins/com.st.stm32cube.ide.mcu.externaltools.gnu-tools-for-stm32.7-2018-q2-update.linux64_1.5.0.202011040924/tools/bin/../lib/gcc/arm-none-eabi/7.3.1/../../../../arm-none-eabi/lib/thumb/v7e-m/fpv4-sp/hard/crt0.o
LOAD Core/Src/AUDIO.o
LOAD Core/Src/AUDIO_LINK.o
LOAD Core/Src/File_Handling.o
LOAD Core/Src/cs43l22.o
LOAD Core/Src/diskio.o
LOAD Core/Src/fatfs.o
LOAD Core/Src/ff.o
LOAD Core/Src/ff_gen_drv.o
LOAD Core/Src/fops.o
LOAD Core/Src/main.o
LOAD Core/Src/mmc_sd.o
LOAD Core/Src/stm32f4xx_hal_msp.o
LOAD Core/Src/stm32f4xx_hal_timebase_tim.o
LOAD Core/Src/stm32f4xx_it.o
LOAD Core/Src/syscalls.o
LOAD Core/Src/sysmem.o
LOAD Core/Src/system_stm32f4xx.o
LOAD Core/Src/user_diskio.o
LOAD Core/Src/waveplayer.o
LOAD Core/Startup/startup_stm32f407vgtx.o
LOAD Drivers/STM32F4xx_HAL_Driver/Src/stm32f4xx_hal.o
LOAD Drivers/STM32F4xx_HAL_Driver/Src/stm32f4xx_hal_cortex.o
LOAD Drivers/STM32F4xx_HAL_Driver/Src/stm32f4xx_hal_dma.o
LOAD Drivers/STM32F4xx_HAL_Driver/Src/stm32f4xx_hal_dma_ex.o
LOAD Drivers/STM32F4xx_HAL_Driver/Src/stm32f4xx_hal_exti.o
LOAD Drivers/STM32F4xx_HAL_Driver/Src/stm32f4xx_hal_flash.o
LOAD Drivers/STM32F4xx_HAL_Driver/Src/stm32f4xx_hal_flash_ex.o
LOAD Drivers/STM32F4xx_HAL_Driver/Src/stm32f4xx_hal_flash_ramfunc.o
LOAD Drivers/STM32F4xx_HAL_Driver/Src/stm32f4xx_hal_gpio.o
LOAD Drivers/STM32F4xx_HAL_Driver/Src/stm32f4xx_hal_i2c.o
LOAD Drivers/STM32F4xx_HAL_Driver/Src/stm32f4xx_hal_i2c_ex.o
LOAD Drivers/STM32F4xx_HAL_Driver/Src/stm32f4xx_hal_i2s.o
LOAD Drivers/STM32F4xx_HAL_Driver/Src/stm32f4xx_hal_i2s_ex.o
LOAD Drivers/STM32F4xx_HAL_Driver/Src/stm32f4xx_hal_pwr.o
LOAD Drivers/STM32F4xx_HAL_Driver/Src/stm32f4xx_hal_pwr_ex.o
LOAD Drivers/STM32F4xx_HAL_Driver/Src/stm32f4xx_hal_rcc.o
LOAD Drivers/STM32F4xx_HAL_Driver/Src/stm32f4xx_hal_rcc_ex.o
LOAD Drivers/STM32F4xx_HAL_Driver/Src/stm32f4xx_hal_spi.o
LOAD Drivers/STM32F4xx_HAL_Driver/Src/stm32f4xx_hal_tim.o
LOAD Drivers/STM32F4xx_HAL_Driver/Src/stm32f4xx_hal_tim_ex.o
LOAD Drivers/STM32F4xx_HAL_Driver/Src/stm32f4xx_hal_uart.o
LOAD FreeRTOS/MemMang/heap_4.o
LOAD FreeRTOS/croutine.o
LOAD FreeRTOS/event_groups.o
LOAD FreeRTOS/list.o
LOAD FreeRTOS/queue.o
LOAD FreeRTOS/stream_buffer.o
LOAD FreeRTOS/tasks.o
LOAD FreeRTOS/timers.o
LOAD FreeRTOS/portable/ARM_CM4F/port.o
START GROUP
LOAD /opt/st/stm32cubeide_1.5.1/plugins/com.st.stm32cube.ide.mcu.externaltools.gnu-tools-for-stm32.7-2018-q2-update.linux64_1.5.0.202011040924/tools/bin/../lib/gcc/arm-none-eabi/7.3.1/../../../../arm-none-eabi/lib/thumb/v7e-m/fpv4-sp/hard/libc_nano.a
LOAD /opt/st/stm32cubeide_1.5.1/plugins/com.st.stm32cube.ide.mcu.externaltools.gnu-tools-for-stm32.7-2018-q2-update.linux64_1.5.0.202011040924/tools/bin/../lib/gcc/arm-none-eabi/7.3.1/../../../../arm-none-eabi/lib/thumb/v7e-m/fpv4-sp/hard/libm.a
END GROUP
START GROUP
LOAD /opt/st/stm32cubeide_1.5.1/plugins/com.st.stm32cube.ide.mcu.externaltools.gnu-tools-for-stm32.7-2018-q2-update.linux64_1.5.0.202011040924/tools/bin/../lib/gcc/arm-none-eabi/7.3.1/thumb/v7e-m/fpv4-sp/hard/libgcc.a
LOAD /opt/st/stm32cubeide_1.5.1/plugins/com.st.stm32cube.ide.mcu.externaltools.gnu-tools-for-stm32.7-2018-q2-update.linux64_1.5.0.202011040924/tools/bin/../lib/gcc/arm-none-eabi/7.3.1/../../../../arm-none-eabi/lib/thumb/v7e-m/fpv4-sp/hard/libc_nano.a
END GROUP
START GROUP
LOAD /opt/st/stm32cubeide_1.5.1/plugins/com.st.stm32cube.ide.mcu.externaltools.gnu-tools-for-stm32.7-2018-q2-update.linux64_1.5.0.202011040924/tools/bin/../lib/gcc/arm-none-eabi/7.3.1/thumb/v7e-m/fpv4-sp/hard/libgcc.a
LOAD /opt/st/stm32cubeide_1.5.1/plugins/com.st.stm32cube.ide.mcu.externaltools.gnu-tools-for-stm32.7-2018-q2-update.linux64_1.5.0.202011040924/tools/bin/../lib/gcc/arm-none-eabi/7.3.1/../../../../arm-none-eabi/lib/thumb/v7e-m/fpv4-sp/hard/libc_nano.a
LOAD /opt/st/stm32cubeide_1.5.1/plugins/com.st.stm32cube.ide.mcu.externaltools.gnu-tools-for-stm32.7-2018-q2-update.linux64_1.5.0.202011040924/tools/bin/../lib/gcc/arm-none-eabi/7.3.1/../../../../arm-none-eabi/lib/thumb/v7e-m/fpv4-sp/hard/libnosys.a
END GROUP
START GROUP
LOAD /opt/st/stm32cubeide_1.5.1/plugins/com.st.stm32cube.ide.mcu.externaltools.gnu-tools-for-stm32.7-2018-q2-update.linux64_1.5.0.202011040924/tools/bin/../lib/gcc/arm-none-eabi/7.3.1/thumb/v7e-m/fpv4-sp/hard/libgcc.a
LOAD /opt/st/stm32cubeide_1.5.1/plugins/com.st.stm32cube.ide.mcu.externaltools.gnu-tools-for-stm32.7-2018-q2-update.linux64_1.5.0.202011040924/tools/bin/../lib/gcc/arm-none-eabi/7.3.1/../../../../arm-none-eabi/lib/thumb/v7e-m/fpv4-sp/hard/libc_nano.a
LOAD /opt/st/stm32cubeide_1.5.1/plugins/com.st.stm32cube.ide.mcu.externaltools.gnu-tools-for-stm32.7-2018-q2-update.linux64_1.5.0.202011040924/tools/bin/../lib/gcc/arm-none-eabi/7.3.1/../../../../arm-none-eabi/lib/thumb/v7e-m/fpv4-sp/hard/libnosys.a
END GROUP
LOAD /opt/st/stm32cubeide_1.5.1/plugins/com.st.stm32cube.ide.mcu.externaltools.gnu-tools-for-stm32.7-2018-q2-update.linux64_1.5.0.202011040924/tools/bin/../lib/gcc/arm-none-eabi/7.3.1/thumb/v7e-m/fpv4-sp/hard/crtend.o
LOAD /opt/st/stm32cubeide_1.5.1/plugins/com.st.stm32cube.ide.mcu.externaltools.gnu-tools-for-stm32.7-2018-q2-update.linux64_1.5.0.202011040924/tools/bin/../lib/gcc/arm-none-eabi/7.3.1/thumb/v7e-m/fpv4-sp/hard/crtn.o
                0x0000000020020000                _estack = (ORIGIN (RAM) + LENGTH (RAM))
                0x0000000000000200                _Min_Heap_Size = 0x200
                0x0000000000000400                _Min_Stack_Size = 0x400

.isr_vector     0x0000000008000000      0x188
                0x0000000008000000                . = ALIGN (0x4)
 *(.isr_vector)
 .isr_vector    0x0000000008000000      0x188 Core/Startup/startup_stm32f407vgtx.o
                0x0000000008000000                g_pfnVectors
                0x0000000008000188                . = ALIGN (0x4)

.text           0x0000000008000190     0xc9b0
                0x0000000008000190                . = ALIGN (0x4)
 *(.text)
 .text          0x0000000008000190       0x40 /opt/st/stm32cubeide_1.5.1/plugins/com.st.stm32cube.ide.mcu.externaltools.gnu-tools-for-stm32.7-2018-q2-update.linux64_1.5.0.202011040924/tools/bin/../lib/gcc/arm-none-eabi/7.3.1/thumb/v7e-m/fpv4-sp/hard/crtbegin.o
 .text          0x00000000080001d0       0xa0 /opt/st/stm32cubeide_1.5.1/plugins/com.st.stm32cube.ide.mcu.externaltools.gnu-tools-for-stm32.7-2018-q2-update.linux64_1.5.0.202011040924/tools/bin/../lib/gcc/arm-none-eabi/7.3.1/../../../../arm-none-eabi/lib/thumb/v7e-m/fpv4-sp/hard/libc_nano.a(lib_a-memchr.o)
                0x00000000080001d0                memchr
 .text          0x0000000008000270       0x30 /opt/st/stm32cubeide_1.5.1/plugins/com.st.stm32cube.ide.mcu.externaltools.gnu-tools-for-stm32.7-2018-q2-update.linux64_1.5.0.202011040924/tools/bin/../lib/gcc/arm-none-eabi/7.3.1/thumb/v7e-m/fpv4-sp/hard/libgcc.a(_aeabi_uldivmod.o)
                0x0000000008000270                __aeabi_uldivmod
 .text          0x00000000080002a0      0x2cc /opt/st/stm32cubeide_1.5.1/plugins/com.st.stm32cube.ide.mcu.externaltools.gnu-tools-for-stm32.7-2018-q2-update.linux64_1.5.0.202011040924/tools/bin/../lib/gcc/arm-none-eabi/7.3.1/thumb/v7e-m/fpv4-sp/hard/libgcc.a(_udivmoddi4.o)
                0x00000000080002a0                __udivmoddi4
 .text          0x000000000800056c        0x4 /opt/st/stm32cubeide_1.5.1/plugins/com.st.stm32cube.ide.mcu.externaltools.gnu-tools-for-stm32.7-2018-q2-update.linux64_1.5.0.202011040924/tools/bin/../lib/gcc/arm-none-eabi/7.3.1/thumb/v7e-m/fpv4-sp/hard/libgcc.a(_dvmd_tls.o)
                0x000000000800056c                __aeabi_ldiv0
                0x000000000800056c                __aeabi_idiv0
 *(.text*)
 .text.AUDIO_OUT_Init
                0x0000000008000570       0x9c Core/Src/AUDIO.o
                0x0000000008000570                AUDIO_OUT_Init
 .text.AUDIO_OUT_Play
                0x000000000800060c       0x54 Core/Src/AUDIO.o
                0x000000000800060c                AUDIO_OUT_Play
 .text.AUDIO_OUT_Pause
                0x0000000008000660       0x2c Core/Src/AUDIO.o
                0x0000000008000660                AUDIO_OUT_Pause
 .text.AUDIO_OUT_Resume
                0x000000000800068c       0x2c Core/Src/AUDIO.o
                0x000000000800068c                AUDIO_OUT_Resume
 .text.AUDIO_OUT_Stop
                0x00000000080006b8       0x50 Core/Src/AUDIO.o
                0x00000000080006b8                AUDIO_OUT_Stop
 .text.AUDIO_OUT_SetVolume
                0x0000000008000708       0x30 Core/Src/AUDIO.o
                0x0000000008000708                AUDIO_OUT_SetVolume
 .text.HAL_I2S_TxCpltCallback
                0x0000000008000738       0x24 Core/Src/AUDIO.o
                0x0000000008000738                HAL_I2S_TxCpltCallback
 .text.HAL_I2S_TxHalfCpltCallback
                0x000000000800075c       0x24 Core/Src/AUDIO.o
                0x000000000800075c                HAL_I2S_TxHalfCpltCallback
 .text.AUDIO_OUT_ClockConfig
                0x0000000008000780       0xb4 Core/Src/AUDIO.o
                0x0000000008000780                AUDIO_OUT_ClockConfig
 .text.AUDIO_OUT_MspInit
                0x0000000008000834      0x180 Core/Src/AUDIO.o
                0x0000000008000834                AUDIO_OUT_MspInit
 .text.AUDIO_OUT_Error_CallBack
                0x00000000080009b4        0xe Core/Src/AUDIO.o
                0x00000000080009b4                AUDIO_OUT_Error_CallBack
 *fill*         0x00000000080009c2        0x2 
 .text.I2S3_Init
                0x00000000080009c4       0x70 Core/Src/AUDIO.o
 .text.HAL_I2S_ErrorCallback
                0x0000000008000a34       0x24 Core/Src/AUDIO.o
                0x0000000008000a34                HAL_I2S_ErrorCallback
 .text.I2Cx_Init
                0x0000000008000a58       0x64 Core/Src/AUDIO_LINK.o
 .text.I2Cx_WriteData
                0x0000000008000abc       0x50 Core/Src/AUDIO_LINK.o
 .text.I2Cx_ReadData
                0x0000000008000b0c       0x58 Core/Src/AUDIO_LINK.o
 .text.I2Cx_Error
                0x0000000008000b64       0x18 Core/Src/AUDIO_LINK.o
 .text.I2Cx_MspInit
                0x0000000008000b7c       0xac Core/Src/AUDIO_LINK.o
 .text.AUDIO_IO_Init
                0x0000000008000c28       0x70 Core/Src/AUDIO_LINK.o
                0x0000000008000c28                AUDIO_IO_Init
 .text.AUDIO_IO_DeInit
                0x0000000008000c98        0xe Core/Src/AUDIO_LINK.o
                0x0000000008000c98                AUDIO_IO_DeInit
 .text.AUDIO_IO_Write
                0x0000000008000ca6       0x28 Core/Src/AUDIO_LINK.o
                0x0000000008000ca6                AUDIO_IO_Write
 .text.AUDIO_IO_Read
                0x0000000008000cce       0x28 Core/Src/AUDIO_LINK.o
                0x0000000008000cce                AUDIO_IO_Read
 *fill*         0x0000000008000cf6        0x2 
 .text.AUDIO_StorageParse
                0x0000000008000cf8      0x124 Core/Src/File_Handling.o
                0x0000000008000cf8                AUDIO_StorageParse
 .text.AUDIO_GetWavObjectNumber
                0x0000000008000e1c       0x20 Core/Src/File_Handling.o
                0x0000000008000e1c                AUDIO_GetWavObjectNumber
 .text.cs43l22_Init
                0x0000000008000e3c      0x1c8 Core/Src/cs43l22.o
                0x0000000008000e3c                cs43l22_Init
 .text.cs43l22_DeInit
                0x0000000008001004        0xc Core/Src/cs43l22.o
                0x0000000008001004                cs43l22_DeInit
 .text.cs43l22_ReadID
                0x0000000008001010       0x30 Core/Src/cs43l22.o
                0x0000000008001010                cs43l22_ReadID
 .text.cs43l22_Play
                0x0000000008001040       0x74 Core/Src/cs43l22.o
                0x0000000008001040                cs43l22_Play
 .text.cs43l22_Pause
                0x00000000080010b4       0x42 Core/Src/cs43l22.o
                0x00000000080010b4                cs43l22_Pause
 *fill*         0x00000000080010f6        0x2 
 .text.cs43l22_Resume
                0x00000000080010f8       0x78 Core/Src/cs43l22.o
                0x00000000080010f8                cs43l22_Resume
 .text.cs43l22_Stop
                0x0000000008001170       0x68 Core/Src/cs43l22.o
                0x0000000008001170                cs43l22_Stop
 .text.cs43l22_SetVolume
                0x00000000080011d8       0xbc Core/Src/cs43l22.o
                0x00000000080011d8                cs43l22_SetVolume
 .text.cs43l22_SetFrequency
                0x0000000008001294       0x1a Core/Src/cs43l22.o
                0x0000000008001294                cs43l22_SetFrequency
 *fill*         0x00000000080012ae        0x2 
 .text.cs43l22_SetMute
                0x00000000080012b0       0xbc Core/Src/cs43l22.o
                0x00000000080012b0                cs43l22_SetMute
 .text.cs43l22_SetOutputMode
                0x000000000800136c       0xe4 Core/Src/cs43l22.o
                0x000000000800136c                cs43l22_SetOutputMode
 .text.cs43l22_Reset
                0x0000000008001450       0x18 Core/Src/cs43l22.o
                0x0000000008001450                cs43l22_Reset
 .text.CODEC_IO_Write
                0x0000000008001468       0x2e Core/Src/cs43l22.o
 *fill*         0x0000000008001496        0x2 
 .text.disk_status
                0x0000000008001498       0x34 Core/Src/diskio.o
                0x0000000008001498                disk_status
 .text.disk_initialize
                0x00000000080014cc       0x4c Core/Src/diskio.o
                0x00000000080014cc                disk_initialize
 .text.disk_read
                0x0000000008001518       0x40 Core/Src/diskio.o
                0x0000000008001518                disk_read
 .text.disk_write
                0x0000000008001558       0x40 Core/Src/diskio.o
                0x0000000008001558                disk_write
 .text.disk_ioctl
                0x0000000008001598       0x3c Core/Src/diskio.o
                0x0000000008001598                disk_ioctl
 .text.MX_FATFS_Init
                0x00000000080015d4       0x48 Core/Src/fatfs.o
                0x00000000080015d4                MX_FATFS_Init
 .text.mem_cpy  0x000000000800161c       0x3c Core/Src/ff.o
 .text.mem_set  0x0000000008001658       0x34 Core/Src/ff.o
 .text.mem_cmp  0x000000000800168c       0x4e Core/Src/ff.o
 .text.chk_chr  0x00000000080016da       0x36 Core/Src/ff.o
 .text.chk_lock
                0x0000000008001710       0xdc Core/Src/ff.o
 .text.enq_lock
                0x00000000080017ec       0x48 Core/Src/ff.o
 .text.inc_lock
                0x0000000008001834      0x170 Core/Src/ff.o
 .text.dec_lock
                0x00000000080019a4       0x88 Core/Src/ff.o
 .text.clear_lock
                0x0000000008001a2c       0x54 Core/Src/ff.o
 .text.sync_window
                0x0000000008001a80       0x92 Core/Src/ff.o
 .text.move_window
                0x0000000008001b12       0x5c Core/Src/ff.o
 .text.sync_fs  0x0000000008001b6e      0x15a Core/Src/ff.o
 .text.clust2sect
                0x0000000008001cc8       0x44 Core/Src/ff.o
                0x0000000008001cc8                clust2sect
 .text.get_fat  0x0000000008001d0c      0x16e Core/Src/ff.o
                0x0000000008001d0c                get_fat
 .text.put_fat  0x0000000008001e7a      0x216 Core/Src/ff.o
                0x0000000008001e7a                put_fat
 .text.remove_chain
                0x0000000008002090       0xb4 Core/Src/ff.o
 .text.create_chain
                0x0000000008002144      0x13a Core/Src/ff.o
 .text.clmt_clust
                0x000000000800227e       0x6a Core/Src/ff.o
 .text.dir_sdi  0x00000000080022e8      0x128 Core/Src/ff.o
 .text.dir_next
                0x0000000008002410      0x1ee Core/Src/ff.o
 .text.dir_alloc
                0x00000000080025fe       0x94 Core/Src/ff.o
 .text.ld_clust
                0x0000000008002692       0x5c Core/Src/ff.o
 .text.st_clust
                0x00000000080026ee       0x4e Core/Src/ff.o
 .text.dir_find
                0x000000000800273c       0x9e Core/Src/ff.o
 .text.dir_read
                0x00000000080027da       0xbe Core/Src/ff.o
 .text.dir_register
                0x0000000008002898       0x72 Core/Src/ff.o
 .text.get_fileinfo
                0x000000000800290a       0xe2 Core/Src/ff.o
 .text.create_name
                0x00000000080029ec      0x180 Core/Src/ff.o
 .text.follow_path
                0x0000000008002b6c       0xdc Core/Src/ff.o
 .text.get_ldnumber
                0x0000000008002c48       0x88 Core/Src/ff.o
 .text.check_fs
                0x0000000008002cd0       0xd4 Core/Src/ff.o
 .text.find_volume
                0x0000000008002da4      0x594 Core/Src/ff.o
 .text.validate
                0x0000000008003338       0x66 Core/Src/ff.o
 *fill*         0x000000000800339e        0x2 
 .text.f_mount  0x00000000080033a0       0x90 Core/Src/ff.o
                0x00000000080033a0                f_mount
 .text.f_open   0x0000000008003430      0x418 Core/Src/ff.o
                0x0000000008003430                f_open
 .text.f_read   0x0000000008003848      0x2d6 Core/Src/ff.o
                0x0000000008003848                f_read
 *fill*         0x0000000008003b1e        0x2 
 .text.f_sync   0x0000000008003b20      0x178 Core/Src/ff.o
                0x0000000008003b20                f_sync
 .text.f_close  0x0000000008003c98       0x50 Core/Src/ff.o
                0x0000000008003c98                f_close
 .text.f_lseek  0x0000000008003ce8      0x4bc Core/Src/ff.o
                0x0000000008003ce8                f_lseek
 .text.f_opendir
                0x00000000080041a4      0x104 Core/Src/ff.o
                0x00000000080041a4                f_opendir
 .text.f_closedir
                0x00000000080042a8       0x4a Core/Src/ff.o
                0x00000000080042a8                f_closedir
 .text.f_readdir
                0x00000000080042f2       0x8c Core/Src/ff.o
                0x00000000080042f2                f_readdir
 .text.f_getfree
                0x000000000800437e      0x19a Core/Src/ff.o
                0x000000000800437e                f_getfree
 .text.FATFS_LinkDriverEx
                0x0000000008004518       0x98 Core/Src/ff_gen_drv.o
                0x0000000008004518                FATFS_LinkDriverEx
 .text.FATFS_LinkDriver
                0x00000000080045b0       0x1e Core/Src/ff_gen_drv.o
                0x00000000080045b0                FATFS_LinkDriver
 *fill*         0x00000000080045ce        0x2 
 .text.__io_putchar
                0x00000000080045d0       0x24 Core/Src/fops.o
                0x00000000080045d0                __io_putchar
 .text.exf_getfree
                0x00000000080045f4       0x6c Core/Src/fops.o
                0x00000000080045f4                exf_getfree
 .text.exf_mount
                0x0000000008004660       0x3c Core/Src/fops.o
                0x0000000008004660                exf_mount
 .text.main     0x000000000800469c      0x12c Core/Src/main.o
                0x000000000800469c                main
 .text.SystemClock_Config
                0x00000000080047c8      0x104 Core/Src/main.o
                0x00000000080047c8                SystemClock_Config
 .text.MX_I2C1_Init
                0x00000000080048cc       0x5c Core/Src/main.o
 .text.MX_I2S3_Init
                0x0000000008004928       0x5c Core/Src/main.o
 .text.MX_SPI1_Init
                0x0000000008004984       0x6c Core/Src/main.o
                0x0000000008004984                MX_SPI1_Init
 .text.MX_UART4_Init
                0x00000000080049f0       0x54 Core/Src/main.o
 .text.MX_DMA_Init
                0x0000000008004a44       0x40 Core/Src/main.o
 .text.MX_GPIO_Init
                0x0000000008004a84      0x150 Core/Src/main.o
 .text.HAL_GPIO_EXTI_Callback
                0x0000000008004bd4       0xa0 Core/Src/main.o
                0x0000000008004bd4                HAL_GPIO_EXTI_Callback
 .text.HAL_TIM_PeriodElapsedCallback
                0x0000000008004c74       0x24 Core/Src/main.o
                0x0000000008004c74                HAL_TIM_PeriodElapsedCallback
 .text.Error_Handler
                0x0000000008004c98        0x8 Core/Src/main.o
                0x0000000008004c98                Error_Handler
 .text.SPI1_Error
                0x0000000008004ca0       0x38 Core/Src/mmc_sd.o
                0x0000000008004ca0                SPI1_Error
 .text.SPI1_ReadWriteByte
                0x0000000008004cd8       0x3c Core/Src/mmc_sd.o
                0x0000000008004cd8                SPI1_ReadWriteByte
 .text.SD_SPI_ReadWriteByte
                0x0000000008004d14       0x1c Core/Src/mmc_sd.o
                0x0000000008004d14                SD_SPI_ReadWriteByte
 .text.SD_SPI_Init
                0x0000000008004d30       0x34 Core/Src/mmc_sd.o
                0x0000000008004d30                SD_SPI_Init
 .text.SD_DisSelect
                0x0000000008004d64       0x1c Core/Src/mmc_sd.o
                0x0000000008004d64                SD_DisSelect
 .text.SD_Select
                0x0000000008004d80       0x2c Core/Src/mmc_sd.o
                0x0000000008004d80                SD_Select
 .text.SD_WaitReady
                0x0000000008004dac       0x38 Core/Src/mmc_sd.o
                0x0000000008004dac                SD_WaitReady
 .text.SD_GetResponse
                0x0000000008004de4       0x42 Core/Src/mmc_sd.o
                0x0000000008004de4                SD_GetResponse
 .text.SD_RecvData
                0x0000000008004e26       0x50 Core/Src/mmc_sd.o
                0x0000000008004e26                SD_RecvData
 .text.SD_SendBlock
                0x0000000008004e76       0x78 Core/Src/mmc_sd.o
                0x0000000008004e76                SD_SendBlock
 .text.SD_SendCmd
                0x0000000008004eee       0xa0 Core/Src/mmc_sd.o
                0x0000000008004eee                SD_SendCmd
 .text.SD_GetCSD
                0x0000000008004f8e       0x40 Core/Src/mmc_sd.o
                0x0000000008004f8e                SD_GetCSD
 .text.SD_GetSectorCount
                0x0000000008004fce       0xa2 Core/Src/mmc_sd.o
                0x0000000008004fce                SD_GetSectorCount
 .text.SD_Initialize
                0x0000000008005070      0x1e8 Core/Src/mmc_sd.o
                0x0000000008005070                SD_Initialize
 .text.SD_ReadDisk
                0x0000000008005258       0x98 Core/Src/mmc_sd.o
                0x0000000008005258                SD_ReadDisk
 .text.SD_WriteDisk
                0x00000000080052f0       0xbc Core/Src/mmc_sd.o
                0x00000000080052f0                SD_WriteDisk
 .text.HAL_MspInit
                0x00000000080053ac       0x50 Core/Src/stm32f4xx_hal_msp.o
                0x00000000080053ac                HAL_MspInit
 .text.HAL_I2C_MspInit
                0x00000000080053fc       0x90 Core/Src/stm32f4xx_hal_msp.o
                0x00000000080053fc                HAL_I2C_MspInit
 .text.HAL_I2C_MspDeInit
                0x000000000800548c       0x44 Core/Src/stm32f4xx_hal_msp.o
                0x000000000800548c                HAL_I2C_MspDeInit
 .text.HAL_I2S_MspInit
                0x00000000080054d0      0x14c Core/Src/stm32f4xx_hal_msp.o
                0x00000000080054d0                HAL_I2S_MspInit
 .text.HAL_SPI_MspInit
                0x000000000800561c       0x90 Core/Src/stm32f4xx_hal_msp.o
                0x000000000800561c                HAL_SPI_MspInit
 .text.HAL_SPI_MspDeInit
                0x00000000080056ac       0x3c Core/Src/stm32f4xx_hal_msp.o
                0x00000000080056ac                HAL_SPI_MspDeInit
 .text.HAL_UART_MspInit
                0x00000000080056e8       0x90 Core/Src/stm32f4xx_hal_msp.o
                0x00000000080056e8                HAL_UART_MspInit
 .text.HAL_InitTick
                0x0000000008005778       0xb4 Core/Src/stm32f4xx_hal_timebase_tim.o
                0x0000000008005778                HAL_InitTick
 .text.NMI_Handler
                0x000000000800582c        0x6 Core/Src/stm32f4xx_it.o
                0x000000000800582c                NMI_Handler
 .text.HardFault_Handler
                0x0000000008005832        0x6 Core/Src/stm32f4xx_it.o
                0x0000000008005832                HardFault_Handler
 .text.MemManage_Handler
                0x0000000008005838        0x6 Core/Src/stm32f4xx_it.o
                0x0000000008005838                MemManage_Handler
 .text.BusFault_Handler
                0x000000000800583e        0x6 Core/Src/stm32f4xx_it.o
                0x000000000800583e                BusFault_Handler
 .text.UsageFault_Handler
                0x0000000008005844        0x6 Core/Src/stm32f4xx_it.o
                0x0000000008005844                UsageFault_Handler
 .text.DebugMon_Handler
                0x000000000800584a        0xe Core/Src/stm32f4xx_it.o
                0x000000000800584a                DebugMon_Handler
 .text.EXTI0_IRQHandler
                0x0000000008005858        0xe Core/Src/stm32f4xx_it.o
                0x0000000008005858                EXTI0_IRQHandler
 *fill*         0x0000000008005866        0x2 
 .text.DMA1_Stream5_IRQHandler
                0x0000000008005868       0x14 Core/Src/stm32f4xx_it.o
                0x0000000008005868                DMA1_Stream5_IRQHandler
 .text.TIM6_DAC_IRQHandler
                0x000000000800587c       0x14 Core/Src/stm32f4xx_it.o
                0x000000000800587c                TIM6_DAC_IRQHandler
 .text._read    0x0000000008005890       0x3a Core/Src/syscalls.o
                0x0000000008005890                _read
 .text._write   0x00000000080058ca       0x38 Core/Src/syscalls.o
                0x00000000080058ca                _write
 .text._close   0x0000000008005902       0x18 Core/Src/syscalls.o
                0x0000000008005902                _close
 .text._fstat   0x000000000800591a       0x20 Core/Src/syscalls.o
                0x000000000800591a                _fstat
 .text._isatty  0x000000000800593a       0x16 Core/Src/syscalls.o
                0x000000000800593a                _isatty
 .text._lseek   0x0000000008005950       0x1a Core/Src/syscalls.o
                0x0000000008005950                _lseek
 *fill*         0x000000000800596a        0x2 
 .text._sbrk    0x000000000800596c       0x6c Core/Src/sysmem.o
                0x000000000800596c                _sbrk
 .text.SystemInit
                0x00000000080059d8       0x2c Core/Src/system_stm32f4xx.o
                0x00000000080059d8                SystemInit
 .text.USER_initialize
                0x0000000008005a04       0x60 Core/Src/user_diskio.o
                0x0000000008005a04                USER_initialize
 .text.USER_status
                0x0000000008005a64       0x18 Core/Src/user_diskio.o
                0x0000000008005a64                USER_status
 .text.USER_read
                0x0000000008005a7c       0x32 Core/Src/user_diskio.o
                0x0000000008005a7c                USER_read
 .text.USER_write
                0x0000000008005aae       0x32 Core/Src/user_diskio.o
                0x0000000008005aae                USER_write
 .text.USER_ioctl
                0x0000000008005ae0       0x1e Core/Src/user_diskio.o
                0x0000000008005ae0                USER_ioctl
 *fill*         0x0000000008005afe        0x2 
 .text.PlayerInit
                0x0000000008005b00       0x30 Core/Src/waveplayer.o
                0x0000000008005b00                PlayerInit
 .text.AUDIO_PLAYER_Start
                0x0000000008005b30       0xc0 Core/Src/waveplayer.o
                0x0000000008005b30                AUDIO_PLAYER_Start
 .text.AUDIO_PLAYER_Process
                0x0000000008005bf0      0x23c Core/Src/waveplayer.o
                0x0000000008005bf0                AUDIO_PLAYER_Process
 .text.AUDIO_OUT_TransferComplete_CallBack
                0x0000000008005e2c       0x28 Core/Src/waveplayer.o
                0x0000000008005e2c                AUDIO_OUT_TransferComplete_CallBack
 .text.AUDIO_OUT_HalfTransfer_CallBack
                0x0000000008005e54       0x28 Core/Src/waveplayer.o
                0x0000000008005e54                AUDIO_OUT_HalfTransfer_CallBack
 .text.Reset_Handler
                0x0000000008005e7c       0x50 Core/Startup/startup_stm32f407vgtx.o
                0x0000000008005e7c                Reset_Handler
 .text.Default_Handler
                0x0000000008005ecc        0x2 Core/Startup/startup_stm32f407vgtx.o
                0x0000000008005ecc                RTC_Alarm_IRQHandler
                0x0000000008005ecc                HASH_RNG_IRQHandler
                0x0000000008005ecc                EXTI2_IRQHandler
                0x0000000008005ecc                TIM8_CC_IRQHandler
                0x0000000008005ecc                TIM1_CC_IRQHandler
                0x0000000008005ecc                DMA2_Stream5_IRQHandler
                0x0000000008005ecc                PVD_IRQHandler
                0x0000000008005ecc                SDIO_IRQHandler
                0x0000000008005ecc                TAMP_STAMP_IRQHandler
                0x0000000008005ecc                CAN2_RX1_IRQHandler
                0x0000000008005ecc                EXTI3_IRQHandler
                0x0000000008005ecc                TIM8_TRG_COM_TIM14_IRQHandler
                0x0000000008005ecc                TIM1_UP_TIM10_IRQHandler
                0x0000000008005ecc                TIM8_UP_TIM13_IRQHandler
                0x0000000008005ecc                I2C3_ER_IRQHandler
                0x0000000008005ecc                I2C2_EV_IRQHandler
                0x0000000008005ecc                DMA1_Stream2_IRQHandler
                0x0000000008005ecc                CAN1_RX0_IRQHandler
                0x0000000008005ecc                FPU_IRQHandler
                0x0000000008005ecc                OTG_HS_WKUP_IRQHandler
                0x0000000008005ecc                CAN2_SCE_IRQHandler
                0x0000000008005ecc                DMA2_Stream2_IRQHandler
                0x0000000008005ecc                SPI1_IRQHandler
                0x0000000008005ecc                TIM1_BRK_TIM9_IRQHandler
                0x0000000008005ecc                DCMI_IRQHandler
                0x0000000008005ecc                CAN2_RX0_IRQHandler
                0x0000000008005ecc                DMA2_Stream3_IRQHandler
                0x0000000008005ecc                USART6_IRQHandler
                0x0000000008005ecc                USART3_IRQHandler
                0x0000000008005ecc                CAN1_RX1_IRQHandler
                0x0000000008005ecc                UART5_IRQHandler
                0x0000000008005ecc                DMA2_Stream0_IRQHandler
                0x0000000008005ecc                TIM4_IRQHandler
                0x0000000008005ecc                I2C1_EV_IRQHandler
                0x0000000008005ecc                DMA1_Stream6_IRQHandler
                0x0000000008005ecc                DMA1_Stream1_IRQHandler
                0x0000000008005ecc                UART4_IRQHandler
                0x0000000008005ecc                TIM3_IRQHandler
                0x0000000008005ecc                RCC_IRQHandler
                0x0000000008005ecc                TIM8_BRK_TIM12_IRQHandler
                0x0000000008005ecc                Default_Handler
                0x0000000008005ecc                EXTI15_10_IRQHandler
                0x0000000008005ecc                ADC_IRQHandler
                0x0000000008005ecc                DMA1_Stream7_IRQHandler
                0x0000000008005ecc                TIM7_IRQHandler
                0x0000000008005ecc                CAN2_TX_IRQHandler
                0x0000000008005ecc                TIM5_IRQHandler
                0x0000000008005ecc                DMA2_Stream7_IRQHandler
                0x0000000008005ecc                I2C3_EV_IRQHandler
                0x0000000008005ecc                EXTI9_5_IRQHandler
                0x0000000008005ecc                RTC_WKUP_IRQHandler
                0x0000000008005ecc                ETH_WKUP_IRQHandler
                0x0000000008005ecc                SPI2_IRQHandler
                0x0000000008005ecc                OTG_HS_EP1_IN_IRQHandler
                0x0000000008005ecc                DMA1_Stream0_IRQHandler
                0x0000000008005ecc                CAN1_TX_IRQHandler
                0x0000000008005ecc                EXTI4_IRQHandler
                0x0000000008005ecc                FSMC_IRQHandler
                0x0000000008005ecc                ETH_IRQHandler
                0x0000000008005ecc                OTG_HS_EP1_OUT_IRQHandler
                0x0000000008005ecc                WWDG_IRQHandler
                0x0000000008005ecc                TIM2_IRQHandler
                0x0000000008005ecc                OTG_FS_WKUP_IRQHandler
                0x0000000008005ecc                TIM1_TRG_COM_TIM11_IRQHandler
                0x0000000008005ecc                OTG_HS_IRQHandler
                0x0000000008005ecc                EXTI1_IRQHandler
                0x0000000008005ecc                USART2_IRQHandler
                0x0000000008005ecc                I2C2_ER_IRQHandler
                0x0000000008005ecc                DMA2_Stream1_IRQHandler
                0x0000000008005ecc                CAN1_SCE_IRQHandler
                0x0000000008005ecc                FLASH_IRQHandler
                0x0000000008005ecc                DMA2_Stream4_IRQHandler
                0x0000000008005ecc                USART1_IRQHandler
                0x0000000008005ecc                OTG_FS_IRQHandler
                0x0000000008005ecc                SPI3_IRQHandler
                0x0000000008005ecc                DMA1_Stream4_IRQHandler
                0x0000000008005ecc                I2C1_ER_IRQHandler
                0x0000000008005ecc                DMA2_Stream6_IRQHandler
                0x0000000008005ecc                DMA1_Stream3_IRQHandler
 *fill*         0x0000000008005ece        0x2 
 .text.HAL_Init
                0x0000000008005ed0       0x44 Drivers/STM32F4xx_HAL_Driver/Src/stm32f4xx_hal.o
                0x0000000008005ed0                HAL_Init
 .text.HAL_IncTick
                0x0000000008005f14       0x28 Drivers/STM32F4xx_HAL_Driver/Src/stm32f4xx_hal.o
                0x0000000008005f14                HAL_IncTick
 .text.HAL_GetTick
                0x0000000008005f3c       0x18 Drivers/STM32F4xx_HAL_Driver/Src/stm32f4xx_hal.o
                0x0000000008005f3c                HAL_GetTick
 .text.HAL_Delay
                0x0000000008005f54       0x44 Drivers/STM32F4xx_HAL_Driver/Src/stm32f4xx_hal.o
                0x0000000008005f54                HAL_Delay
 .text.__NVIC_SetPriorityGrouping
                0x0000000008005f98       0x48 Drivers/STM32F4xx_HAL_Driver/Src/stm32f4xx_hal_cortex.o
 .text.__NVIC_GetPriorityGrouping
                0x0000000008005fe0       0x1c Drivers/STM32F4xx_HAL_Driver/Src/stm32f4xx_hal_cortex.o
 .text.__NVIC_EnableIRQ
                0x0000000008005ffc       0x3c Drivers/STM32F4xx_HAL_Driver/Src/stm32f4xx_hal_cortex.o
 .text.__NVIC_SetPriority
                0x0000000008006038       0x54 Drivers/STM32F4xx_HAL_Driver/Src/stm32f4xx_hal_cortex.o
 .text.NVIC_EncodePriority
                0x000000000800608c       0x66 Drivers/STM32F4xx_HAL_Driver/Src/stm32f4xx_hal_cortex.o
 .text.HAL_NVIC_SetPriorityGrouping
                0x00000000080060f2       0x16 Drivers/STM32F4xx_HAL_Driver/Src/stm32f4xx_hal_cortex.o
                0x00000000080060f2                HAL_NVIC_SetPriorityGrouping
 .text.HAL_NVIC_SetPriority
                0x0000000008006108       0x38 Drivers/STM32F4xx_HAL_Driver/Src/stm32f4xx_hal_cortex.o
                0x0000000008006108                HAL_NVIC_SetPriority
 .text.HAL_NVIC_EnableIRQ
                0x0000000008006140       0x1c Drivers/STM32F4xx_HAL_Driver/Src/stm32f4xx_hal_cortex.o
                0x0000000008006140                HAL_NVIC_EnableIRQ
 .text.HAL_DMA_Init
                0x000000000800615c      0x15c Drivers/STM32F4xx_HAL_Driver/Src/stm32f4xx_hal_dma.o
                0x000000000800615c                HAL_DMA_Init
 .text.HAL_DMA_DeInit
                0x00000000080062b8       0xbc Drivers/STM32F4xx_HAL_Driver/Src/stm32f4xx_hal_dma.o
                0x00000000080062b8                HAL_DMA_DeInit
 .text.HAL_DMA_Start_IT
                0x0000000008006374       0xb0 Drivers/STM32F4xx_HAL_Driver/Src/stm32f4xx_hal_dma.o
                0x0000000008006374                HAL_DMA_Start_IT
 .text.HAL_DMA_Abort
                0x0000000008006424       0xe0 Drivers/STM32F4xx_HAL_Driver/Src/stm32f4xx_hal_dma.o
                0x0000000008006424                HAL_DMA_Abort
 .text.HAL_DMA_IRQHandler
                0x0000000008006504      0x314 Drivers/STM32F4xx_HAL_Driver/Src/stm32f4xx_hal_dma.o
                0x0000000008006504                HAL_DMA_IRQHandler
 .text.DMA_SetConfig
                0x0000000008006818       0x5c Drivers/STM32F4xx_HAL_Driver/Src/stm32f4xx_hal_dma.o
 .text.DMA_CalcBaseAndBitshift
                0x0000000008006874       0x6c Drivers/STM32F4xx_HAL_Driver/Src/stm32f4xx_hal_dma.o
 .text.DMA_CheckFifoParam
                0x00000000080068e0       0xf4 Drivers/STM32F4xx_HAL_Driver/Src/stm32f4xx_hal_dma.o
 .text.HAL_GPIO_Init
                0x00000000080069d4      0x334 Drivers/STM32F4xx_HAL_Driver/Src/stm32f4xx_hal_gpio.o
                0x00000000080069d4                HAL_GPIO_Init
 .text.HAL_GPIO_DeInit
                0x0000000008006d08      0x1f4 Drivers/STM32F4xx_HAL_Driver/Src/stm32f4xx_hal_gpio.o
                0x0000000008006d08                HAL_GPIO_DeInit
 .text.HAL_GPIO_WritePin
                0x0000000008006efc       0x32 Drivers/STM32F4xx_HAL_Driver/Src/stm32f4xx_hal_gpio.o
                0x0000000008006efc                HAL_GPIO_WritePin
 .text.HAL_GPIO_TogglePin
                0x0000000008006f2e       0x36 Drivers/STM32F4xx_HAL_Driver/Src/stm32f4xx_hal_gpio.o
                0x0000000008006f2e                HAL_GPIO_TogglePin
 .text.HAL_GPIO_EXTI_IRQHandler
                0x0000000008006f64       0x30 Drivers/STM32F4xx_HAL_Driver/Src/stm32f4xx_hal_gpio.o
                0x0000000008006f64                HAL_GPIO_EXTI_IRQHandler
 .text.HAL_I2C_Init
                0x0000000008006f94      0x270 Drivers/STM32F4xx_HAL_Driver/Src/stm32f4xx_hal_i2c.o
                0x0000000008006f94                HAL_I2C_Init
 .text.HAL_I2C_DeInit
                0x0000000008007204       0x5e Drivers/STM32F4xx_HAL_Driver/Src/stm32f4xx_hal_i2c.o
                0x0000000008007204                HAL_I2C_DeInit
 *fill*         0x0000000008007262        0x2 
 .text.HAL_I2C_Mem_Write
                0x0000000008007264      0x1f4 Drivers/STM32F4xx_HAL_Driver/Src/stm32f4xx_hal_i2c.o
                0x0000000008007264                HAL_I2C_Mem_Write
 .text.HAL_I2C_Mem_Read
                0x0000000008007458      0x44c Drivers/STM32F4xx_HAL_Driver/Src/stm32f4xx_hal_i2c.o
                0x0000000008007458                HAL_I2C_Mem_Read
 .text.HAL_I2C_GetState
                0x00000000080078a4       0x1c Drivers/STM32F4xx_HAL_Driver/Src/stm32f4xx_hal_i2c.o
                0x00000000080078a4                HAL_I2C_GetState
 .text.I2C_RequestMemoryWrite
                0x00000000080078c0      0x12c Drivers/STM32F4xx_HAL_Driver/Src/stm32f4xx_hal_i2c.o
 .text.I2C_RequestMemoryRead
                0x00000000080079ec      0x1d0 Drivers/STM32F4xx_HAL_Driver/Src/stm32f4xx_hal_i2c.o
 .text.I2C_WaitOnFlagUntilTimeout
                0x0000000008007bbc       0xae Drivers/STM32F4xx_HAL_Driver/Src/stm32f4xx_hal_i2c.o
 .text.I2C_WaitOnMasterAddressFlagUntilTimeout
                0x0000000008007c6a       0xfe Drivers/STM32F4xx_HAL_Driver/Src/stm32f4xx_hal_i2c.o
 .text.I2C_WaitOnTXEFlagUntilTimeout
                0x0000000008007d68       0x82 Drivers/STM32F4xx_HAL_Driver/Src/stm32f4xx_hal_i2c.o
 .text.I2C_WaitOnBTFFlagUntilTimeout
                0x0000000008007dea       0x82 Drivers/STM32F4xx_HAL_Driver/Src/stm32f4xx_hal_i2c.o
 .text.I2C_WaitOnRXNEFlagUntilTimeout
                0x0000000008007e6c       0xac Drivers/STM32F4xx_HAL_Driver/Src/stm32f4xx_hal_i2c.o
 .text.I2C_IsAcknowledgeFailed
                0x0000000008007f18       0x5e Drivers/STM32F4xx_HAL_Driver/Src/stm32f4xx_hal_i2c.o
 *fill*         0x0000000008007f76        0x2 
 .text.HAL_I2S_Init
                0x0000000008007f78      0x280 Drivers/STM32F4xx_HAL_Driver/Src/stm32f4xx_hal_i2s.o
                0x0000000008007f78                HAL_I2S_Init
 .text.HAL_I2S_Transmit_DMA
                0x00000000080081f8      0x150 Drivers/STM32F4xx_HAL_Driver/Src/stm32f4xx_hal_i2s.o
                0x00000000080081f8                HAL_I2S_Transmit_DMA
 .text.HAL_I2S_DMAPause
                0x0000000008008348       0xc4 Drivers/STM32F4xx_HAL_Driver/Src/stm32f4xx_hal_i2s.o
                0x0000000008008348                HAL_I2S_DMAPause
 .text.HAL_I2S_DMAResume
                0x000000000800840c      0x128 Drivers/STM32F4xx_HAL_Driver/Src/stm32f4xx_hal_i2s.o
                0x000000000800840c                HAL_I2S_DMAResume
 .text.HAL_I2S_DMAStop
                0x0000000008008534      0x3b4 Drivers/STM32F4xx_HAL_Driver/Src/stm32f4xx_hal_i2s.o
                0x0000000008008534                HAL_I2S_DMAStop
 .text.HAL_I2S_RxCpltCallback
                0x00000000080088e8       0x14 Drivers/STM32F4xx_HAL_Driver/Src/stm32f4xx_hal_i2s.o
                0x00000000080088e8                HAL_I2S_RxCpltCallback
 .text.HAL_I2S_GetState
                0x00000000080088fc       0x1c Drivers/STM32F4xx_HAL_Driver/Src/stm32f4xx_hal_i2s.o
                0x00000000080088fc                HAL_I2S_GetState
 .text.I2S_DMATxCplt
                0x0000000008008918       0x42 Drivers/STM32F4xx_HAL_Driver/Src/stm32f4xx_hal_i2s.o
 .text.I2S_DMATxHalfCplt
                0x000000000800895a       0x1c Drivers/STM32F4xx_HAL_Driver/Src/stm32f4xx_hal_i2s.o
 .text.I2S_DMAError
                0x0000000008008976       0x4c Drivers/STM32F4xx_HAL_Driver/Src/stm32f4xx_hal_i2s.o
 .text.I2S_Transmit_IT
                0x00000000080089c2       0x5c Drivers/STM32F4xx_HAL_Driver/Src/stm32f4xx_hal_i2s.o
 .text.I2S_Receive_IT
                0x0000000008008a1e       0x5e Drivers/STM32F4xx_HAL_Driver/Src/stm32f4xx_hal_i2s.o
 .text.I2S_IRQHandler
                0x0000000008008a7c      0x114 Drivers/STM32F4xx_HAL_Driver/Src/stm32f4xx_hal_i2s.o
 .text.I2S_WaitFlagStateUntilTimeout
                0x0000000008008b90       0x72 Drivers/STM32F4xx_HAL_Driver/Src/stm32f4xx_hal_i2s.o
 *fill*         0x0000000008008c02        0x2 
 .text.HAL_I2SEx_FullDuplex_IRQHandler
                0x0000000008008c04      0x2a8 Drivers/STM32F4xx_HAL_Driver/Src/stm32f4xx_hal_i2s_ex.o
                0x0000000008008c04                HAL_I2SEx_FullDuplex_IRQHandler
 .text.HAL_I2SEx_TxRxCpltCallback
                0x0000000008008eac       0x14 Drivers/STM32F4xx_HAL_Driver/Src/stm32f4xx_hal_i2s_ex.o
                0x0000000008008eac                HAL_I2SEx_TxRxCpltCallback
 .text.I2SEx_TxISR_I2S
                0x0000000008008ec0       0x62 Drivers/STM32F4xx_HAL_Driver/Src/stm32f4xx_hal_i2s_ex.o
 *fill*         0x0000000008008f22        0x2 
 .text.I2SEx_TxISR_I2SExt
                0x0000000008008f24       0x98 Drivers/STM32F4xx_HAL_Driver/Src/stm32f4xx_hal_i2s_ex.o
 .text.I2SEx_RxISR_I2S
                0x0000000008008fbc       0x64 Drivers/STM32F4xx_HAL_Driver/Src/stm32f4xx_hal_i2s_ex.o
 .text.I2SEx_RxISR_I2SExt
                0x0000000008009020       0x98 Drivers/STM32F4xx_HAL_Driver/Src/stm32f4xx_hal_i2s_ex.o
 .text.HAL_RCC_OscConfig
                0x00000000080090b8      0x4e0 Drivers/STM32F4xx_HAL_Driver/Src/stm32f4xx_hal_rcc.o
                0x00000000080090b8                HAL_RCC_OscConfig
 .text.HAL_RCC_ClockConfig
                0x0000000008009598      0x1cc Drivers/STM32F4xx_HAL_Driver/Src/stm32f4xx_hal_rcc.o
                0x0000000008009598                HAL_RCC_ClockConfig
 .text.HAL_RCC_GetSysClockFreq
                0x0000000008009764      0x1b0 Drivers/STM32F4xx_HAL_Driver/Src/stm32f4xx_hal_rcc.o
                0x0000000008009764                HAL_RCC_GetSysClockFreq
 .text.HAL_RCC_GetHCLKFreq
                0x0000000008009914       0x18 Drivers/STM32F4xx_HAL_Driver/Src/stm32f4xx_hal_rcc.o
                0x0000000008009914                HAL_RCC_GetHCLKFreq
 .text.HAL_RCC_GetPCLK1Freq
                0x000000000800992c       0x28 Drivers/STM32F4xx_HAL_Driver/Src/stm32f4xx_hal_rcc.o
                0x000000000800992c                HAL_RCC_GetPCLK1Freq
 .text.HAL_RCC_GetPCLK2Freq
                0x0000000008009954       0x28 Drivers/STM32F4xx_HAL_Driver/Src/stm32f4xx_hal_rcc.o
                0x0000000008009954                HAL_RCC_GetPCLK2Freq
 .text.HAL_RCC_GetClockConfig
                0x000000000800997c       0x64 Drivers/STM32F4xx_HAL_Driver/Src/stm32f4xx_hal_rcc.o
                0x000000000800997c                HAL_RCC_GetClockConfig
 .text.HAL_RCCEx_PeriphCLKConfig
                0x00000000080099e0      0x1c4 Drivers/STM32F4xx_HAL_Driver/Src/stm32f4xx_hal_rcc_ex.o
                0x00000000080099e0                HAL_RCCEx_PeriphCLKConfig
 .text.HAL_RCCEx_GetPeriphCLKConfig
                0x0000000008009ba4       0x58 Drivers/STM32F4xx_HAL_Driver/Src/stm32f4xx_hal_rcc_ex.o
                0x0000000008009ba4                HAL_RCCEx_GetPeriphCLKConfig
 .text.HAL_RCCEx_GetPeriphCLKFreq
                0x0000000008009bfc       0xb8 Drivers/STM32F4xx_HAL_Driver/Src/stm32f4xx_hal_rcc_ex.o
                0x0000000008009bfc                HAL_RCCEx_GetPeriphCLKFreq
 .text.HAL_SPI_Init
                0x0000000008009cb4       0xc8 Drivers/STM32F4xx_HAL_Driver/Src/stm32f4xx_hal_spi.o
                0x0000000008009cb4                HAL_SPI_Init
 .text.HAL_SPI_DeInit
                0x0000000008009d7c       0x50 Drivers/STM32F4xx_HAL_Driver/Src/stm32f4xx_hal_spi.o
                0x0000000008009d7c                HAL_SPI_DeInit
 .text.HAL_SPI_Transmit
                0x0000000008009dcc      0x268 Drivers/STM32F4xx_HAL_Driver/Src/stm32f4xx_hal_spi.o
                0x0000000008009dcc                HAL_SPI_Transmit
 .text.HAL_SPI_Receive
                0x000000000800a034      0x212 Drivers/STM32F4xx_HAL_Driver/Src/stm32f4xx_hal_spi.o
                0x000000000800a034                HAL_SPI_Receive
 .text.HAL_SPI_TransmitReceive
                0x000000000800a246      0x344 Drivers/STM32F4xx_HAL_Driver/Src/stm32f4xx_hal_spi.o
                0x000000000800a246                HAL_SPI_TransmitReceive
 .text.SPI_WaitFlagStateUntilTimeout
                0x000000000800a58a       0xd4 Drivers/STM32F4xx_HAL_Driver/Src/stm32f4xx_hal_spi.o
 .text.SPI_EndRxTransaction
                0x000000000800a65e       0xca Drivers/STM32F4xx_HAL_Driver/Src/stm32f4xx_hal_spi.o
 .text.SPI_EndRxTxTransaction
                0x000000000800a728       0x84 Drivers/STM32F4xx_HAL_Driver/Src/stm32f4xx_hal_spi.o
 .text.HAL_TIM_Base_Init
                0x000000000800a7ac       0x56 Drivers/STM32F4xx_HAL_Driver/Src/stm32f4xx_hal_tim.o
                0x000000000800a7ac                HAL_TIM_Base_Init
 .text.HAL_TIM_Base_MspInit
                0x000000000800a802       0x14 Drivers/STM32F4xx_HAL_Driver/Src/stm32f4xx_hal_tim.o
                0x000000000800a802                HAL_TIM_Base_MspInit
 .text.HAL_TIM_Base_Start_IT
                0x000000000800a816       0x48 Drivers/STM32F4xx_HAL_Driver/Src/stm32f4xx_hal_tim.o
                0x000000000800a816                HAL_TIM_Base_Start_IT
 .text.HAL_TIM_IRQHandler
                0x000000000800a85e      0x210 Drivers/STM32F4xx_HAL_Driver/Src/stm32f4xx_hal_tim.o
                0x000000000800a85e                HAL_TIM_IRQHandler
 .text.HAL_TIM_OC_DelayElapsedCallback
                0x000000000800aa6e       0x14 Drivers/STM32F4xx_HAL_Driver/Src/stm32f4xx_hal_tim.o
                0x000000000800aa6e                HAL_TIM_OC_DelayElapsedCallback
 .text.HAL_TIM_IC_CaptureCallback
                0x000000000800aa82       0x14 Drivers/STM32F4xx_HAL_Driver/Src/stm32f4xx_hal_tim.o
                0x000000000800aa82                HAL_TIM_IC_CaptureCallback
 .text.HAL_TIM_PWM_PulseFinishedCallback
                0x000000000800aa96       0x14 Drivers/STM32F4xx_HAL_Driver/Src/stm32f4xx_hal_tim.o
                0x000000000800aa96                HAL_TIM_PWM_PulseFinishedCallback
 .text.HAL_TIM_TriggerCallback
                0x000000000800aaaa       0x14 Drivers/STM32F4xx_HAL_Driver/Src/stm32f4xx_hal_tim.o
                0x000000000800aaaa                HAL_TIM_TriggerCallback
 *fill*         0x000000000800aabe        0x2 
 .text.TIM_Base_SetConfig
                0x000000000800aac0      0x140 Drivers/STM32F4xx_HAL_Driver/Src/stm32f4xx_hal_tim.o
                0x000000000800aac0                TIM_Base_SetConfig
 .text.HAL_TIMEx_CommutCallback
                0x000000000800ac00       0x14 Drivers/STM32F4xx_HAL_Driver/Src/stm32f4xx_hal_tim_ex.o
                0x000000000800ac00                HAL_TIMEx_CommutCallback
 .text.HAL_TIMEx_BreakCallback
                0x000000000800ac14       0x14 Drivers/STM32F4xx_HAL_Driver/Src/stm32f4xx_hal_tim_ex.o
                0x000000000800ac14                HAL_TIMEx_BreakCallback
 .text.HAL_UART_Init
                0x000000000800ac28       0x9a Drivers/STM32F4xx_HAL_Driver/Src/stm32f4xx_hal_uart.o
                0x000000000800ac28                HAL_UART_Init
 .text.HAL_UART_Transmit
                0x000000000800acc2      0x132 Drivers/STM32F4xx_HAL_Driver/Src/stm32f4xx_hal_uart.o
                0x000000000800acc2                HAL_UART_Transmit
 .text.UART_WaitOnFlagUntilTimeout
                0x000000000800adf4       0x94 Drivers/STM32F4xx_HAL_Driver/Src/stm32f4xx_hal_uart.o
 .text.UART_SetConfig
                0x000000000800ae88      0x6f8 Drivers/STM32F4xx_HAL_Driver/Src/stm32f4xx_hal_uart.o
 .text.vListInsertEnd
                0x000000000800b580       0x48 FreeRTOS/list.o
                0x000000000800b580                vListInsertEnd
 .text.uxListRemove
                0x000000000800b5c8       0x54 FreeRTOS/list.o
                0x000000000800b5c8                uxListRemove
 .text.xQueueGiveFromISR
                0x000000000800b61c      0x12e FreeRTOS/queue.o
                0x000000000800b61c                xQueueGiveFromISR
 *fill*         0x000000000800b74a        0x2 
 .text.xTaskIncrementTick
                0x000000000800b74c      0x170 FreeRTOS/tasks.o
                0x000000000800b74c                xTaskIncrementTick
 .text.vTaskSwitchContext
                0x000000000800b8bc       0xb4 FreeRTOS/tasks.o
                0x000000000800b8bc                vTaskSwitchContext
 .text.xTaskRemoveFromEventList
                0x000000000800b970       0xc4 FreeRTOS/tasks.o
                0x000000000800b970                xTaskRemoveFromEventList
 .text.prvResetNextTaskUnblockTime
                0x000000000800ba34       0x40 FreeRTOS/tasks.o
 *fill*         0x000000000800ba74        0xc 
 .text.SVC_Handler
                0x000000000800ba80       0x28 FreeRTOS/portable/ARM_CM4F/port.o
                0x000000000800ba80                SVC_Handler
 *fill*         0x000000000800baa8        0x8 
 .text.PendSV_Handler
                0x000000000800bab0       0x68 FreeRTOS/portable/ARM_CM4F/port.o
                0x000000000800bab0                PendSV_Handler
 .text.SysTick_Handler
                0x000000000800bb18       0x40 FreeRTOS/portable/ARM_CM4F/port.o
                0x000000000800bb18                SysTick_Handler
 .text.vPortValidateInterruptPriority
                0x000000000800bb58       0x7c FreeRTOS/portable/ARM_CM4F/port.o
                0x000000000800bb58                vPortValidateInterruptPriority
 .text.__errno  0x000000000800bbd4        0xc /opt/st/stm32cubeide_1.5.1/plugins/com.st.stm32cube.ide.mcu.externaltools.gnu-tools-for-stm32.7-2018-q2-update.linux64_1.5.0.202011040924/tools/bin/../lib/gcc/arm-none-eabi/7.3.1/../../../../arm-none-eabi/lib/thumb/v7e-m/fpv4-sp/hard/libc_nano.a(lib_a-errno.o)
                0x000000000800bbd4                __errno
 .text.__libc_init_array
                0x000000000800bbe0       0x48 /opt/st/stm32cubeide_1.5.1/plugins/com.st.stm32cube.ide.mcu.externaltools.gnu-tools-for-stm32.7-2018-q2-update.linux64_1.5.0.202011040924/tools/bin/../lib/gcc/arm-none-eabi/7.3.1/../../../../arm-none-eabi/lib/thumb/v7e-m/fpv4-sp/hard/libc_nano.a(lib_a-init.o)
                0x000000000800bbe0                __libc_init_array
 .text.memset   0x000000000800bc28       0x10 /opt/st/stm32cubeide_1.5.1/plugins/com.st.stm32cube.ide.mcu.externaltools.gnu-tools-for-stm32.7-2018-q2-update.linux64_1.5.0.202011040924/tools/bin/../lib/gcc/arm-none-eabi/7.3.1/../../../../arm-none-eabi/lib/thumb/v7e-m/fpv4-sp/hard/libc_nano.a(lib_a-memset.o)
                0x000000000800bc28                memset
 .text.printf   0x000000000800bc38       0x30 /opt/st/stm32cubeide_1.5.1/plugins/com.st.stm32cube.ide.mcu.externaltools.gnu-tools-for-stm32.7-2018-q2-update.linux64_1.5.0.202011040924/tools/bin/../lib/gcc/arm-none-eabi/7.3.1/../../../../arm-none-eabi/lib/thumb/v7e-m/fpv4-sp/hard/libc_nano.a(lib_a-printf.o)
                0x000000000800bc38                printf
                0x000000000800bc38                iprintf
 .text._puts_r  0x000000000800bc68       0xb8 /opt/st/stm32cubeide_1.5.1/plugins/com.st.stm32cube.ide.mcu.externaltools.gnu-tools-for-stm32.7-2018-q2-update.linux64_1.5.0.202011040924/tools/bin/../lib/gcc/arm-none-eabi/7.3.1/../../../../arm-none-eabi/lib/thumb/v7e-m/fpv4-sp/hard/libc_nano.a(lib_a-puts.o)
                0x000000000800bc68                _puts_r
 .text.puts     0x000000000800bd20       0x10 /opt/st/stm32cubeide_1.5.1/plugins/com.st.stm32cube.ide.mcu.externaltools.gnu-tools-for-stm32.7-2018-q2-update.linux64_1.5.0.202011040924/tools/bin/../lib/gcc/arm-none-eabi/7.3.1/../../../../arm-none-eabi/lib/thumb/v7e-m/fpv4-sp/hard/libc_nano.a(lib_a-puts.o)
                0x000000000800bd20                puts
 .text.strncpy  0x000000000800bd30       0x2a /opt/st/stm32cubeide_1.5.1/plugins/com.st.stm32cube.ide.mcu.externaltools.gnu-tools-for-stm32.7-2018-q2-update.linux64_1.5.0.202011040924/tools/bin/../lib/gcc/arm-none-eabi/7.3.1/../../../../arm-none-eabi/lib/thumb/v7e-m/fpv4-sp/hard/libc_nano.a(lib_a-strncpy.o)
                0x000000000800bd30                strncpy
 .text.strstr   0x000000000800bd5a       0x34 /opt/st/stm32cubeide_1.5.1/plugins/com.st.stm32cube.ide.mcu.externaltools.gnu-tools-for-stm32.7-2018-q2-update.linux64_1.5.0.202011040924/tools/bin/../lib/gcc/arm-none-eabi/7.3.1/../../../../arm-none-eabi/lib/thumb/v7e-m/fpv4-sp/hard/libc_nano.a(lib_a-strstr.o)
                0x000000000800bd5a                strstr
 *fill*         0x000000000800bd8e        0x2 
 .text.__swbuf_r
                0x000000000800bd90       0xa4 /opt/st/stm32cubeide_1.5.1/plugins/com.st.stm32cube.ide.mcu.externaltools.gnu-tools-for-stm32.7-2018-q2-update.linux64_1.5.0.202011040924/tools/bin/../lib/gcc/arm-none-eabi/7.3.1/../../../../arm-none-eabi/lib/thumb/v7e-m/fpv4-sp/hard/libc_nano.a(lib_a-wbuf.o)
                0x000000000800bd90                __swbuf_r
 .text.__swsetup_r
                0x000000000800be34       0xdc /opt/st/stm32cubeide_1.5.1/plugins/com.st.stm32cube.ide.mcu.externaltools.gnu-tools-for-stm32.7-2018-q2-update.linux64_1.5.0.202011040924/tools/bin/../lib/gcc/arm-none-eabi/7.3.1/../../../../arm-none-eabi/lib/thumb/v7e-m/fpv4-sp/hard/libc_nano.a(lib_a-wsetup.o)
                0x000000000800be34                __swsetup_r
 .text.__sflush_r
                0x000000000800bf10      0x10c /opt/st/stm32cubeide_1.5.1/plugins/com.st.stm32cube.ide.mcu.externaltools.gnu-tools-for-stm32.7-2018-q2-update.linux64_1.5.0.202011040924/tools/bin/../lib/gcc/arm-none-eabi/7.3.1/../../../../arm-none-eabi/lib/thumb/v7e-m/fpv4-sp/hard/libc_nano.a(lib_a-fflush.o)
                0x000000000800bf10                __sflush_r
 .text._fflush_r
                0x000000000800c01c       0x54 /opt/st/stm32cubeide_1.5.1/plugins/com.st.stm32cube.ide.mcu.externaltools.gnu-tools-for-stm32.7-2018-q2-update.linux64_1.5.0.202011040924/tools/bin/../lib/gcc/arm-none-eabi/7.3.1/../../../../arm-none-eabi/lib/thumb/v7e-m/fpv4-sp/hard/libc_nano.a(lib_a-fflush.o)
                0x000000000800c01c                _fflush_r
 .text.std      0x000000000800c070       0x48 /opt/st/stm32cubeide_1.5.1/plugins/com.st.stm32cube.ide.mcu.externaltools.gnu-tools-for-stm32.7-2018-q2-update.linux64_1.5.0.202011040924/tools/bin/../lib/gcc/arm-none-eabi/7.3.1/../../../../arm-none-eabi/lib/thumb/v7e-m/fpv4-sp/hard/libc_nano.a(lib_a-findfp.o)
 .text._cleanup_r
                0x000000000800c0b8        0xc /opt/st/stm32cubeide_1.5.1/plugins/com.st.stm32cube.ide.mcu.externaltools.gnu-tools-for-stm32.7-2018-q2-update.linux64_1.5.0.202011040924/tools/bin/../lib/gcc/arm-none-eabi/7.3.1/../../../../arm-none-eabi/lib/thumb/v7e-m/fpv4-sp/hard/libc_nano.a(lib_a-findfp.o)
                0x000000000800c0b8                _cleanup_r
 .text.__sfmoreglue
                0x000000000800c0c4       0x2c /opt/st/stm32cubeide_1.5.1/plugins/com.st.stm32cube.ide.mcu.externaltools.gnu-tools-for-stm32.7-2018-q2-update.linux64_1.5.0.202011040924/tools/bin/../lib/gcc/arm-none-eabi/7.3.1/../../../../arm-none-eabi/lib/thumb/v7e-m/fpv4-sp/hard/libc_nano.a(lib_a-findfp.o)
                0x000000000800c0c4                __sfmoreglue
 .text.__sinit  0x000000000800c0f0       0x60 /opt/st/stm32cubeide_1.5.1/plugins/com.st.stm32cube.ide.mcu.externaltools.gnu-tools-for-stm32.7-2018-q2-update.linux64_1.5.0.202011040924/tools/bin/../lib/gcc/arm-none-eabi/7.3.1/../../../../arm-none-eabi/lib/thumb/v7e-m/fpv4-sp/hard/libc_nano.a(lib_a-findfp.o)
                0x000000000800c0f0                __sinit
 .text.__sfp    0x000000000800c150       0x78 /opt/st/stm32cubeide_1.5.1/plugins/com.st.stm32cube.ide.mcu.externaltools.gnu-tools-for-stm32.7-2018-q2-update.linux64_1.5.0.202011040924/tools/bin/../lib/gcc/arm-none-eabi/7.3.1/../../../../arm-none-eabi/lib/thumb/v7e-m/fpv4-sp/hard/libc_nano.a(lib_a-findfp.o)
                0x000000000800c150                __sfp
 .text._fwalk_reent
                0x000000000800c1c8       0x3c /opt/st/stm32cubeide_1.5.1/plugins/com.st.stm32cube.ide.mcu.externaltools.gnu-tools-for-stm32.7-2018-q2-update.linux64_1.5.0.202011040924/tools/bin/../lib/gcc/arm-none-eabi/7.3.1/../../../../arm-none-eabi/lib/thumb/v7e-m/fpv4-sp/hard/libc_nano.a(lib_a-fwalk.o)
                0x000000000800c1c8                _fwalk_reent
 .text.__swhatbuf_r
                0x000000000800c204       0x48 /opt/st/stm32cubeide_1.5.1/plugins/com.st.stm32cube.ide.mcu.externaltools.gnu-tools-for-stm32.7-2018-q2-update.linux64_1.5.0.202011040924/tools/bin/../lib/gcc/arm-none-eabi/7.3.1/../../../../arm-none-eabi/lib/thumb/v7e-m/fpv4-sp/hard/libc_nano.a(lib_a-makebuf.o)
                0x000000000800c204                __swhatbuf_r
 .text.__smakebuf_r
                0x000000000800c24c       0x80 /opt/st/stm32cubeide_1.5.1/plugins/com.st.stm32cube.ide.mcu.externaltools.gnu-tools-for-stm32.7-2018-q2-update.linux64_1.5.0.202011040924/tools/bin/../lib/gcc/arm-none-eabi/7.3.1/../../../../arm-none-eabi/lib/thumb/v7e-m/fpv4-sp/hard/libc_nano.a(lib_a-makebuf.o)
                0x000000000800c24c                __smakebuf_r
 .text._free_r  0x000000000800c2cc       0x9c /opt/st/stm32cubeide_1.5.1/plugins/com.st.stm32cube.ide.mcu.externaltools.gnu-tools-for-stm32.7-2018-q2-update.linux64_1.5.0.202011040924/tools/bin/../lib/gcc/arm-none-eabi/7.3.1/../../../../arm-none-eabi/lib/thumb/v7e-m/fpv4-sp/hard/libc_nano.a(lib_a-nano-freer.o)
                0x000000000800c2cc                _free_r
 .text._malloc_r
                0x000000000800c368       0xb4 /opt/st/stm32cubeide_1.5.1/plugins/com.st.stm32cube.ide.mcu.externaltools.gnu-tools-for-stm32.7-2018-q2-update.linux64_1.5.0.202011040924/tools/bin/../lib/gcc/arm-none-eabi/7.3.1/../../../../arm-none-eabi/lib/thumb/v7e-m/fpv4-sp/hard/libc_nano.a(lib_a-nano-mallocr.o)
                0x000000000800c368                _malloc_r
 .text.__sfputc_r
                0x000000000800c41c       0x2e /opt/st/stm32cubeide_1.5.1/plugins/com.st.stm32cube.ide.mcu.externaltools.gnu-tools-for-stm32.7-2018-q2-update.linux64_1.5.0.202011040924/tools/bin/../lib/gcc/arm-none-eabi/7.3.1/../../../../arm-none-eabi/lib/thumb/v7e-m/fpv4-sp/hard/libc_nano.a(lib_a-nano-vfprintf.o)
 .text.__sfputs_r
                0x000000000800c44a       0x24 /opt/st/stm32cubeide_1.5.1/plugins/com.st.stm32cube.ide.mcu.externaltools.gnu-tools-for-stm32.7-2018-q2-update.linux64_1.5.0.202011040924/tools/bin/../lib/gcc/arm-none-eabi/7.3.1/../../../../arm-none-eabi/lib/thumb/v7e-m/fpv4-sp/hard/libc_nano.a(lib_a-nano-vfprintf.o)
                0x000000000800c44a                __sfputs_r
 *fill*         0x000000000800c46e        0x2 
 .text._vfprintf_r
                0x000000000800c470      0x22c /opt/st/stm32cubeide_1.5.1/plugins/com.st.stm32cube.ide.mcu.externaltools.gnu-tools-for-stm32.7-2018-q2-update.linux64_1.5.0.202011040924/tools/bin/../lib/gcc/arm-none-eabi/7.3.1/../../../../arm-none-eabi/lib/thumb/v7e-m/fpv4-sp/hard/libc_nano.a(lib_a-nano-vfprintf.o)
                0x000000000800c470                _vfiprintf_r
                0x000000000800c470                _vfprintf_r
 .text._printf_common
                0x000000000800c69c       0xea /opt/st/stm32cubeide_1.5.1/plugins/com.st.stm32cube.ide.mcu.externaltools.gnu-tools-for-stm32.7-2018-q2-update.linux64_1.5.0.202011040924/tools/bin/../lib/gcc/arm-none-eabi/7.3.1/../../../../arm-none-eabi/lib/thumb/v7e-m/fpv4-sp/hard/libc_nano.a(lib_a-nano-vfprintf_i.o)
                0x000000000800c69c                _printf_common
 *fill*         0x000000000800c786        0x2 
 .text._printf_i
                0x000000000800c788      0x224 /opt/st/stm32cubeide_1.5.1/plugins/com.st.stm32cube.ide.mcu.externaltools.gnu-tools-for-stm32.7-2018-q2-update.linux64_1.5.0.202011040924/tools/bin/../lib/gcc/arm-none-eabi/7.3.1/../../../../arm-none-eabi/lib/thumb/v7e-m/fpv4-sp/hard/libc_nano.a(lib_a-nano-vfprintf_i.o)
                0x000000000800c788                _printf_i
 .text._sbrk_r  0x000000000800c9ac       0x20 /opt/st/stm32cubeide_1.5.1/plugins/com.st.stm32cube.ide.mcu.externaltools.gnu-tools-for-stm32.7-2018-q2-update.linux64_1.5.0.202011040924/tools/bin/../lib/gcc/arm-none-eabi/7.3.1/../../../../arm-none-eabi/lib/thumb/v7e-m/fpv4-sp/hard/libc_nano.a(lib_a-sbrkr.o)
                0x000000000800c9ac                _sbrk_r
 .text.__sread  0x000000000800c9cc       0x22 /opt/st/stm32cubeide_1.5.1/plugins/com.st.stm32cube.ide.mcu.externaltools.gnu-tools-for-stm32.7-2018-q2-update.linux64_1.5.0.202011040924/tools/bin/../lib/gcc/arm-none-eabi/7.3.1/../../../../arm-none-eabi/lib/thumb/v7e-m/fpv4-sp/hard/libc_nano.a(lib_a-stdio.o)
                0x000000000800c9cc                __sread
 .text.__swrite
                0x000000000800c9ee       0x38 /opt/st/stm32cubeide_1.5.1/plugins/com.st.stm32cube.ide.mcu.externaltools.gnu-tools-for-stm32.7-2018-q2-update.linux64_1.5.0.202011040924/tools/bin/../lib/gcc/arm-none-eabi/7.3.1/../../../../arm-none-eabi/lib/thumb/v7e-m/fpv4-sp/hard/libc_nano.a(lib_a-stdio.o)
                0x000000000800c9ee                __swrite
 .text.__sseek  0x000000000800ca26       0x24 /opt/st/stm32cubeide_1.5.1/plugins/com.st.stm32cube.ide.mcu.externaltools.gnu-tools-for-stm32.7-2018-q2-update.linux64_1.5.0.202011040924/tools/bin/../lib/gcc/arm-none-eabi/7.3.1/../../../../arm-none-eabi/lib/thumb/v7e-m/fpv4-sp/hard/libc_nano.a(lib_a-stdio.o)
                0x000000000800ca26                __sseek
 .text.__sclose
                0x000000000800ca4a        0x8 /opt/st/stm32cubeide_1.5.1/plugins/com.st.stm32cube.ide.mcu.externaltools.gnu-tools-for-stm32.7-2018-q2-update.linux64_1.5.0.202011040924/tools/bin/../lib/gcc/arm-none-eabi/7.3.1/../../../../arm-none-eabi/lib/thumb/v7e-m/fpv4-sp/hard/libc_nano.a(lib_a-stdio.o)
                0x000000000800ca4a                __sclose
 *fill*         0x000000000800ca52        0x2 
 .text._write_r
                0x000000000800ca54       0x24 /opt/st/stm32cubeide_1.5.1/plugins/com.st.stm32cube.ide.mcu.externaltools.gnu-tools-for-stm32.7-2018-q2-update.linux64_1.5.0.202011040924/tools/bin/../lib/gcc/arm-none-eabi/7.3.1/../../../../arm-none-eabi/lib/thumb/v7e-m/fpv4-sp/hard/libc_nano.a(lib_a-writer.o)
                0x000000000800ca54                _write_r
 .text._close_r
                0x000000000800ca78       0x20 /opt/st/stm32cubeide_1.5.1/plugins/com.st.stm32cube.ide.mcu.externaltools.gnu-tools-for-stm32.7-2018-q2-update.linux64_1.5.0.202011040924/tools/bin/../lib/gcc/arm-none-eabi/7.3.1/../../../../arm-none-eabi/lib/thumb/v7e-m/fpv4-sp/hard/libc_nano.a(lib_a-closer.o)
                0x000000000800ca78                _close_r
 .text._fstat_r
                0x000000000800ca98       0x24 /opt/st/stm32cubeide_1.5.1/plugins/com.st.stm32cube.ide.mcu.externaltools.gnu-tools-for-stm32.7-2018-q2-update.linux64_1.5.0.202011040924/tools/bin/../lib/gcc/arm-none-eabi/7.3.1/../../../../arm-none-eabi/lib/thumb/v7e-m/fpv4-sp/hard/libc_nano.a(lib_a-fstatr.o)
                0x000000000800ca98                _fstat_r
 .text._isatty_r
                0x000000000800cabc       0x20 /opt/st/stm32cubeide_1.5.1/plugins/com.st.stm32cube.ide.mcu.externaltools.gnu-tools-for-stm32.7-2018-q2-update.linux64_1.5.0.202011040924/tools/bin/../lib/gcc/arm-none-eabi/7.3.1/../../../../arm-none-eabi/lib/thumb/v7e-m/fpv4-sp/hard/libc_nano.a(lib_a-isattyr.o)
                0x000000000800cabc                _isatty_r
 .text._lseek_r
                0x000000000800cadc       0x24 /opt/st/stm32cubeide_1.5.1/plugins/com.st.stm32cube.ide.mcu.externaltools.gnu-tools-for-stm32.7-2018-q2-update.linux64_1.5.0.202011040924/tools/bin/../lib/gcc/arm-none-eabi/7.3.1/../../../../arm-none-eabi/lib/thumb/v7e-m/fpv4-sp/hard/libc_nano.a(lib_a-lseekr.o)
                0x000000000800cadc                _lseek_r
 .text.__malloc_lock
                0x000000000800cb00        0x2 /opt/st/stm32cubeide_1.5.1/plugins/com.st.stm32cube.ide.mcu.externaltools.gnu-tools-for-stm32.7-2018-q2-update.linux64_1.5.0.202011040924/tools/bin/../lib/gcc/arm-none-eabi/7.3.1/../../../../arm-none-eabi/lib/thumb/v7e-m/fpv4-sp/hard/libc_nano.a(lib_a-mlock.o)
                0x000000000800cb00                __malloc_lock
 .text.__malloc_unlock
                0x000000000800cb02        0x2 /opt/st/stm32cubeide_1.5.1/plugins/com.st.stm32cube.ide.mcu.externaltools.gnu-tools-for-stm32.7-2018-q2-update.linux64_1.5.0.202011040924/tools/bin/../lib/gcc/arm-none-eabi/7.3.1/../../../../arm-none-eabi/lib/thumb/v7e-m/fpv4-sp/hard/libc_nano.a(lib_a-mlock.o)
                0x000000000800cb02                __malloc_unlock
 .text._read_r  0x000000000800cb04       0x24 /opt/st/stm32cubeide_1.5.1/plugins/com.st.stm32cube.ide.mcu.externaltools.gnu-tools-for-stm32.7-2018-q2-update.linux64_1.5.0.202011040924/tools/bin/../lib/gcc/arm-none-eabi/7.3.1/../../../../arm-none-eabi/lib/thumb/v7e-m/fpv4-sp/hard/libc_nano.a(lib_a-readr.o)
                0x000000000800cb04                _read_r
 *(.glue_7)
 .glue_7        0x000000000800cb28        0x0 linker stubs
 *(.glue_7t)
 .glue_7t       0x000000000800cb28        0x0 linker stubs
 *(.eh_frame)
 .eh_frame      0x000000000800cb28        0x0 /opt/st/stm32cubeide_1.5.1/plugins/com.st.stm32cube.ide.mcu.externaltools.gnu-tools-for-stm32.7-2018-q2-update.linux64_1.5.0.202011040924/tools/bin/../lib/gcc/arm-none-eabi/7.3.1/thumb/v7e-m/fpv4-sp/hard/crtbegin.o
 *(.init)
 .init          0x000000000800cb28        0x4 /opt/st/stm32cubeide_1.5.1/plugins/com.st.stm32cube.ide.mcu.externaltools.gnu-tools-for-stm32.7-2018-q2-update.linux64_1.5.0.202011040924/tools/bin/../lib/gcc/arm-none-eabi/7.3.1/thumb/v7e-m/fpv4-sp/hard/crti.o
                0x000000000800cb28                _init
 .init          0x000000000800cb2c        0x8 /opt/st/stm32cubeide_1.5.1/plugins/com.st.stm32cube.ide.mcu.externaltools.gnu-tools-for-stm32.7-2018-q2-update.linux64_1.5.0.202011040924/tools/bin/../lib/gcc/arm-none-eabi/7.3.1/thumb/v7e-m/fpv4-sp/hard/crtn.o
 *(.fini)
 .fini          0x000000000800cb34        0x4 /opt/st/stm32cubeide_1.5.1/plugins/com.st.stm32cube.ide.mcu.externaltools.gnu-tools-for-stm32.7-2018-q2-update.linux64_1.5.0.202011040924/tools/bin/../lib/gcc/arm-none-eabi/7.3.1/thumb/v7e-m/fpv4-sp/hard/crti.o
                0x000000000800cb34                _fini
 .fini          0x000000000800cb38        0x8 /opt/st/stm32cubeide_1.5.1/plugins/com.st.stm32cube.ide.mcu.externaltools.gnu-tools-for-stm32.7-2018-q2-update.linux64_1.5.0.202011040924/tools/bin/../lib/gcc/arm-none-eabi/7.3.1/thumb/v7e-m/fpv4-sp/hard/crtn.o
                0x000000000800cb40                . = ALIGN (0x4)
                0x000000000800cb40                _etext = .

.vfp11_veneer   0x000000000800cb40        0x0
 .vfp11_veneer  0x000000000800cb40        0x0 linker stubs

.v4_bx          0x000000000800cb40        0x0
 .v4_bx         0x000000000800cb40        0x0 linker stubs

.iplt           0x000000000800cb40        0x0
 .iplt          0x000000000800cb40        0x0 /opt/st/stm32cubeide_1.5.1/plugins/com.st.stm32cube.ide.mcu.externaltools.gnu-tools-for-stm32.7-2018-q2-update.linux64_1.5.0.202011040924/tools/bin/../lib/gcc/arm-none-eabi/7.3.1/thumb/v7e-m/fpv4-sp/hard/crtbegin.o

.rodata         0x000000000800cb40      0x448
                0x000000000800cb40                . = ALIGN (0x4)
 *(.rodata)
 .rodata        0x000000000800cb40        0x8 Core/Src/File_Handling.o
 .rodata        0x000000000800cb48       0x2b Core/Src/fatfs.o
 *fill*         0x000000000800cb73        0x1 
 .rodata        0x000000000800cb74       0x44 Core/Src/ff.o
 .rodata        0x000000000800cbb8      0x117 Core/Src/fops.o
 *fill*         0x000000000800cccf        0x1 
 .rodata        0x000000000800ccd0       0xf0 Core/Src/main.o
 .rodata        0x000000000800cdc0       0x2e Core/Src/user_diskio.o
 *(.rodata*)
 *fill*         0x000000000800cdee        0x2 
 .rodata.I2SFreq
                0x000000000800cdf0       0x20 Core/Src/AUDIO.o
                0x000000000800cdf0                I2SFreq
 .rodata.I2SPLLN
                0x000000000800ce10       0x20 Core/Src/AUDIO.o
                0x000000000800ce10                I2SPLLN
 .rodata.I2SPLLR
                0x000000000800ce30       0x20 Core/Src/AUDIO.o
                0x000000000800ce30                I2SPLLR
 .rodata.ExCvt  0x000000000800ce50       0x80 Core/Src/ff.o
 .rodata.AHBPrescTable
                0x000000000800ced0       0x10 Core/Src/system_stm32f4xx.o
                0x000000000800ced0                AHBPrescTable
 .rodata.APBPrescTable
                0x000000000800cee0        0x8 Core/Src/system_stm32f4xx.o
                0x000000000800cee0                APBPrescTable
 .rodata.flagBitshiftOffset.8604
                0x000000000800cee8        0x8 Drivers/STM32F4xx_HAL_Driver/Src/stm32f4xx_hal_dma.o
 .rodata._global_impure_ptr
                0x000000000800cef0        0x4 /opt/st/stm32cubeide_1.5.1/plugins/com.st.stm32cube.ide.mcu.externaltools.gnu-tools-for-stm32.7-2018-q2-update.linux64_1.5.0.202011040924/tools/bin/../lib/gcc/arm-none-eabi/7.3.1/../../../../arm-none-eabi/lib/thumb/v7e-m/fpv4-sp/hard/libc_nano.a(lib_a-impure.o)
                0x000000000800cef0                _global_impure_ptr
 .rodata.__sf_fake_stderr
                0x000000000800cef4       0x20 /opt/st/stm32cubeide_1.5.1/plugins/com.st.stm32cube.ide.mcu.externaltools.gnu-tools-for-stm32.7-2018-q2-update.linux64_1.5.0.202011040924/tools/bin/../lib/gcc/arm-none-eabi/7.3.1/../../../../arm-none-eabi/lib/thumb/v7e-m/fpv4-sp/hard/libc_nano.a(lib_a-findfp.o)
                0x000000000800cef4                __sf_fake_stderr
 .rodata.__sf_fake_stdin
                0x000000000800cf14       0x20 /opt/st/stm32cubeide_1.5.1/plugins/com.st.stm32cube.ide.mcu.externaltools.gnu-tools-for-stm32.7-2018-q2-update.linux64_1.5.0.202011040924/tools/bin/../lib/gcc/arm-none-eabi/7.3.1/../../../../arm-none-eabi/lib/thumb/v7e-m/fpv4-sp/hard/libc_nano.a(lib_a-findfp.o)
                0x000000000800cf14                __sf_fake_stdin
 .rodata.__sf_fake_stdout
                0x000000000800cf34       0x20 /opt/st/stm32cubeide_1.5.1/plugins/com.st.stm32cube.ide.mcu.externaltools.gnu-tools-for-stm32.7-2018-q2-update.linux64_1.5.0.202011040924/tools/bin/../lib/gcc/arm-none-eabi/7.3.1/../../../../arm-none-eabi/lib/thumb/v7e-m/fpv4-sp/hard/libc_nano.a(lib_a-findfp.o)
                0x000000000800cf34                __sf_fake_stdout
 .rodata._vfprintf_r.str1.1
                0x000000000800cf54       0x11 /opt/st/stm32cubeide_1.5.1/plugins/com.st.stm32cube.ide.mcu.externaltools.gnu-tools-for-stm32.7-2018-q2-update.linux64_1.5.0.202011040924/tools/bin/../lib/gcc/arm-none-eabi/7.3.1/../../../../arm-none-eabi/lib/thumb/v7e-m/fpv4-sp/hard/libc_nano.a(lib_a-nano-vfprintf.o)
 .rodata._printf_i.str1.1
                0x000000000800cf65       0x22 /opt/st/stm32cubeide_1.5.1/plugins/com.st.stm32cube.ide.mcu.externaltools.gnu-tools-for-stm32.7-2018-q2-update.linux64_1.5.0.202011040924/tools/bin/../lib/gcc/arm-none-eabi/7.3.1/../../../../arm-none-eabi/lib/thumb/v7e-m/fpv4-sp/hard/libc_nano.a(lib_a-nano-vfprintf_i.o)
                0x000000000800cf88                . = ALIGN (0x4)
 *fill*         0x000000000800cf87        0x1 

.ARM.extab      0x000000000800cf88        0x0
                0x000000000800cf88                . = ALIGN (0x4)
 *(.ARM.extab* .gnu.linkonce.armextab.*)
                0x000000000800cf88                . = ALIGN (0x4)

.ARM            0x000000000800cf88        0x8
                0x000000000800cf88                . = ALIGN (0x4)
                0x000000000800cf88                __exidx_start = .
 *(.ARM.exidx*)
 .ARM.exidx     0x000000000800cf88        0x8 /opt/st/stm32cubeide_1.5.1/plugins/com.st.stm32cube.ide.mcu.externaltools.gnu-tools-for-stm32.7-2018-q2-update.linux64_1.5.0.202011040924/tools/bin/../lib/gcc/arm-none-eabi/7.3.1/thumb/v7e-m/fpv4-sp/hard/libgcc.a(_udivmoddi4.o)
                0x000000000800cf90                __exidx_end = .
                0x000000000800cf90                . = ALIGN (0x4)

.rel.dyn        0x000000000800cf90        0x0
 .rel.iplt      0x000000000800cf90        0x0 /opt/st/stm32cubeide_1.5.1/plugins/com.st.stm32cube.ide.mcu.externaltools.gnu-tools-for-stm32.7-2018-q2-update.linux64_1.5.0.202011040924/tools/bin/../lib/gcc/arm-none-eabi/7.3.1/thumb/v7e-m/fpv4-sp/hard/crtbegin.o

.preinit_array  0x000000000800cf90        0x0
                0x000000000800cf90                . = ALIGN (0x4)
                0x000000000800cf90                PROVIDE (__preinit_array_start = .)
 *(.preinit_array*)
                0x000000000800cf90                PROVIDE (__preinit_array_end = .)
                0x000000000800cf90                . = ALIGN (0x4)

.init_array     0x000000000800cf90        0x4
                0x000000000800cf90                . = ALIGN (0x4)
                0x000000000800cf90                PROVIDE (__init_array_start = .)
 *(SORT_BY_NAME(.init_array.*))
 *(.init_array*)
 .init_array    0x000000000800cf90        0x4 /opt/st/stm32cubeide_1.5.1/plugins/com.st.stm32cube.ide.mcu.externaltools.gnu-tools-for-stm32.7-2018-q2-update.linux64_1.5.0.202011040924/tools/bin/../lib/gcc/arm-none-eabi/7.3.1/thumb/v7e-m/fpv4-sp/hard/crtbegin.o
                0x000000000800cf94                PROVIDE (__init_array_end = .)
                0x000000000800cf94                . = ALIGN (0x4)

.fini_array     0x000000000800cf94        0x4
                0x000000000800cf94                . = ALIGN (0x4)
                [!provide]                        PROVIDE (__fini_array_start = .)
 *(SORT_BY_NAME(.fini_array.*))
 *(.fini_array*)
 .fini_array    0x000000000800cf94        0x4 /opt/st/stm32cubeide_1.5.1/plugins/com.st.stm32cube.ide.mcu.externaltools.gnu-tools-for-stm32.7-2018-q2-update.linux64_1.5.0.202011040924/tools/bin/../lib/gcc/arm-none-eabi/7.3.1/thumb/v7e-m/fpv4-sp/hard/crtbegin.o
                [!provide]                        PROVIDE (__fini_array_end = .)
                0x000000000800cf98                . = ALIGN (0x4)
                0x000000000800cf98                _sidata = LOADADDR (.data)

.data           0x0000000020000000       0xc4 load address 0x000000000800cf98
                0x0000000020000000                . = ALIGN (0x4)
                0x0000000020000000                _sdata = .
 *(.data)
 *(.data*)
 .data.I2cxTimeout
                0x0000000020000000        0x4 Core/Src/AUDIO_LINK.o
                0x0000000020000000                I2cxTimeout
 .data.cs43l22_drv
                0x0000000020000004       0x30 Core/Src/cs43l22.o
                0x0000000020000004                cs43l22_drv
 .data.Is_cs43l22_Stop
                0x0000000020000034        0x1 Core/Src/cs43l22.o
 .data.flag     0x0000000020000035        0x1 Core/Src/main.o
                0x0000000020000035                flag
 *fill*         0x0000000020000036        0x2 
 .data.SystemCoreClock
                0x0000000020000038        0x4 Core/Src/system_stm32f4xx.o
                0x0000000020000038                SystemCoreClock
 .data.Stat     0x000000002000003c        0x1 Core/Src/user_diskio.o
 *fill*         0x000000002000003d        0x3 
 .data.USER_Driver
                0x0000000020000040       0x14 Core/Src/user_diskio.o
                0x0000000020000040                USER_Driver
 .data.uwVolume
                0x0000000020000054        0x4 Core/Src/waveplayer.o
 .data.uwTickPrio
                0x0000000020000058        0x4 Drivers/STM32F4xx_HAL_Driver/Src/stm32f4xx_hal.o
                0x0000000020000058                uwTickPrio
 .data.uwTickFreq
                0x000000002000005c        0x1 Drivers/STM32F4xx_HAL_Driver/Src/stm32f4xx_hal.o
                0x000000002000005c                uwTickFreq
 *fill*         0x000000002000005d        0x3 
 .data._impure_ptr
                0x0000000020000060        0x4 /opt/st/stm32cubeide_1.5.1/plugins/com.st.stm32cube.ide.mcu.externaltools.gnu-tools-for-stm32.7-2018-q2-update.linux64_1.5.0.202011040924/tools/bin/../lib/gcc/arm-none-eabi/7.3.1/../../../../arm-none-eabi/lib/thumb/v7e-m/fpv4-sp/hard/libc_nano.a(lib_a-impure.o)
                0x0000000020000060                _impure_ptr
 .data.impure_data
                0x0000000020000064       0x60 /opt/st/stm32cubeide_1.5.1/plugins/com.st.stm32cube.ide.mcu.externaltools.gnu-tools-for-stm32.7-2018-q2-update.linux64_1.5.0.202011040924/tools/bin/../lib/gcc/arm-none-eabi/7.3.1/../../../../arm-none-eabi/lib/thumb/v7e-m/fpv4-sp/hard/libc_nano.a(lib_a-impure.o)
 *(.RamFunc)
 *(.RamFunc*)
                0x00000000200000c4                . = ALIGN (0x4)
                0x00000000200000c4                _edata = .

.igot.plt       0x00000000200000c4        0x0 load address 0x000000000800d05c
 .igot.plt      0x00000000200000c4        0x0 /opt/st/stm32cubeide_1.5.1/plugins/com.st.stm32cube.ide.mcu.externaltools.gnu-tools-for-stm32.7-2018-q2-update.linux64_1.5.0.202011040924/tools/bin/../lib/gcc/arm-none-eabi/7.3.1/thumb/v7e-m/fpv4-sp/hard/crtbegin.o
                0x00000000200000c4                . = ALIGN (0x4)

.bss            0x00000000200000c4     0x1f6c load address 0x000000000800d05c
                0x00000000200000c4                _sbss = .
                0x00000000200000c4                __bss_start__ = _sbss
 *(.bss)
 .bss           0x00000000200000c4       0x1c /opt/st/stm32cubeide_1.5.1/plugins/com.st.stm32cube.ide.mcu.externaltools.gnu-tools-for-stm32.7-2018-q2-update.linux64_1.5.0.202011040924/tools/bin/../lib/gcc/arm-none-eabi/7.3.1/thumb/v7e-m/fpv4-sp/hard/crtbegin.o
 *(.bss*)
 .bss.pAudioDrv
                0x00000000200000e0        0x4 Core/Src/AUDIO.o
 .bss.hdma_i2sTx.8670
                0x00000000200000e4       0x60 Core/Src/AUDIO.o
 .bss.I2cHandle
                0x0000000020000144       0x54 Core/Src/AUDIO_LINK.o
 .bss.NumObs    0x0000000020000198        0x2 Core/Src/File_Handling.o
                0x0000000020000198                NumObs
 .bss.OutputDev
                0x000000002000019a        0x1 Core/Src/cs43l22.o
                0x000000002000019a                OutputDev
 *fill*         0x000000002000019b        0x1 
 .bss.FatFs     0x000000002000019c        0x4 Core/Src/ff.o
 .bss.Fsid      0x00000000200001a0        0x2 Core/Src/ff.o
 *fill*         0x00000000200001a2        0x2 
 .bss.Files     0x00000000200001a4        0xc Core/Src/ff.o
 .bss.disk      0x00000000200001b0        0xc Core/Src/ff_gen_drv.o
                0x00000000200001b0                disk
 .bss.isFinished
                0x00000000200001bc        0x1 Core/Src/main.o
                0x00000000200001bc                isFinished
 .bss.SD_Type   0x00000000200001bd        0x1 Core/Src/mmc_sd.o
                0x00000000200001bd                SD_Type
 *fill*         0x00000000200001be        0x2 
 .bss.__sbrk_heap_end
                0x00000000200001c0        0x4 Core/Src/sysmem.o
 .bss.BufferCtl
                0x00000000200001c4     0x1008 Core/Src/waveplayer.o
 .bss.FilePos   0x00000000200011cc        0x2 Core/Src/waveplayer.o
 *fill*         0x00000000200011ce        0x2 
 .bss.pxCurrentTCB
                0x00000000200011d0        0x4 FreeRTOS/tasks.o
                0x00000000200011d0                pxCurrentTCB
 .bss.pxReadyTasksLists
                0x00000000200011d4      0x12c FreeRTOS/tasks.o
 .bss.pxDelayedTaskList
                0x0000000020001300        0x4 FreeRTOS/tasks.o
 .bss.pxOverflowDelayedTaskList
                0x0000000020001304        0x4 FreeRTOS/tasks.o
 .bss.xPendingReadyList
                0x0000000020001308       0x14 FreeRTOS/tasks.o
 .bss.xTickCount
                0x000000002000131c        0x4 FreeRTOS/tasks.o
 .bss.uxTopReadyPriority
                0x0000000020001320        0x4 FreeRTOS/tasks.o
 .bss.uxPendedTicks
                0x0000000020001324        0x4 FreeRTOS/tasks.o
 .bss.xYieldPending
                0x0000000020001328        0x4 FreeRTOS/tasks.o
 .bss.xNumOfOverflows
                0x000000002000132c        0x4 FreeRTOS/tasks.o
 .bss.xNextTaskUnblockTime
                0x0000000020001330        0x4 FreeRTOS/tasks.o
 .bss.uxSchedulerSuspended
                0x0000000020001334        0x4 FreeRTOS/tasks.o
 .bss.ucMaxSysCallPriority
                0x0000000020001338        0x1 FreeRTOS/portable/ARM_CM4F/port.o
 *fill*         0x0000000020001339        0x3 
 .bss.ulMaxPRIGROUPValue
                0x000000002000133c        0x4 FreeRTOS/portable/ARM_CM4F/port.o
 .bss.__malloc_free_list
                0x0000000020001340        0x4 /opt/st/stm32cubeide_1.5.1/plugins/com.st.stm32cube.ide.mcu.externaltools.gnu-tools-for-stm32.7-2018-q2-update.linux64_1.5.0.202011040924/tools/bin/../lib/gcc/arm-none-eabi/7.3.1/../../../../arm-none-eabi/lib/thumb/v7e-m/fpv4-sp/hard/libc_nano.a(lib_a-nano-mallocr.o)
                0x0000000020001340                __malloc_free_list
 .bss.__malloc_sbrk_start
                0x0000000020001344        0x4 /opt/st/stm32cubeide_1.5.1/plugins/com.st.stm32cube.ide.mcu.externaltools.gnu-tools-for-stm32.7-2018-q2-update.linux64_1.5.0.202011040924/tools/bin/../lib/gcc/arm-none-eabi/7.3.1/../../../../arm-none-eabi/lib/thumb/v7e-m/fpv4-sp/hard/libc_nano.a(lib_a-nano-mallocr.o)
                0x0000000020001344                __malloc_sbrk_start
 *(COMMON)
 COMMON         0x0000000020001348       0x48 Core/Src/AUDIO.o
                0x0000000020001348                hAudioOutI2s
 COMMON         0x0000000020001390       0xbc Core/Src/File_Handling.o
                0x0000000020001390                br
                0x0000000020001394                bw
                0x0000000020001398                huart4
                0x00000000200013d8                fresult
                0x00000000200013dc                hspi1
                0x0000000020001434                USBHfno
 COMMON         0x000000002000144c      0x464 Core/Src/fatfs.o
                0x000000002000144c                USERPath
                0x0000000020001450                retUSER
                0x0000000020001454                USERFile
                0x0000000020001680                USERFatFS
 COMMON         0x00000000200018b0      0x100 Core/Src/main.o
                0x00000000200018b0                hi2c1
                0x0000000020001904                xSemaphore
                0x0000000020001908                hdma_spi3_tx
                0x0000000020001968                hi2s3
 COMMON         0x00000000200019b0       0x40 Core/Src/stm32f4xx_hal_timebase_tim.o
                0x00000000200019b0                htim6
 COMMON         0x00000000200019f0      0x638 Core/Src/waveplayer.o
                0x00000000200019f0                AudioState
                0x00000000200019f4                WaveFormat
                0x0000000020001a20                FileList
                0x0000000020001dfc                WavFile
 COMMON         0x0000000020002028        0x4 Drivers/STM32F4xx_HAL_Driver/Src/stm32f4xx_hal.o
                0x0000000020002028                uwTick
 COMMON         0x000000002000202c        0x4 /opt/st/stm32cubeide_1.5.1/plugins/com.st.stm32cube.ide.mcu.externaltools.gnu-tools-for-stm32.7-2018-q2-update.linux64_1.5.0.202011040924/tools/bin/../lib/gcc/arm-none-eabi/7.3.1/../../../../arm-none-eabi/lib/thumb/v7e-m/fpv4-sp/hard/libc_nano.a(lib_a-reent.o)
                0x000000002000202c                errno
                0x0000000020002030                . = ALIGN (0x4)
                0x0000000020002030                _ebss = .
                0x0000000020002030                __bss_end__ = _ebss

._user_heap_stack
                0x0000000020002030      0x600 load address 0x000000000800d05c
                0x0000000020002030                . = ALIGN (0x8)
                [!provide]                        PROVIDE (end = .)
                0x0000000020002030                PROVIDE (_end = .)
                0x0000000020002230                . = (. + _Min_Heap_Size)
 *fill*         0x0000000020002030      0x200 
                0x0000000020002630                . = (. + _Min_Stack_Size)
 *fill*         0x0000000020002230      0x400 
                0x0000000020002630                . = ALIGN (0x8)

/DISCARD/
 libc.a(*)
 libm.a(*)
 libgcc.a(*)

.ARM.attributes
                0x0000000000000000       0x30
 *(.ARM.attributes)
 .ARM.attributes
                0x0000000000000000       0x22 /opt/st/stm32cubeide_1.5.1/plugins/com.st.stm32cube.ide.mcu.externaltools.gnu-tools-for-stm32.7-2018-q2-update.linux64_1.5.0.202011040924/tools/bin/../lib/gcc/arm-none-eabi/7.3.1/thumb/v7e-m/fpv4-sp/hard/crti.o
 .ARM.attributes
                0x0000000000000022       0x34 /opt/st/stm32cubeide_1.5.1/plugins/com.st.stm32cube.ide.mcu.externaltools.gnu-tools-for-stm32.7-2018-q2-update.linux64_1.5.0.202011040924/tools/bin/../lib/gcc/arm-none-eabi/7.3.1/thumb/v7e-m/fpv4-sp/hard/crtbegin.o
 .ARM.attributes
                0x0000000000000056       0x39 Core/Src/AUDIO.o
 .ARM.attributes
                0x000000000000008f       0x39 Core/Src/AUDIO_LINK.o
 .ARM.attributes
                0x00000000000000c8       0x39 Core/Src/File_Handling.o
 .ARM.attributes
                0x0000000000000101       0x39 Core/Src/cs43l22.o
 .ARM.attributes
                0x000000000000013a       0x39 Core/Src/diskio.o
 .ARM.attributes
                0x0000000000000173       0x39 Core/Src/fatfs.o
 .ARM.attributes
                0x00000000000001ac       0x39 Core/Src/ff.o
 .ARM.attributes
                0x00000000000001e5       0x39 Core/Src/ff_gen_drv.o
 .ARM.attributes
                0x000000000000021e       0x39 Core/Src/fops.o
 .ARM.attributes
                0x0000000000000257       0x39 Core/Src/main.o
 .ARM.attributes
                0x0000000000000290       0x39 Core/Src/mmc_sd.o
 .ARM.attributes
                0x00000000000002c9       0x39 Core/Src/stm32f4xx_hal_msp.o
 .ARM.attributes
                0x0000000000000302       0x39 Core/Src/stm32f4xx_hal_timebase_tim.o
 .ARM.attributes
                0x000000000000033b       0x39 Core/Src/stm32f4xx_it.o
 .ARM.attributes
                0x0000000000000374       0x39 Core/Src/syscalls.o
 .ARM.attributes
                0x00000000000003ad       0x39 Core/Src/sysmem.o
 .ARM.attributes
                0x00000000000003e6       0x39 Core/Src/system_stm32f4xx.o
 .ARM.attributes
                0x000000000000041f       0x39 Core/Src/user_diskio.o
 .ARM.attributes
                0x0000000000000458       0x39 Core/Src/waveplayer.o
 .ARM.attributes
                0x0000000000000491       0x21 Core/Startup/startup_stm32f407vgtx.o
 .ARM.attributes
                0x00000000000004b2       0x39 Drivers/STM32F4xx_HAL_Driver/Src/stm32f4xx_hal.o
 .ARM.attributes
                0x00000000000004eb       0x39 Drivers/STM32F4xx_HAL_Driver/Src/stm32f4xx_hal_cortex.o
 .ARM.attributes
                0x0000000000000524       0x39 Drivers/STM32F4xx_HAL_Driver/Src/stm32f4xx_hal_dma.o
 .ARM.attributes
                0x000000000000055d       0x39 Drivers/STM32F4xx_HAL_Driver/Src/stm32f4xx_hal_gpio.o
 .ARM.attributes
                0x0000000000000596       0x39 Drivers/STM32F4xx_HAL_Driver/Src/stm32f4xx_hal_i2c.o
 .ARM.attributes
                0x00000000000005cf       0x39 Drivers/STM32F4xx_HAL_Driver/Src/stm32f4xx_hal_i2s.o
 .ARM.attributes
                0x0000000000000608       0x39 Drivers/STM32F4xx_HAL_Driver/Src/stm32f4xx_hal_i2s_ex.o
 .ARM.attributes
                0x0000000000000641       0x39 Drivers/STM32F4xx_HAL_Driver/Src/stm32f4xx_hal_rcc.o
 .ARM.attributes
                0x000000000000067a       0x39 Drivers/STM32F4xx_HAL_Driver/Src/stm32f4xx_hal_rcc_ex.o
 .ARM.attributes
                0x00000000000006b3       0x39 Drivers/STM32F4xx_HAL_Driver/Src/stm32f4xx_hal_spi.o
 .ARM.attributes
                0x00000000000006ec       0x39 Drivers/STM32F4xx_HAL_Driver/Src/stm32f4xx_hal_tim.o
 .ARM.attributes
                0x0000000000000725       0x39 Drivers/STM32F4xx_HAL_Driver/Src/stm32f4xx_hal_tim_ex.o
 .ARM.attributes
                0x000000000000075e       0x39 Drivers/STM32F4xx_HAL_Driver/Src/stm32f4xx_hal_uart.o
 .ARM.attributes
                0x0000000000000797       0x39 FreeRTOS/list.o
 .ARM.attributes
                0x00000000000007d0       0x39 FreeRTOS/queue.o
 .ARM.attributes
                0x0000000000000809       0x39 FreeRTOS/tasks.o
 .ARM.attributes
                0x0000000000000842       0x39 FreeRTOS/portable/ARM_CM4F/port.o
 .ARM.attributes
                0x000000000000087b       0x34 /opt/st/stm32cubeide_1.5.1/plugins/com.st.stm32cube.ide.mcu.externaltools.gnu-tools-for-stm32.7-2018-q2-update.linux64_1.5.0.202011040924/tools/bin/../lib/gcc/arm-none-eabi/7.3.1/../../../../arm-none-eabi/lib/thumb/v7e-m/fpv4-sp/hard/libc_nano.a(lib_a-errno.o)
 .ARM.attributes
                0x00000000000008af       0x34 /opt/st/stm32cubeide_1.5.1/plugins/com.st.stm32cube.ide.mcu.externaltools.gnu-tools-for-stm32.7-2018-q2-update.linux64_1.5.0.202011040924/tools/bin/../lib/gcc/arm-none-eabi/7.3.1/../../../../arm-none-eabi/lib/thumb/v7e-m/fpv4-sp/hard/libc_nano.a(lib_a-impure.o)
 .ARM.attributes
                0x00000000000008e3       0x34 /opt/st/stm32cubeide_1.5.1/plugins/com.st.stm32cube.ide.mcu.externaltools.gnu-tools-for-stm32.7-2018-q2-update.linux64_1.5.0.202011040924/tools/bin/../lib/gcc/arm-none-eabi/7.3.1/../../../../arm-none-eabi/lib/thumb/v7e-m/fpv4-sp/hard/libc_nano.a(lib_a-init.o)
 .ARM.attributes
                0x0000000000000917       0x34 /opt/st/stm32cubeide_1.5.1/plugins/com.st.stm32cube.ide.mcu.externaltools.gnu-tools-for-stm32.7-2018-q2-update.linux64_1.5.0.202011040924/tools/bin/../lib/gcc/arm-none-eabi/7.3.1/../../../../arm-none-eabi/lib/thumb/v7e-m/fpv4-sp/hard/libc_nano.a(lib_a-memset.o)
 .ARM.attributes
                0x000000000000094b       0x34 /opt/st/stm32cubeide_1.5.1/plugins/com.st.stm32cube.ide.mcu.externaltools.gnu-tools-for-stm32.7-2018-q2-update.linux64_1.5.0.202011040924/tools/bin/../lib/gcc/arm-none-eabi/7.3.1/../../../../arm-none-eabi/lib/thumb/v7e-m/fpv4-sp/hard/libc_nano.a(lib_a-printf.o)
 .ARM.attributes
                0x000000000000097f       0x34 /opt/st/stm32cubeide_1.5.1/plugins/com.st.stm32cube.ide.mcu.externaltools.gnu-tools-for-stm32.7-2018-q2-update.linux64_1.5.0.202011040924/tools/bin/../lib/gcc/arm-none-eabi/7.3.1/../../../../arm-none-eabi/lib/thumb/v7e-m/fpv4-sp/hard/libc_nano.a(lib_a-puts.o)
 .ARM.attributes
                0x00000000000009b3       0x34 /opt/st/stm32cubeide_1.5.1/plugins/com.st.stm32cube.ide.mcu.externaltools.gnu-tools-for-stm32.7-2018-q2-update.linux64_1.5.0.202011040924/tools/bin/../lib/gcc/arm-none-eabi/7.3.1/../../../../arm-none-eabi/lib/thumb/v7e-m/fpv4-sp/hard/libc_nano.a(lib_a-strncpy.o)
 .ARM.attributes
                0x00000000000009e7       0x34 /opt/st/stm32cubeide_1.5.1/plugins/com.st.stm32cube.ide.mcu.externaltools.gnu-tools-for-stm32.7-2018-q2-update.linux64_1.5.0.202011040924/tools/bin/../lib/gcc/arm-none-eabi/7.3.1/../../../../arm-none-eabi/lib/thumb/v7e-m/fpv4-sp/hard/libc_nano.a(lib_a-strstr.o)
 .ARM.attributes
                0x0000000000000a1b       0x34 /opt/st/stm32cubeide_1.5.1/plugins/com.st.stm32cube.ide.mcu.externaltools.gnu-tools-for-stm32.7-2018-q2-update.linux64_1.5.0.202011040924/tools/bin/../lib/gcc/arm-none-eabi/7.3.1/../../../../arm-none-eabi/lib/thumb/v7e-m/fpv4-sp/hard/libc_nano.a(lib_a-wbuf.o)
 .ARM.attributes
                0x0000000000000a4f       0x34 /opt/st/stm32cubeide_1.5.1/plugins/com.st.stm32cube.ide.mcu.externaltools.gnu-tools-for-stm32.7-2018-q2-update.linux64_1.5.0.202011040924/tools/bin/../lib/gcc/arm-none-eabi/7.3.1/../../../../arm-none-eabi/lib/thumb/v7e-m/fpv4-sp/hard/libc_nano.a(lib_a-wsetup.o)
 .ARM.attributes
                0x0000000000000a83       0x34 /opt/st/stm32cubeide_1.5.1/plugins/com.st.stm32cube.ide.mcu.externaltools.gnu-tools-for-stm32.7-2018-q2-update.linux64_1.5.0.202011040924/tools/bin/../lib/gcc/arm-none-eabi/7.3.1/../../../../arm-none-eabi/lib/thumb/v7e-m/fpv4-sp/hard/libc_nano.a(lib_a-fflush.o)
 .ARM.attributes