Archive member included to satisfy reference by file (symbol)

/opt/st/stm32cubeide_1.5.1/plugins/com.st.stm32cube.ide.mcu.externaltools.gnu-tools-for-stm32.7-2018-q2-update.linux64_1.5.0.202011040924/tools/bin/../lib/gcc/arm-none-eabi/7.3.1/../../../../arm-none-eabi/lib/thumb/v7e-m/fpv4-sp/hard/libc_nano.a(lib_a-errno.o)
                              Core/Src/syscalls.o (__errno)
/opt/st/stm32cubeide_1.5.1/plugins/com.st.stm32cube.ide.mcu.externaltools.gnu-tools-for-stm32.7-2018-q2-update.linux64_1.5.0.202011040924/tools/bin/../lib/gcc/arm-none-eabi/7.3.1/../../../../arm-none-eabi/lib/thumb/v7e-m/fpv4-sp/hard/libc_nano.a(lib_a-exit.o)
                              /opt/st/stm32cubeide_1.5.1/plugins/com.st.stm32cube.ide.mcu.externaltools.gnu-tools-for-stm32.7-2018-q2-update.linux64_1.5.0.202011040924/tools/bin/../lib/gcc/arm-none-eabi/7.3.1/../../../../arm-none-eabi/lib/thumb/v7e-m/fpv4-sp/hard/crt0.o (exit)
/opt/st/stm32cubeide_1.5.1/plugins/com.st.stm32cube.ide.mcu.externaltools.gnu-tools-for-stm32.7-2018-q2-update.linux64_1.5.0.202011040924/tools/bin/../lib/gcc/arm-none-eabi/7.3.1/../../../../arm-none-eabi/lib/thumb/v7e-m/fpv4-sp/hard/libc_nano.a(lib_a-impure.o)
                              /opt/st/stm32cubeide_1.5.1/plugins/com.st.stm32cube.ide.mcu.externaltools.gnu-tools-for-stm32.7-2018-q2-update.linux64_1.5.0.202011040924/tools/bin/../lib/gcc/arm-none-eabi/7.3.1/../../../../arm-none-eabi/lib/thumb/v7e-m/fpv4-sp/hard/libc_nano.a(lib_a-exit.o) (_global_impure_ptr)
/opt/st/stm32cubeide_1.5.1/plugins/com.st.stm32cube.ide.mcu.externaltools.gnu-tools-for-stm32.7-2018-q2-update.linux64_1.5.0.202011040924/tools/bin/../lib/gcc/arm-none-eabi/7.3.1/../../../../arm-none-eabi/lib/thumb/v7e-m/fpv4-sp/hard/libc_nano.a(lib_a-init.o)
                              /opt/st/stm32cubeide_1.5.1/plugins/com.st.stm32cube.ide.mcu.externaltools.gnu-tools-for-stm32.7-2018-q2-update.linux64_1.5.0.202011040924/tools/bin/../lib/gcc/arm-none-eabi/7.3.1/../../../../arm-none-eabi/lib/thumb/v7e-m/fpv4-sp/hard/crt0.o (__libc_init_array)
/opt/st/stm32cubeide_1.5.1/plugins/com.st.stm32cube.ide.mcu.externaltools.gnu-tools-for-stm32.7-2018-q2-update.linux64_1.5.0.202011040924/tools/bin/../lib/gcc/arm-none-eabi/7.3.1/../../../../arm-none-eabi/lib/thumb/v7e-m/fpv4-sp/hard/libc_nano.a(lib_a-memcmp.o)
                              Core/Src/main.o (memcmp)
/opt/st/stm32cubeide_1.5.1/plugins/com.st.stm32cube.ide.mcu.externaltools.gnu-tools-for-stm32.7-2018-q2-update.linux64_1.5.0.202011040924/tools/bin/../lib/gcc/arm-none-eabi/7.3.1/../../../../arm-none-eabi/lib/thumb/v7e-m/fpv4-sp/hard/libc_nano.a(lib_a-memcpy-stub.o)
                              FreeRTOS/queue.o (memcpy)
/opt/st/stm32cubeide_1.5.1/plugins/com.st.stm32cube.ide.mcu.externaltools.gnu-tools-for-stm32.7-2018-q2-update.linux64_1.5.0.202011040924/tools/bin/../lib/gcc/arm-none-eabi/7.3.1/../../../../arm-none-eabi/lib/thumb/v7e-m/fpv4-sp/hard/libc_nano.a(lib_a-memset.o)
                              /opt/st/stm32cubeide_1.5.1/plugins/com.st.stm32cube.ide.mcu.externaltools.gnu-tools-for-stm32.7-2018-q2-update.linux64_1.5.0.202011040924/tools/bin/../lib/gcc/arm-none-eabi/7.3.1/../../../../arm-none-eabi/lib/thumb/v7e-m/fpv4-sp/hard/crt0.o (memset)
/opt/st/stm32cubeide_1.5.1/plugins/com.st.stm32cube.ide.mcu.externaltools.gnu-tools-for-stm32.7-2018-q2-update.linux64_1.5.0.202011040924/tools/bin/../lib/gcc/arm-none-eabi/7.3.1/../../../../arm-none-eabi/lib/thumb/v7e-m/fpv4-sp/hard/libc_nano.a(lib_a-printf.o)
                              Core/Src/main.o (printf)
/opt/st/stm32cubeide_1.5.1/plugins/com.st.stm32cube.ide.mcu.externaltools.gnu-tools-for-stm32.7-2018-q2-update.linux64_1.5.0.202011040924/tools/bin/../lib/gcc/arm-none-eabi/7.3.1/../../../../arm-none-eabi/lib/thumb/v7e-m/fpv4-sp/hard/libc_nano.a(lib_a-puts.o)
                              Core/Src/main.o (puts)
/opt/st/stm32cubeide_1.5.1/plugins/com.st.stm32cube.ide.mcu.externaltools.gnu-tools-for-stm32.7-2018-q2-update.linux64_1.5.0.202011040924/tools/bin/../lib/gcc/arm-none-eabi/7.3.1/../../../../arm-none-eabi/lib/thumb/v7e-m/fpv4-sp/hard/libc_nano.a(lib_a-strncpy.o)
                              FreeRTOS/tasks.o (strncpy)
/opt/st/stm32cubeide_1.5.1/plugins/com.st.stm32cube.ide.mcu.externaltools.gnu-tools-for-stm32.7-2018-q2-update.linux64_1.5.0.202011040924/tools/bin/../lib/gcc/arm-none-eabi/7.3.1/../../../../arm-none-eabi/lib/thumb/v7e-m/fpv4-sp/hard/libc_nano.a(lib_a-wbuf.o)
                              /opt/st/stm32cubeide_1.5.1/plugins/com.st.stm32cube.ide.mcu.externaltools.gnu-tools-for-stm32.7-2018-q2-update.linux64_1.5.0.202011040924/tools/bin/../lib/gcc/arm-none-eabi/7.3.1/../../../../arm-none-eabi/lib/thumb/v7e-m/fpv4-sp/hard/libc_nano.a(lib_a-puts.o) (__swbuf_r)
[...]
Memory Configuration

Name             Origin             Length             Attributes
CCMRAM           0x0000000010000000 0x0000000000010000 xrw
RAM              0x0000000020000000 0x0000000000020000 xrw
FLASH            0x0000000008000000 0x0000000000100000 xr
*default*        0x0000000000000000 0xffffffffffffffff

Linker script and memory map

LOAD /opt/st/stm32cubeide_1.5.1/plugins/com.st.stm32cube.ide.mcu.externaltools.gnu-tools-for-stm32.7-2018-q2-update.linux64_1.5.0.202011040924/tools/bin/../lib/gcc/arm-none-eabi/7.3.1/thumb/v7e-m/fpv4-sp/hard/crti.o
LOAD /opt/st/stm32cubeide_1.5.1/plugins/com.st.stm32cube.ide.mcu.externaltools.gnu-tools-for-stm32.7-2018-q2-update.linux64_1.5.0.202011040924/tools/bin/../lib/gcc/arm-none-eabi/7.3.1/thumb/v7e-m/fpv4-sp/hard/crtbegin.o
LOAD /opt/st/stm32cubeide_1.5.1/plugins/com.st.stm32cube.ide.mcu.externaltools.gnu-tools-for-stm32.7-2018-q2-update.linux64_1.5.0.202011040924/tools/bin/../lib/gcc/arm-none-eabi/7.3.1/../../../../arm-none-eabi/lib/thumb/v7e-m/fpv4-sp/hard/crt0.o
LOAD Core/Src/main.o
LOAD Core/Src/mmc_sd.o
LOAD Core/Src/stm32f4xx_hal_msp.o
LOAD Core/Src/stm32f4xx_hal_timebase_tim.o
LOAD Core/Src/stm32f4xx_it.o
LOAD Core/Src/syscalls.o
LOAD Core/Src/sysmem.o
LOAD Core/Src/system_stm32f4xx.o
LOAD Core/Startup/startup_stm32f407vgtx.o
LOAD Drivers/STM32F4xx_HAL_Driver/Src/stm32f4xx_hal.o
LOAD Drivers/STM32F4xx_HAL_Driver/Src/stm32f4xx_hal_cortex.o
LOAD Drivers/STM32F4xx_HAL_Driver/Src/stm32f4xx_hal_dma.o
LOAD Drivers/STM32F4xx_HAL_Driver/Src/stm32f4xx_hal_dma_ex.o
LOAD Drivers/STM32F4xx_HAL_Driver/Src/stm32f4xx_hal_exti.o
LOAD Drivers/STM32F4xx_HAL_Driver/Src/stm32f4xx_hal_flash.o
LOAD Drivers/STM32F4xx_HAL_Driver/Src/stm32f4xx_hal_flash_ex.o
LOAD Drivers/STM32F4xx_HAL_Driver/Src/stm32f4xx_hal_flash_ramfunc.o
LOAD Drivers/STM32F4xx_HAL_Driver/Src/stm32f4xx_hal_gpio.o
LOAD Drivers/STM32F4xx_HAL_Driver/Src/stm32f4xx_hal_pwr.o
LOAD Drivers/STM32F4xx_HAL_Driver/Src/stm32f4xx_hal_pwr_ex.o
LOAD Drivers/STM32F4xx_HAL_Driver/Src/stm32f4xx_hal_rcc.o
LOAD Drivers/STM32F4xx_HAL_Driver/Src/stm32f4xx_hal_rcc_ex.o
LOAD Drivers/STM32F4xx_HAL_Driver/Src/stm32f4xx_hal_spi.o
LOAD Drivers/STM32F4xx_HAL_Driver/Src/stm32f4xx_hal_tim.o
LOAD Drivers/STM32F4xx_HAL_Driver/Src/stm32f4xx_hal_tim_ex.o
LOAD Drivers/STM32F4xx_HAL_Driver/Src/stm32f4xx_hal_uart.o
LOAD FreeRTOS/MemMang/heap_4.o
LOAD FreeRTOS/croutine.o
LOAD FreeRTOS/event_groups.o
LOAD FreeRTOS/list.o
LOAD FreeRTOS/queue.o
LOAD FreeRTOS/stream_buffer.o
LOAD FreeRTOS/tasks.o
LOAD FreeRTOS/timers.o
LOAD FreeRTOS/portable/ARM_CM4F/port.o
START GROUP
LOAD /opt/st/stm32cubeide_1.5.1/plugins/com.st.stm32cube.ide.mcu.externaltools.gnu-tools-for-stm32.7-2018-q2-update.linux64_1.5.0.202011040924/tools/bin/../lib/gcc/arm-none-eabi/7.3.1/../../../../arm-none-eabi/lib/thumb/v7e-m/fpv4-sp/hard/libc_nano.a
LOAD /opt/st/stm32cubeide_1.5.1/plugins/com.st.stm32cube.ide.mcu.externaltools.gnu-tools-for-stm32.7-2018-q2-update.linux64_1.5.0.202011040924/tools/bin/../lib/gcc/arm-none-eabi/7.3.1/../../../../arm-none-eabi/lib/thumb/v7e-m/fpv4-sp/hard/libm.a
END GROUP
START GROUP
LOAD /opt/st/stm32cubeide_1.5.1/plugins/com.st.stm32cube.ide.mcu.externaltools.gnu-tools-for-stm32.7-2018-q2-update.linux64_1.5.0.202011040924/tools/bin/../lib/gcc/arm-none-eabi/7.3.1/thumb/v7e-m/fpv4-sp/hard/libgcc.a
LOAD /opt/st/stm32cubeide_1.5.1/plugins/com.st.stm32cube.ide.mcu.externaltools.gnu-tools-for-stm32.7-2018-q2-update.linux64_1.5.0.202011040924/tools/bin/../lib/gcc/arm-none-eabi/7.3.1/../../../../arm-none-eabi/lib/thumb/v7e-m/fpv4-sp/hard/libc_nano.a
END GROUP
START GROUP
LOAD /opt/st/stm32cubeide_1.5.1/plugins/com.st.stm32cube.ide.mcu.externaltools.gnu-tools-for-stm32.7-2018-q2-update.linux64_1.5.0.202011040924/tools/bin/../lib/gcc/arm-none-eabi/7.3.1/thumb/v7e-m/fpv4-sp/hard/libgcc.a
LOAD /opt/st/stm32cubeide_1.5.1/plugins/com.st.stm32cube.ide.mcu.externaltools.gnu-tools-for-stm32.7-2018-q2-update.linux64_1.5.0.202011040924/tools/bin/../lib/gcc/arm-none-eabi/7.3.1/../../../../arm-none-eabi/lib/thumb/v7e-m/fpv4-sp/hard/libc_nano.a
LOAD /opt/st/stm32cubeide_1.5.1/plugins/com.st.stm32cube.ide.mcu.externaltools.gnu-tools-for-stm32.7-2018-q2-update.linux64_1.5.0.202011040924/tools/bin/../lib/gcc/arm-none-eabi/7.3.1/../../../../arm-none-eabi/lib/thumb/v7e-m/fpv4-sp/hard/libnosys.a
END GROUP
START GROUP
LOAD /opt/st/stm32cubeide_1.5.1/plugins/com.st.stm32cube.ide.mcu.externaltools.gnu-tools-for-stm32.7-2018-q2-update.linux64_1.5.0.202011040924/tools/bin/../lib/gcc/arm-none-eabi/7.3.1/thumb/v7e-m/fpv4-sp/hard/libgcc.a
LOAD /opt/st/stm32cubeide_1.5.1/plugins/com.st.stm32cube.ide.mcu.externaltools.gnu-tools-for-stm32.7-2018-q2-update.linux64_1.5.0.202011040924/tools/bin/../lib/gcc/arm-none-eabi/7.3.1/../../../../arm-none-eabi/lib/thumb/v7e-m/fpv4-sp/hard/libc_nano.a
LOAD /opt/st/stm32cubeide_1.5.1/plugins/com.st.stm32cube.ide.mcu.externaltools.gnu-tools-for-stm32.7-2018-q2-update.linux64_1.5.0.202011040924/tools/bin/../lib/gcc/arm-none-eabi/7.3.1/../../../../arm-none-eabi/lib/thumb/v7e-m/fpv4-sp/hard/libnosys.a
END GROUP
LOAD /opt/st/stm32cubeide_1.5.1/plugins/com.st.stm32cube.ide.mcu.externaltools.gnu-tools-for-stm32.7-2018-q2-update.linux64_1.5.0.202011040924/tools/bin/../lib/gcc/arm-none-eabi/7.3.1/thumb/v7e-m/fpv4-sp/hard/crtend.o
LOAD /opt/st/stm32cubeide_1.5.1/plugins/com.st.stm32cube.ide.mcu.externaltools.gnu-tools-for-stm32.7-2018-q2-update.linux64_1.5.0.202011040924/tools/bin/../lib/gcc/arm-none-eabi/7.3.1/thumb/v7e-m/fpv4-sp/hard/crtn.o
                0x0000000020020000                _estack = (ORIGIN (RAM) + LENGTH (RAM))
                0x0000000000000200                _Min_Heap_Size = 0x200
                0x0000000000000400                _Min_Stack_Size = 0x400

.isr_vector     0x0000000008000000      0x188
                0x0000000008000000                . = ALIGN (0x4)
 *(.isr_vector)
 .isr_vector    0x0000000008000000      0x188 Core/Startup/startup_stm32f407vgtx.o
                0x0000000008000000                g_pfnVectors
                0x0000000008000188                . = ALIGN (0x4)

.text           0x0000000008000190     0x53a0
                0x0000000008000190                . = ALIGN (0x4)
 *(.text)
 .text          0x0000000008000190       0x40 /opt/st/stm32cubeide_1.5.1/plugins/com.st.stm32cube.ide.mcu.externaltools.gnu-tools-for-stm32.7-2018-q2-update.linux64_1.5.0.202011040924/tools/bin/../lib/gcc/arm-none-eabi/7.3.1/thumb/v7e-m/fpv4-sp/hard/crtbegin.o
 .text          0x00000000080001d0       0xa0 /opt/st/stm32cubeide_1.5.1/plugins/com.st.stm32cube.ide.mcu.externaltools.gnu-tools-for-stm32.7-2018-q2-update.linux64_1.5.0.202011040924/tools/bin/../lib/gcc/arm-none-eabi/7.3.1/../../../../arm-none-eabi/lib/thumb/v7e-m/fpv4-sp/hard/libc_nano.a(lib_a-memchr.o)
                0x00000000080001d0                memchr
 .text          0x0000000008000270       0x30 /opt/st/stm32cubeide_1.5.1/plugins/com.st.stm32cube.ide.mcu.externaltools.gnu-tools-for-stm32.7-2018-q2-update.linux64_1.5.0.202011040924/tools/bin/../lib/gcc/arm-none-eabi/7.3.1/thumb/v7e-m/fpv4-sp/hard/libgcc.a(_aeabi_uldivmod.o)
                0x0000000008000270                __aeabi_uldivmod
 .text          0x00000000080002a0      0x2cc /opt/st/stm32cubeide_1.5.1/plugins/com.st.stm32cube.ide.mcu.externaltools.gnu-tools-for-stm32.7-2018-q2-update.linux64_1.5.0.202011040924/tools/bin/../lib/gcc/arm-none-eabi/7.3.1/thumb/v7e-m/fpv4-sp/hard/libgcc.a(_udivmoddi4.o)
                0x00000000080002a0                __udivmoddi4
 .text          0x000000000800056c        0x4 /opt/st/stm32cubeide_1.5.1/plugins/com.st.stm32cube.ide.mcu.externaltools.gnu-tools-for-stm32.7-2018-q2-update.linux64_1.5.0.202011040924/tools/bin/../lib/gcc/arm-none-eabi/7.3.1/thumb/v7e-m/fpv4-sp/hard/libgcc.a(_dvmd_tls.o)
                0x000000000800056c                __aeabi_ldiv0
                0x000000000800056c                __aeabi_idiv0
 *(.text*)
 .text.__io_putchar
                0x0000000008000570       0x24 Core/Src/main.o
                0x0000000008000570                __io_putchar
 .text.SD_RdWrTest
                0x0000000008000594       0xa0 Core/Src/main.o
                0x0000000008000594                SD_RdWrTest
 .text.main     0x0000000008000634       0xcc Core/Src/main.o
                0x0000000008000634                main
 .text.SystemClock_Config
                0x0000000008000700       0xbc Core/Src/main.o
                0x0000000008000700                SystemClock_Config
 .text.MX_SPI1_Init
                0x00000000080007bc       0x6c Core/Src/main.o
                0x00000000080007bc                MX_SPI1_Init
 .text.MX_UART4_Init
                0x0000000008000828       0x54 Core/Src/main.o
 .text.MX_GPIO_Init
                0x000000000800087c       0xfc Core/Src/main.o
 .text.HAL_GPIO_EXTI_Callback
                0x0000000008000978       0xa0 Core/Src/main.o
                0x0000000008000978                HAL_GPIO_EXTI_Callback
 .text.HAL_TIM_PeriodElapsedCallback
                0x0000000008000a18       0x24 Core/Src/main.o
                0x0000000008000a18                HAL_TIM_PeriodElapsedCallback
 .text.Error_Handler
                0x0000000008000a3c        0x8 Core/Src/main.o
                0x0000000008000a3c                Error_Handler
 .text.SPI1_Error
                0x0000000008000a44       0x38 Core/Src/mmc_sd.o
                0x0000000008000a44                SPI1_Error
 .text.SPI1_ReadWriteByte
                0x0000000008000a7c       0x3c Core/Src/mmc_sd.o
                0x0000000008000a7c                SPI1_ReadWriteByte
 .text.SD_SPI_ReadWriteByte
                0x0000000008000ab8       0x1c Core/Src/mmc_sd.o
                0x0000000008000ab8                SD_SPI_ReadWriteByte
 .text.SD_SPI_Init
                0x0000000008000ad4       0x34 Core/Src/mmc_sd.o
                0x0000000008000ad4                SD_SPI_Init
 .text.SD_DisSelect
                0x0000000008000b08       0x1c Core/Src/mmc_sd.o
                0x0000000008000b08                SD_DisSelect
 .text.SD_Select
                0x0000000008000b24       0x2c Core/Src/mmc_sd.o
                0x0000000008000b24                SD_Select
 .text.SD_WaitReady
                0x0000000008000b50       0x38 Core/Src/mmc_sd.o
                0x0000000008000b50                SD_WaitReady
 .text.SD_GetResponse
                0x0000000008000b88       0x42 Core/Src/mmc_sd.o
                0x0000000008000b88                SD_GetResponse
 .text.SD_RecvData
                0x0000000008000bca       0x50 Core/Src/mmc_sd.o
                0x0000000008000bca                SD_RecvData
 .text.SD_SendBlock
                0x0000000008000c1a       0x78 Core/Src/mmc_sd.o
                0x0000000008000c1a                SD_SendBlock
 .text.SD_SendCmd
                0x0000000008000c92       0xa0 Core/Src/mmc_sd.o
                0x0000000008000c92                SD_SendCmd
 .text.SD_GetCSD
                0x0000000008000d32       0x40 Core/Src/mmc_sd.o
                0x0000000008000d32                SD_GetCSD
 .text.SD_GetSectorCount
                0x0000000008000d72       0xa2 Core/Src/mmc_sd.o
                0x0000000008000d72                SD_GetSectorCount
 .text.SD_Initialize
                0x0000000008000e14      0x1e8 Core/Src/mmc_sd.o
                0x0000000008000e14                SD_Initialize
 .text.SD_ReadDisk
                0x0000000008000ffc       0x98 Core/Src/mmc_sd.o
                0x0000000008000ffc                SD_ReadDisk
 .text.SD_WriteDisk
                0x0000000008001094       0xbc Core/Src/mmc_sd.o
                0x0000000008001094                SD_WriteDisk
 .text.HAL_MspInit
                0x0000000008001150       0x50 Core/Src/stm32f4xx_hal_msp.o
                0x0000000008001150                HAL_MspInit
 .text.HAL_SPI_MspInit
                0x00000000080011a0       0x90 Core/Src/stm32f4xx_hal_msp.o
                0x00000000080011a0                HAL_SPI_MspInit
 .text.HAL_SPI_MspDeInit
                0x0000000008001230       0x3c Core/Src/stm32f4xx_hal_msp.o
                0x0000000008001230                HAL_SPI_MspDeInit
 .text.HAL_UART_MspInit
                0x000000000800126c       0x90 Core/Src/stm32f4xx_hal_msp.o
                0x000000000800126c                HAL_UART_MspInit
 .text.HAL_InitTick
                0x00000000080012fc       0xb0 Core/Src/stm32f4xx_hal_timebase_tim.o
                0x00000000080012fc                HAL_InitTick
 .text.NMI_Handler
                0x00000000080013ac        0x6 Core/Src/stm32f4xx_it.o
                0x00000000080013ac                NMI_Handler
 .text.HardFault_Handler
                0x00000000080013b2        0x6 Core/Src/stm32f4xx_it.o
                0x00000000080013b2                HardFault_Handler
 .text.MemManage_Handler
                0x00000000080013b8        0x6 Core/Src/stm32f4xx_it.o
                0x00000000080013b8                MemManage_Handler
 .text.BusFault_Handler
                0x00000000080013be        0x6 Core/Src/stm32f4xx_it.o
                0x00000000080013be                BusFault_Handler
 .text.UsageFault_Handler
                0x00000000080013c4        0x6 Core/Src/stm32f4xx_it.o
                0x00000000080013c4                UsageFault_Handler
 .text.DebugMon_Handler
                0x00000000080013ca        0xe Core/Src/stm32f4xx_it.o
                0x00000000080013ca                DebugMon_Handler
 .text.EXTI0_IRQHandler
                0x00000000080013d8        0xe Core/Src/stm32f4xx_it.o
                0x00000000080013d8                EXTI0_IRQHandler
 *fill*         0x00000000080013e6        0x2 
 .text.TIM6_DAC_IRQHandler
                0x00000000080013e8       0x14 Core/Src/stm32f4xx_it.o
                0x00000000080013e8                TIM6_DAC_IRQHandler
 .text._read    0x00000000080013fc       0x3a Core/Src/syscalls.o
                0x00000000080013fc                _read
 .text._write   0x0000000008001436       0x38 Core/Src/syscalls.o
                0x0000000008001436                _write
 .text._close   0x000000000800146e       0x18 Core/Src/syscalls.o
                0x000000000800146e                _close
 .text._fstat   0x0000000008001486       0x20 Core/Src/syscalls.o
                0x0000000008001486                _fstat
 .text._isatty  0x00000000080014a6       0x16 Core/Src/syscalls.o
                0x00000000080014a6                _isatty
 .text._lseek   0x00000000080014bc       0x1a Core/Src/syscalls.o
                0x00000000080014bc                _lseek
 *fill*         0x00000000080014d6        0x2 
 .text._sbrk    0x00000000080014d8       0x6c Core/Src/sysmem.o
                0x00000000080014d8                _sbrk
 .text.SystemInit
                0x0000000008001544       0x2c Core/Src/system_stm32f4xx.o
                0x0000000008001544                SystemInit
 .text.Reset_Handler
                0x0000000008001570       0x50 Core/Startup/startup_stm32f407vgtx.o
                0x0000000008001570                Reset_Handler
 .text.Default_Handler
                0x00000000080015c0        0x2 Core/Startup/startup_stm32f407vgtx.o
                0x00000000080015c0                RTC_Alarm_IRQHandler
                0x00000000080015c0                HASH_RNG_IRQHandler
                0x00000000080015c0                EXTI2_IRQHandler
                0x00000000080015c0                TIM8_CC_IRQHandler
                0x00000000080015c0                TIM1_CC_IRQHandler
                0x00000000080015c0                DMA2_Stream5_IRQHandler
                0x00000000080015c0                DMA1_Stream5_IRQHandler
                0x00000000080015c0                PVD_IRQHandler
                0x00000000080015c0                SDIO_IRQHandler
                0x00000000080015c0                TAMP_STAMP_IRQHandler
                0x00000000080015c0                CAN2_RX1_IRQHandler
                0x00000000080015c0                EXTI3_IRQHandler
                0x00000000080015c0                TIM8_TRG_COM_TIM14_IRQHandler
                0x00000000080015c0                TIM1_UP_TIM10_IRQHandler
                0x00000000080015c0                TIM8_UP_TIM13_IRQHandler
                0x00000000080015c0                I2C3_ER_IRQHandler
                0x00000000080015c0                I2C2_EV_IRQHandler
                0x00000000080015c0                DMA1_Stream2_IRQHandler
                0x00000000080015c0                CAN1_RX0_IRQHandler
                0x00000000080015c0                FPU_IRQHandler
                0x00000000080015c0                OTG_HS_WKUP_IRQHandler
                0x00000000080015c0                CAN2_SCE_IRQHandler
                0x00000000080015c0                DMA2_Stream2_IRQHandler
                0x00000000080015c0                SPI1_IRQHandler
                0x00000000080015c0                TIM1_BRK_TIM9_IRQHandler
                0x00000000080015c0                DCMI_IRQHandler
                0x00000000080015c0                CAN2_RX0_IRQHandler
                0x00000000080015c0                DMA2_Stream3_IRQHandler
                0x00000000080015c0                USART6_IRQHandler
                0x00000000080015c0                USART3_IRQHandler
                0x00000000080015c0                CAN1_RX1_IRQHandler
                0x00000000080015c0                UART5_IRQHandler
                0x00000000080015c0                DMA2_Stream0_IRQHandler
                0x00000000080015c0                TIM4_IRQHandler
                0x00000000080015c0                I2C1_EV_IRQHandler
                0x00000000080015c0                DMA1_Stream6_IRQHandler
                0x00000000080015c0                DMA1_Stream1_IRQHandler
                0x00000000080015c0                UART4_IRQHandler
                0x00000000080015c0                TIM3_IRQHandler
                0x00000000080015c0                RCC_IRQHandler
                0x00000000080015c0                TIM8_BRK_TIM12_IRQHandler
                0x00000000080015c0                Default_Handler
                0x00000000080015c0                EXTI15_10_IRQHandler
                0x00000000080015c0                ADC_IRQHandler
                0x00000000080015c0                DMA1_Stream7_IRQHandler
                0x00000000080015c0                TIM7_IRQHandler
                0x00000000080015c0                CAN2_TX_IRQHandler
                0x00000000080015c0                TIM5_IRQHandler
                0x00000000080015c0                DMA2_Stream7_IRQHandler
                0x00000000080015c0                I2C3_EV_IRQHandler
                0x00000000080015c0                EXTI9_5_IRQHandler
                0x00000000080015c0                RTC_WKUP_IRQHandler
                0x00000000080015c0                ETH_WKUP_IRQHandler
                0x00000000080015c0                SPI2_IRQHandler
                0x00000000080015c0                OTG_HS_EP1_IN_IRQHandler
                0x00000000080015c0                DMA1_Stream0_IRQHandler
                0x00000000080015c0                CAN1_TX_IRQHandler
                0x00000000080015c0                EXTI4_IRQHandler
                0x00000000080015c0                FSMC_IRQHandler
                0x00000000080015c0                ETH_IRQHandler
                0x00000000080015c0                OTG_HS_EP1_OUT_IRQHandler
                0x00000000080015c0                WWDG_IRQHandler
                0x00000000080015c0                TIM2_IRQHandler
                0x00000000080015c0                OTG_FS_WKUP_IRQHandler
                0x00000000080015c0                TIM1_TRG_COM_TIM11_IRQHandler
                0x00000000080015c0                OTG_HS_IRQHandler
                0x00000000080015c0                EXTI1_IRQHandler
                0x00000000080015c0                USART2_IRQHandler
                0x00000000080015c0                I2C2_ER_IRQHandler
                0x00000000080015c0                DMA2_Stream1_IRQHandler
                0x00000000080015c0                CAN1_SCE_IRQHandler
                0x00000000080015c0                FLASH_IRQHandler
                0x00000000080015c0                DMA2_Stream4_IRQHandler
                0x00000000080015c0                USART1_IRQHandler
                0x00000000080015c0                OTG_FS_IRQHandler
                0x00000000080015c0                SPI3_IRQHandler
                0x00000000080015c0                DMA1_Stream4_IRQHandler
                0x00000000080015c0                I2C1_ER_IRQHandler
                0x00000000080015c0                DMA2_Stream6_IRQHandler
                0x00000000080015c0                DMA1_Stream3_IRQHandler
 *fill*         0x00000000080015c2        0x2 
 .text.HAL_Init
                0x00000000080015c4       0x44 Drivers/STM32F4xx_HAL_Driver/Src/stm32f4xx_hal.o
                0x00000000080015c4                HAL_Init
 .text.HAL_IncTick
                0x0000000008001608       0x28 Drivers/STM32F4xx_HAL_Driver/Src/stm32f4xx_hal.o
                0x0000000008001608                HAL_IncTick
 .text.HAL_GetTick
                0x0000000008001630       0x18 Drivers/STM32F4xx_HAL_Driver/Src/stm32f4xx_hal.o
                0x0000000008001630                HAL_GetTick
 .text.HAL_Delay
                0x0000000008001648       0x44 Drivers/STM32F4xx_HAL_Driver/Src/stm32f4xx_hal.o
                0x0000000008001648                HAL_Delay
 .text.__NVIC_SetPriorityGrouping
                0x000000000800168c       0x48 Drivers/STM32F4xx_HAL_Driver/Src/stm32f4xx_hal_cortex.o
 .text.__NVIC_GetPriorityGrouping
                0x00000000080016d4       0x1c Drivers/STM32F4xx_HAL_Driver/Src/stm32f4xx_hal_cortex.o
 .text.__NVIC_EnableIRQ
                0x00000000080016f0       0x3c Drivers/STM32F4xx_HAL_Driver/Src/stm32f4xx_hal_cortex.o
 .text.__NVIC_SetPriority
                0x000000000800172c       0x54 Drivers/STM32F4xx_HAL_Driver/Src/stm32f4xx_hal_cortex.o
 .text.NVIC_EncodePriority
                0x0000000008001780       0x66 Drivers/STM32F4xx_HAL_Driver/Src/stm32f4xx_hal_cortex.o
 .text.HAL_NVIC_SetPriorityGrouping
                0x00000000080017e6       0x16 Drivers/STM32F4xx_HAL_Driver/Src/stm32f4xx_hal_cortex.o
                0x00000000080017e6                HAL_NVIC_SetPriorityGrouping
 .text.HAL_NVIC_SetPriority
                0x00000000080017fc       0x38 Drivers/STM32F4xx_HAL_Driver/Src/stm32f4xx_hal_cortex.o
                0x00000000080017fc                HAL_NVIC_SetPriority
 .text.HAL_NVIC_EnableIRQ
                0x0000000008001834       0x1c Drivers/STM32F4xx_HAL_Driver/Src/stm32f4xx_hal_cortex.o
                0x0000000008001834                HAL_NVIC_EnableIRQ
 .text.HAL_GPIO_Init
                0x0000000008001850      0x334 Drivers/STM32F4xx_HAL_Driver/Src/stm32f4xx_hal_gpio.o
                0x0000000008001850                HAL_GPIO_Init
 .text.HAL_GPIO_DeInit
                0x0000000008001b84      0x1f4 Drivers/STM32F4xx_HAL_Driver/Src/stm32f4xx_hal_gpio.o
                0x0000000008001b84                HAL_GPIO_DeInit
 .text.HAL_GPIO_WritePin
                0x0000000008001d78       0x32 Drivers/STM32F4xx_HAL_Driver/Src/stm32f4xx_hal_gpio.o
                0x0000000008001d78                HAL_GPIO_WritePin
 .text.HAL_GPIO_TogglePin
                0x0000000008001daa       0x36 Drivers/STM32F4xx_HAL_Driver/Src/stm32f4xx_hal_gpio.o
                0x0000000008001daa                HAL_GPIO_TogglePin
 .text.HAL_GPIO_EXTI_IRQHandler
                0x0000000008001de0       0x30 Drivers/STM32F4xx_HAL_Driver/Src/stm32f4xx_hal_gpio.o
                0x0000000008001de0                HAL_GPIO_EXTI_IRQHandler
 .text.HAL_RCC_OscConfig
                0x0000000008001e10      0x4e0 Drivers/STM32F4xx_HAL_Driver/Src/stm32f4xx_hal_rcc.o
                0x0000000008001e10                HAL_RCC_OscConfig
 .text.HAL_RCC_ClockConfig
                0x00000000080022f0      0x1cc Drivers/STM32F4xx_HAL_Driver/Src/stm32f4xx_hal_rcc.o
                0x00000000080022f0                HAL_RCC_ClockConfig
 .text.HAL_RCC_GetSysClockFreq
                0x00000000080024bc      0x164 Drivers/STM32F4xx_HAL_Driver/Src/stm32f4xx_hal_rcc.o
                0x00000000080024bc                HAL_RCC_GetSysClockFreq
 .text.HAL_RCC_GetHCLKFreq
                0x0000000008002620       0x18 Drivers/STM32F4xx_HAL_Driver/Src/stm32f4xx_hal_rcc.o
                0x0000000008002620                HAL_RCC_GetHCLKFreq
 .text.HAL_RCC_GetPCLK1Freq
                0x0000000008002638       0x28 Drivers/STM32F4xx_HAL_Driver/Src/stm32f4xx_hal_rcc.o
                0x0000000008002638                HAL_RCC_GetPCLK1Freq
 .text.HAL_RCC_GetPCLK2Freq
                0x0000000008002660       0x28 Drivers/STM32F4xx_HAL_Driver/Src/stm32f4xx_hal_rcc.o
                0x0000000008002660                HAL_RCC_GetPCLK2Freq
 .text.HAL_RCC_GetClockConfig
                0x0000000008002688       0x64 Drivers/STM32F4xx_HAL_Driver/Src/stm32f4xx_hal_rcc.o
                0x0000000008002688                HAL_RCC_GetClockConfig
 .text.HAL_SPI_Init
                0x00000000080026ec       0xc8 Drivers/STM32F4xx_HAL_Driver/Src/stm32f4xx_hal_spi.o
                0x00000000080026ec                HAL_SPI_Init
 .text.HAL_SPI_DeInit
                0x00000000080027b4       0x50 Drivers/STM32F4xx_HAL_Driver/Src/stm32f4xx_hal_spi.o
                0x00000000080027b4                HAL_SPI_DeInit
 .text.HAL_SPI_Transmit
                0x0000000008002804      0x268 Drivers/STM32F4xx_HAL_Driver/Src/stm32f4xx_hal_spi.o
                0x0000000008002804                HAL_SPI_Transmit
 .text.HAL_SPI_Receive
                0x0000000008002a6c      0x212 Drivers/STM32F4xx_HAL_Driver/Src/stm32f4xx_hal_spi.o
                0x0000000008002a6c                HAL_SPI_Receive
 .text.HAL_SPI_TransmitReceive
                0x0000000008002c7e      0x344 Drivers/STM32F4xx_HAL_Driver/Src/stm32f4xx_hal_spi.o
                0x0000000008002c7e                HAL_SPI_TransmitReceive
 .text.SPI_WaitFlagStateUntilTimeout
                0x0000000008002fc2       0xd4 Drivers/STM32F4xx_HAL_Driver/Src/stm32f4xx_hal_spi.o
 .text.SPI_EndRxTransaction
                0x0000000008003096       0xca Drivers/STM32F4xx_HAL_Driver/Src/stm32f4xx_hal_spi.o
 .text.SPI_EndRxTxTransaction
                0x0000000008003160       0x84 Drivers/STM32F4xx_HAL_Driver/Src/stm32f4xx_hal_spi.o
 .text.HAL_TIM_Base_Init
                0x00000000080031e4       0x56 Drivers/STM32F4xx_HAL_Driver/Src/stm32f4xx_hal_tim.o
                0x00000000080031e4                HAL_TIM_Base_Init
 .text.HAL_TIM_Base_MspInit
                0x000000000800323a       0x14 Drivers/STM32F4xx_HAL_Driver/Src/stm32f4xx_hal_tim.o
                0x000000000800323a                HAL_TIM_Base_MspInit
 .text.HAL_TIM_Base_Start_IT
                0x000000000800324e       0x48 Drivers/STM32F4xx_HAL_Driver/Src/stm32f4xx_hal_tim.o
                0x000000000800324e                HAL_TIM_Base_Start_IT
 .text.HAL_TIM_IRQHandler
                0x0000000008003296      0x210 Drivers/STM32F4xx_HAL_Driver/Src/stm32f4xx_hal_tim.o
                0x0000000008003296                HAL_TIM_IRQHandler
 .text.HAL_TIM_OC_DelayElapsedCallback
                0x00000000080034a6       0x14 Drivers/STM32F4xx_HAL_Driver/Src/stm32f4xx_hal_tim.o
                0x00000000080034a6                HAL_TIM_OC_DelayElapsedCallback
 .text.HAL_TIM_IC_CaptureCallback
                0x00000000080034ba       0x14 Drivers/STM32F4xx_HAL_Driver/Src/stm32f4xx_hal_tim.o
                0x00000000080034ba                HAL_TIM_IC_CaptureCallback
 .text.HAL_TIM_PWM_PulseFinishedCallback
                0x00000000080034ce       0x14 Drivers/STM32F4xx_HAL_Driver/Src/stm32f4xx_hal_tim.o
                0x00000000080034ce                HAL_TIM_PWM_PulseFinishedCallback
 .text.HAL_TIM_TriggerCallback
                0x00000000080034e2       0x14 Drivers/STM32F4xx_HAL_Driver/Src/stm32f4xx_hal_tim.o
                0x00000000080034e2                HAL_TIM_TriggerCallback
 *fill*         0x00000000080034f6        0x2 
 .text.TIM_Base_SetConfig
                0x00000000080034f8      0x140 Drivers/STM32F4xx_HAL_Driver/Src/stm32f4xx_hal_tim.o
                0x00000000080034f8                TIM_Base_SetConfig
 .text.HAL_TIMEx_CommutCallback
                0x0000000008003638       0x14 Drivers/STM32F4xx_HAL_Driver/Src/stm32f4xx_hal_tim_ex.o
                0x0000000008003638                HAL_TIMEx_CommutCallback
 .text.HAL_TIMEx_BreakCallback
                0x000000000800364c       0x14 Drivers/STM32F4xx_HAL_Driver/Src/stm32f4xx_hal_tim_ex.o
                0x000000000800364c                HAL_TIMEx_BreakCallback
 .text.HAL_UART_Init
                0x0000000008003660       0x9a Drivers/STM32F4xx_HAL_Driver/Src/stm32f4xx_hal_uart.o
                0x0000000008003660                HAL_UART_Init
 .text.HAL_UART_Transmit
                0x00000000080036fa      0x132 Drivers/STM32F4xx_HAL_Driver/Src/stm32f4xx_hal_uart.o
                0x00000000080036fa                HAL_UART_Transmit
 .text.UART_WaitOnFlagUntilTimeout
                0x000000000800382c       0x94 Drivers/STM32F4xx_HAL_Driver/Src/stm32f4xx_hal_uart.o
 .text.UART_SetConfig
                0x00000000080038c0      0x6f8 Drivers/STM32F4xx_HAL_Driver/Src/stm32f4xx_hal_uart.o
 .text.vListInsertEnd
                0x0000000008003fb8       0x48 FreeRTOS/list.o
                0x0000000008003fb8                vListInsertEnd
 .text.uxListRemove
                0x0000000008004000       0x54 FreeRTOS/list.o
                0x0000000008004000                uxListRemove
 .text.xQueueGiveFromISR
                0x0000000008004054      0x12e FreeRTOS/queue.o
                0x0000000008004054                xQueueGiveFromISR
 *fill*         0x0000000008004182        0x2 
 .text.xTaskIncrementTick
                0x0000000008004184      0x170 FreeRTOS/tasks.o
                0x0000000008004184                xTaskIncrementTick
 .text.vTaskSwitchContext
                0x00000000080042f4       0xb4 FreeRTOS/tasks.o
                0x00000000080042f4                vTaskSwitchContext
 .text.xTaskRemoveFromEventList
                0x00000000080043a8       0xc4 FreeRTOS/tasks.o
                0x00000000080043a8                xTaskRemoveFromEventList
 .text.prvResetNextTaskUnblockTime
                0x000000000800446c       0x40 FreeRTOS/tasks.o
 *fill*         0x00000000080044ac        0x4 
 .text.SVC_Handler
                0x00000000080044b0       0x28 FreeRTOS/portable/ARM_CM4F/port.o
                0x00000000080044b0                SVC_Handler
 *fill*         0x00000000080044d8        0x8 
 .text.PendSV_Handler
                0x00000000080044e0       0x68 FreeRTOS/portable/ARM_CM4F/port.o
                0x00000000080044e0                PendSV_Handler
 .text.SysTick_Handler
                0x0000000008004548       0x40 FreeRTOS/portable/ARM_CM4F/port.o
                0x0000000008004548                SysTick_Handler
 .text.vPortValidateInterruptPriority
                0x0000000008004588       0x7c FreeRTOS/portable/ARM_CM4F/port.o
                0x0000000008004588                vPortValidateInterruptPriority
 .text.__errno  0x0000000008004604        0xc /opt/st/stm32cubeide_1.5.1/plugins/com.st.stm32cube.ide.mcu.externaltools.gnu-tools-for-stm32.7-2018-q2-update.linux64_1.5.0.202011040924/tools/bin/../lib/gcc/arm-none-eabi/7.3.1/../../../../arm-none-eabi/lib/thumb/v7e-m/fpv4-sp/hard/libc_nano.a(lib_a-errno.o)
                0x0000000008004604                __errno
 .text.__libc_init_array
                0x0000000008004610       0x48 /opt/st/stm32cubeide_1.5.1/plugins/com.st.stm32cube.ide.mcu.externaltools.gnu-tools-for-stm32.7-2018-q2-update.linux64_1.5.0.202011040924/tools/bin/../lib/gcc/arm-none-eabi/7.3.1/../../../../arm-none-eabi/lib/thumb/v7e-m/fpv4-sp/hard/libc_nano.a(lib_a-init.o)
                0x0000000008004610                __libc_init_array
 .text.memcmp   0x0000000008004658       0x1e /opt/st/stm32cubeide_1.5.1/plugins/com.st.stm32cube.ide.mcu.externaltools.gnu-tools-for-stm32.7-2018-q2-update.linux64_1.5.0.202011040924/tools/bin/../lib/gcc/arm-none-eabi/7.3.1/../../../../arm-none-eabi/lib/thumb/v7e-m/fpv4-sp/hard/libc_nano.a(lib_a-memcmp.o)
                0x0000000008004658                memcmp
 .text.memset   0x0000000008004676       0x10 /opt/st/stm32cubeide_1.5.1/plugins/com.st.stm32cube.ide.mcu.externaltools.gnu-tools-for-stm32.7-2018-q2-update.linux64_1.5.0.202011040924/tools/bin/../lib/gcc/arm-none-eabi/7.3.1/../../../../arm-none-eabi/lib/thumb/v7e-m/fpv4-sp/hard/libc_nano.a(lib_a-memset.o)
                0x0000000008004676                memset
 *fill*         0x0000000008004686        0x2 
 .text.printf   0x0000000008004688       0x30 /opt/st/stm32cubeide_1.5.1/plugins/com.st.stm32cube.ide.mcu.externaltools.gnu-tools-for-stm32.7-2018-q2-update.linux64_1.5.0.202011040924/tools/bin/../lib/gcc/arm-none-eabi/7.3.1/../../../../arm-none-eabi/lib/thumb/v7e-m/fpv4-sp/hard/libc_nano.a(lib_a-printf.o)
                0x0000000008004688                printf
                0x0000000008004688                iprintf
 .text._puts_r  0x00000000080046b8       0xb8 /opt/st/stm32cubeide_1.5.1/plugins/com.st.stm32cube.ide.mcu.externaltools.gnu-tools-for-stm32.7-2018-q2-update.linux64_1.5.0.202011040924/tools/bin/../lib/gcc/arm-none-eabi/7.3.1/../../../../arm-none-eabi/lib/thumb/v7e-m/fpv4-sp/hard/libc_nano.a(lib_a-puts.o)
                0x00000000080046b8                _puts_r
 .text.puts     0x0000000008004770       0x10 /opt/st/stm32cubeide_1.5.1/plugins/com.st.stm32cube.ide.mcu.externaltools.gnu-tools-for-stm32.7-2018-q2-update.linux64_1.5.0.202011040924/tools/bin/../lib/gcc/arm-none-eabi/7.3.1/../../../../arm-none-eabi/lib/thumb/v7e-m/fpv4-sp/hard/libc_nano.a(lib_a-puts.o)
                0x0000000008004770                puts
 .text.__swbuf_r
                0x0000000008004780       0xa4 /opt/st/stm32cubeide_1.5.1/plugins/com.st.stm32cube.ide.mcu.externaltools.gnu-tools-for-stm32.7-2018-q2-update.linux64_1.5.0.202011040924/tools/bin/../lib/gcc/arm-none-eabi/7.3.1/../../../../arm-none-eabi/lib/thumb/v7e-m/fpv4-sp/hard/libc_nano.a(lib_a-wbuf.o)
                0x0000000008004780                __swbuf_r
 .text.__swsetup_r
                0x0000000008004824       0xdc /opt/st/stm32cubeide_1.5.1/plugins/com.st.stm32cube.ide.mcu.externaltools.gnu-tools-for-stm32.7-2018-q2-update.linux64_1.5.0.202011040924/tools/bin/../lib/gcc/arm-none-eabi/7.3.1/../../../../arm-none-eabi/lib/thumb/v7e-m/fpv4-sp/hard/libc_nano.a(lib_a-wsetup.o)
                0x0000000008004824                __swsetup_r
 .text.__sflush_r
                0x0000000008004900      0x10c /opt/st/stm32cubeide_1.5.1/plugins/com.st.stm32cube.ide.mcu.externaltools.gnu-tools-for-stm32.7-2018-q2-update.linux64_1.5.0.202011040924/tools/bin/../lib/gcc/arm-none-eabi/7.3.1/../../../../arm-none-eabi/lib/thumb/v7e-m/fpv4-sp/hard/libc_nano.a(lib_a-fflush.o)
                0x0000000008004900                __sflush_r
 .text._fflush_r
                0x0000000008004a0c       0x54 /opt/st/stm32cubeide_1.5.1/plugins/com.st.stm32cube.ide.mcu.externaltools.gnu-tools-for-stm32.7-2018-q2-update.linux64_1.5.0.202011040924/tools/bin/../lib/gcc/arm-none-eabi/7.3.1/../../../../arm-none-eabi/lib/thumb/v7e-m/fpv4-sp/hard/libc_nano.a(lib_a-fflush.o)
                0x0000000008004a0c                _fflush_r
 .text.std      0x0000000008004a60       0x48 /opt/st/stm32cubeide_1.5.1/plugins/com.st.stm32cube.ide.mcu.externaltools.gnu-tools-for-stm32.7-2018-q2-update.linux64_1.5.0.202011040924/tools/bin/../lib/gcc/arm-none-eabi/7.3.1/../../../../arm-none-eabi/lib/thumb/v7e-m/fpv4-sp/hard/libc_nano.a(lib_a-findfp.o)
 .text._cleanup_r
                0x0000000008004aa8        0xc /opt/st/stm32cubeide_1.5.1/plugins/com.st.stm32cube.ide.mcu.externaltools.gnu-tools-for-stm32.7-2018-q2-update.linux64_1.5.0.202011040924/tools/bin/../lib/gcc/arm-none-eabi/7.3.1/../../../../arm-none-eabi/lib/thumb/v7e-m/fpv4-sp/hard/libc_nano.a(lib_a-findfp.o)
                0x0000000008004aa8                _cleanup_r
 .text.__sfmoreglue
                0x0000000008004ab4       0x2c /opt/st/stm32cubeide_1.5.1/plugins/com.st.stm32cube.ide.mcu.externaltools.gnu-tools-for-stm32.7-2018-q2-update.linux64_1.5.0.202011040924/tools/bin/../lib/gcc/arm-none-eabi/7.3.1/../../../../arm-none-eabi/lib/thumb/v7e-m/fpv4-sp/hard/libc_nano.a(lib_a-findfp.o)
                0x0000000008004ab4                __sfmoreglue
 .text.__sinit  0x0000000008004ae0       0x60 /opt/st/stm32cubeide_1.5.1/plugins/com.st.stm32cube.ide.mcu.externaltools.gnu-tools-for-stm32.7-2018-q2-update.linux64_1.5.0.202011040924/tools/bin/../lib/gcc/arm-none-eabi/7.3.1/../../../../arm-none-eabi/lib/thumb/v7e-m/fpv4-sp/hard/libc_nano.a(lib_a-findfp.o)
                0x0000000008004ae0                __sinit
 .text.__sfp    0x0000000008004b40       0x78 /opt/st/stm32cubeide_1.5.1/plugins/com.st.stm32cube.ide.mcu.externaltools.gnu-tools-for-stm32.7-2018-q2-update.linux64_1.5.0.202011040924/tools/bin/../lib/gcc/arm-none-eabi/7.3.1/../../../../arm-none-eabi/lib/thumb/v7e-m/fpv4-sp/hard/libc_nano.a(lib_a-findfp.o)
                0x0000000008004b40                __sfp
 .text._fwalk_reent
                0x0000000008004bb8       0x3c /opt/st/stm32cubeide_1.5.1/plugins/com.st.stm32cube.ide.mcu.externaltools.gnu-tools-for-stm32.7-2018-q2-update.linux64_1.5.0.202011040924/tools/bin/../lib/gcc/arm-none-eabi/7.3.1/../../../../arm-none-eabi/lib/thumb/v7e-m/fpv4-sp/hard/libc_nano.a(lib_a-fwalk.o)
                0x0000000008004bb8                _fwalk_reent
 .text.__swhatbuf_r
                0x0000000008004bf4       0x48 /opt/st/stm32cubeide_1.5.1/plugins/com.st.stm32cube.ide.mcu.externaltools.gnu-tools-for-stm32.7-2018-q2-update.linux64_1.5.0.202011040924/tools/bin/../lib/gcc/arm-none-eabi/7.3.1/../../../../arm-none-eabi/lib/thumb/v7e-m/fpv4-sp/hard/libc_nano.a(lib_a-makebuf.o)
                0x0000000008004bf4                __swhatbuf_r
 .text.__smakebuf_r
                0x0000000008004c3c       0x80 /opt/st/stm32cubeide_1.5.1/plugins/com.st.stm32cube.ide.mcu.externaltools.gnu-tools-for-stm32.7-2018-q2-update.linux64_1.5.0.202011040924/tools/bin/../lib/gcc/arm-none-eabi/7.3.1/../../../../arm-none-eabi/lib/thumb/v7e-m/fpv4-sp/hard/libc_nano.a(lib_a-makebuf.o)
                0x0000000008004c3c                __smakebuf_r
 .text._free_r  0x0000000008004cbc       0x9c /opt/st/stm32cubeide_1.5.1/plugins/com.st.stm32cube.ide.mcu.externaltools.gnu-tools-for-stm32.7-2018-q2-update.linux64_1.5.0.202011040924/tools/bin/../lib/gcc/arm-none-eabi/7.3.1/../../../../arm-none-eabi/lib/thumb/v7e-m/fpv4-sp/hard/libc_nano.a(lib_a-nano-freer.o)
                0x0000000008004cbc                _free_r
 .text._malloc_r
                0x0000000008004d58       0xb4 /opt/st/stm32cubeide_1.5.1/plugins/com.st.stm32cube.ide.mcu.externaltools.gnu-tools-for-stm32.7-2018-q2-update.linux64_1.5.0.202011040924/tools/bin/../lib/gcc/arm-none-eabi/7.3.1/../../../../arm-none-eabi/lib/thumb/v7e-m/fpv4-sp/hard/libc_nano.a(lib_a-nano-mallocr.o)
                0x0000000008004d58                _malloc_r
 .text.__sfputc_r
                0x0000000008004e0c       0x2e /opt/st/stm32cubeide_1.5.1/plugins/com.st.stm32cube.ide.mcu.externaltools.gnu-tools-for-stm32.7-2018-q2-update.linux64_1.5.0.202011040924/tools/bin/../lib/gcc/arm-none-eabi/7.3.1/../../../../arm-none-eabi/lib/thumb/v7e-m/fpv4-sp/hard/libc_nano.a(lib_a-nano-vfprintf.o)
 .text.__sfputs_r
                0x0000000008004e3a       0x24 /opt/st/stm32cubeide_1.5.1/plugins/com.st.stm32cube.ide.mcu.externaltools.gnu-tools-for-stm32.7-2018-q2-update.linux64_1.5.0.202011040924/tools/bin/../lib/gcc/arm-none-eabi/7.3.1/../../../../arm-none-eabi/lib/thumb/v7e-m/fpv4-sp/hard/libc_nano.a(lib_a-nano-vfprintf.o)
                0x0000000008004e3a                __sfputs_r
 *fill*         0x0000000008004e5e        0x2 
 .text._vfprintf_r
                0x0000000008004e60      0x22c /opt/st/stm32cubeide_1.5.1/plugins/com.st.stm32cube.ide.mcu.externaltools.gnu-tools-for-stm32.7-2018-q2-update.linux64_1.5.0.202011040924/tools/bin/../lib/gcc/arm-none-eabi/7.3.1/../../../../arm-none-eabi/lib/thumb/v7e-m/fpv4-sp/hard/libc_nano.a(lib_a-nano-vfprintf.o)
                0x0000000008004e60                _vfiprintf_r
                0x0000000008004e60                _vfprintf_r
 .text._printf_common
                0x000000000800508c       0xea /opt/st/stm32cubeide_1.5.1/plugins/com.st.stm32cube.ide.mcu.externaltools.gnu-tools-for-stm32.7-2018-q2-update.linux64_1.5.0.202011040924/tools/bin/../lib/gcc/arm-none-eabi/7.3.1/../../../../arm-none-eabi/lib/thumb/v7e-m/fpv4-sp/hard/libc_nano.a(lib_a-nano-vfprintf_i.o)
                0x000000000800508c                _printf_common
 *fill*         0x0000000008005176        0x2 
 .text._printf_i
                0x0000000008005178      0x224 /opt/st/stm32cubeide_1.5.1/plugins/com.st.stm32cube.ide.mcu.externaltools.gnu-tools-for-stm32.7-2018-q2-update.linux64_1.5.0.202011040924/tools/bin/../lib/gcc/arm-none-eabi/7.3.1/../../../../arm-none-eabi/lib/thumb/v7e-m/fpv4-sp/hard/libc_nano.a(lib_a-nano-vfprintf_i.o)
                0x0000000008005178                _printf_i
 .text._sbrk_r  0x000000000800539c       0x20 /opt/st/stm32cubeide_1.5.1/plugins/com.st.stm32cube.ide.mcu.externaltools.gnu-tools-for-stm32.7-2018-q2-update.linux64_1.5.0.202011040924/tools/bin/../lib/gcc/arm-none-eabi/7.3.1/../../../../arm-none-eabi/lib/thumb/v7e-m/fpv4-sp/hard/libc_nano.a(lib_a-sbrkr.o)
                0x000000000800539c                _sbrk_r
 .text.__sread  0x00000000080053bc       0x22 /opt/st/stm32cubeide_1.5.1/plugins/com.st.stm32cube.ide.mcu.externaltools.gnu-tools-for-stm32.7-2018-q2-update.linux64_1.5.0.202011040924/tools/bin/../lib/gcc/arm-none-eabi/7.3.1/../../../../arm-none-eabi/lib/thumb/v7e-m/fpv4-sp/hard/libc_nano.a(lib_a-stdio.o)
                0x00000000080053bc                __sread
 .text.__swrite
                0x00000000080053de       0x38 /opt/st/stm32cubeide_1.5.1/plugins/com.st.stm32cube.ide.mcu.externaltools.gnu-tools-for-stm32.7-2018-q2-update.linux64_1.5.0.202011040924/tools/bin/../lib/gcc/arm-none-eabi/7.3.1/../../../../arm-none-eabi/lib/thumb/v7e-m/fpv4-sp/hard/libc_nano.a(lib_a-stdio.o)
                0x00000000080053de                __swrite
 .text.__sseek  0x0000000008005416       0x24 /opt/st/stm32cubeide_1.5.1/plugins/com.st.stm32cube.ide.mcu.externaltools.gnu-tools-for-stm32.7-2018-q2-update.linux64_1.5.0.202011040924/tools/bin/../lib/gcc/arm-none-eabi/7.3.1/../../../../arm-none-eabi/lib/thumb/v7e-m/fpv4-sp/hard/libc_nano.a(lib_a-stdio.o)
                0x0000000008005416                __sseek
 .text.__sclose
                0x000000000800543a        0x8 /opt/st/stm32cubeide_1.5.1/plugins/com.st.stm32cube.ide.mcu.externaltools.gnu-tools-for-stm32.7-2018-q2-update.linux64_1.5.0.202011040924/tools/bin/../lib/gcc/arm-none-eabi/7.3.1/../../../../arm-none-eabi/lib/thumb/v7e-m/fpv4-sp/hard/libc_nano.a(lib_a-stdio.o)
                0x000000000800543a                __sclose
 *fill*         0x0000000008005442        0x2 
 .text._write_r
                0x0000000008005444       0x24 /opt/st/stm32cubeide_1.5.1/plugins/com.st.stm32cube.ide.mcu.externaltools.gnu-tools-for-stm32.7-2018-q2-update.linux64_1.5.0.202011040924/tools/bin/../lib/gcc/arm-none-eabi/7.3.1/../../../../arm-none-eabi/lib/thumb/v7e-m/fpv4-sp/hard/libc_nano.a(lib_a-writer.o)
                0x0000000008005444                _write_r
 .text._close_r
                0x0000000008005468       0x20 /opt/st/stm32cubeide_1.5.1/plugins/com.st.stm32cube.ide.mcu.externaltools.gnu-tools-for-stm32.7-2018-q2-update.linux64_1.5.0.202011040924/tools/bin/../lib/gcc/arm-none-eabi/7.3.1/../../../../arm-none-eabi/lib/thumb/v7e-m/fpv4-sp/hard/libc_nano.a(lib_a-closer.o)
                0x0000000008005468                _close_r
 .text._fstat_r
                0x0000000008005488       0x24 /opt/st/stm32cubeide_1.5.1/plugins/com.st.stm32cube.ide.mcu.externaltools.gnu-tools-for-stm32.7-2018-q2-update.linux64_1.5.0.202011040924/tools/bin/../lib/gcc/arm-none-eabi/7.3.1/../../../../arm-none-eabi/lib/thumb/v7e-m/fpv4-sp/hard/libc_nano.a(lib_a-fstatr.o)
                0x0000000008005488                _fstat_r
 .text._isatty_r
                0x00000000080054ac       0x20 /opt/st/stm32cubeide_1.5.1/plugins/com.st.stm32cube.ide.mcu.externaltools.gnu-tools-for-stm32.7-2018-q2-update.linux64_1.5.0.202011040924/tools/bin/../lib/gcc/arm-none-eabi/7.3.1/../../../../arm-none-eabi/lib/thumb/v7e-m/fpv4-sp/hard/libc_nano.a(lib_a-isattyr.o)
                0x00000000080054ac                _isatty_r
 .text._lseek_r
                0x00000000080054cc       0x24 /opt/st/stm32cubeide_1.5.1/plugins/com.st.stm32cube.ide.mcu.externaltools.gnu-tools-for-stm32.7-2018-q2-update.linux64_1.5.0.202011040924/tools/bin/../lib/gcc/arm-none-eabi/7.3.1/../../../../arm-none-eabi/lib/thumb/v7e-m/fpv4-sp/hard/libc_nano.a(lib_a-lseekr.o)
                0x00000000080054cc                _lseek_r
 .text.__malloc_lock
                0x00000000080054f0        0x2 /opt/st/stm32cubeide_1.5.1/plugins/com.st.stm32cube.ide.mcu.externaltools.gnu-tools-for-stm32.7-2018-q2-update.linux64_1.5.0.202011040924/tools/bin/../lib/gcc/arm-none-eabi/7.3.1/../../../../arm-none-eabi/lib/thumb/v7e-m/fpv4-sp/hard/libc_nano.a(lib_a-mlock.o)
                0x00000000080054f0                __malloc_lock
 .text.__malloc_unlock
                0x00000000080054f2        0x2 /opt/st/stm32cubeide_1.5.1/plugins/com.st.stm32cube.ide.mcu.externaltools.gnu-tools-for-stm32.7-2018-q2-update.linux64_1.5.0.202011040924/tools/bin/../lib/gcc/arm-none-eabi/7.3.1/../../../../arm-none-eabi/lib/thumb/v7e-m/fpv4-sp/hard/libc_nano.a(lib_a-mlock.o)
                0x00000000080054f2                __malloc_unlock
 .text._read_r  0x00000000080054f4       0x24 /opt/st/stm32cubeide_1.5.1/plugins/com.st.stm32cube.ide.mcu.externaltools.gnu-tools-for-stm32.7-2018-q2-update.linux64_1.5.0.202011040924/tools/bin/../lib/gcc/arm-none-eabi/7.3.1/../../../../arm-none-eabi/lib/thumb/v7e-m/fpv4-sp/hard/libc_nano.a(lib_a-readr.o)
                0x00000000080054f4                _read_r
 *(.glue_7)
 .glue_7        0x0000000008005518        0x0 linker stubs
 *(.glue_7t)
 .glue_7t       0x0000000008005518        0x0 linker stubs
 *(.eh_frame)
 .eh_frame      0x0000000008005518        0x0 /opt/st/stm32cubeide_1.5.1/plugins/com.st.stm32cube.ide.mcu.externaltools.gnu-tools-for-stm32.7-2018-q2-update.linux64_1.5.0.202011040924/tools/bin/../lib/gcc/arm-none-eabi/7.3.1/thumb/v7e-m/fpv4-sp/hard/crtbegin.o
 *(.init)
 .init          0x0000000008005518        0x4 /opt/st/stm32cubeide_1.5.1/plugins/com.st.stm32cube.ide.mcu.externaltools.gnu-tools-for-stm32.7-2018-q2-update.linux64_1.5.0.202011040924/tools/bin/../lib/gcc/arm-none-eabi/7.3.1/thumb/v7e-m/fpv4-sp/hard/crti.o
                0x0000000008005518                _init
 .init          0x000000000800551c        0x8 /opt/st/stm32cubeide_1.5.1/plugins/com.st.stm32cube.ide.mcu.externaltools.gnu-tools-for-stm32.7-2018-q2-update.linux64_1.5.0.202011040924/tools/bin/../lib/gcc/arm-none-eabi/7.3.1/thumb/v7e-m/fpv4-sp/hard/crtn.o
 *(.fini)
 .fini          0x0000000008005524        0x4 /opt/st/stm32cubeide_1.5.1/plugins/com.st.stm32cube.ide.mcu.externaltools.gnu-tools-for-stm32.7-2018-q2-update.linux64_1.5.0.202011040924/tools/bin/../lib/gcc/arm-none-eabi/7.3.1/thumb/v7e-m/fpv4-sp/hard/crti.o
                0x0000000008005524                _fini
 .fini          0x0000000008005528        0x8 /opt/st/stm32cubeide_1.5.1/plugins/com.st.stm32cube.ide.mcu.externaltools.gnu-tools-for-stm32.7-2018-q2-update.linux64_1.5.0.202011040924/tools/bin/../lib/gcc/arm-none-eabi/7.3.1/thumb/v7e-m/fpv4-sp/hard/crtn.o
                0x0000000008005530                . = ALIGN (0x4)
                0x0000000008005530                _etext = .

.vfp11_veneer   0x0000000008005530        0x0
 .vfp11_veneer  0x0000000008005530        0x0 linker stubs

.v4_bx          0x0000000008005530        0x0
 .v4_bx         0x0000000008005530        0x0 linker stubs

.iplt           0x0000000008005530        0x0
 .iplt          0x0000000008005530        0x0 /opt/st/stm32cubeide_1.5.1/plugins/com.st.stm32cube.ide.mcu.externaltools.gnu-tools-for-stm32.7-2018-q2-update.linux64_1.5.0.202011040924/tools/bin/../lib/gcc/arm-none-eabi/7.3.1/thumb/v7e-m/fpv4-sp/hard/crtbegin.o

.rodata         0x0000000008005530      0x140
                0x0000000008005530                . = ALIGN (0x4)
 *(.rodata)
 .rodata        0x0000000008005530       0x8f Core/Src/main.o
 *(.rodata*)
 *fill*         0x00000000080055bf        0x1 
 .rodata.AHBPrescTable
                0x00000000080055c0       0x10 Core/Src/system_stm32f4xx.o
                0x00000000080055c0                AHBPrescTable
 .rodata.APBPrescTable
                0x00000000080055d0        0x8 Core/Src/system_stm32f4xx.o
                0x00000000080055d0                APBPrescTable
 .rodata._global_impure_ptr
                0x00000000080055d8        0x4 /opt/st/stm32cubeide_1.5.1/plugins/com.st.stm32cube.ide.mcu.externaltools.gnu-tools-for-stm32.7-2018-q2-update.linux64_1.5.0.202011040924/tools/bin/../lib/gcc/arm-none-eabi/7.3.1/../../../../arm-none-eabi/lib/thumb/v7e-m/fpv4-sp/hard/libc_nano.a(lib_a-impure.o)
                0x00000000080055d8                _global_impure_ptr
 .rodata.__sf_fake_stderr
                0x00000000080055dc       0x20 /opt/st/stm32cubeide_1.5.1/plugins/com.st.stm32cube.ide.mcu.externaltools.gnu-tools-for-stm32.7-2018-q2-update.linux64_1.5.0.202011040924/tools/bin/../lib/gcc/arm-none-eabi/7.3.1/../../../../arm-none-eabi/lib/thumb/v7e-m/fpv4-sp/hard/libc_nano.a(lib_a-findfp.o)
                0x00000000080055dc                __sf_fake_stderr
 .rodata.__sf_fake_stdin
                0x00000000080055fc       0x20 /opt/st/stm32cubeide_1.5.1/plugins/com.st.stm32cube.ide.mcu.externaltools.gnu-tools-for-stm32.7-2018-q2-update.linux64_1.5.0.202011040924/tools/bin/../lib/gcc/arm-none-eabi/7.3.1/../../../../arm-none-eabi/lib/thumb/v7e-m/fpv4-sp/hard/libc_nano.a(lib_a-findfp.o)
                0x00000000080055fc                __sf_fake_stdin
 .rodata.__sf_fake_stdout
                0x000000000800561c       0x20 /opt/st/stm32cubeide_1.5.1/plugins/com.st.stm32cube.ide.mcu.externaltools.gnu-tools-for-stm32.7-2018-q2-update.linux64_1.5.0.202011040924/tools/bin/../lib/gcc/arm-none-eabi/7.3.1/../../../../arm-none-eabi/lib/thumb/v7e-m/fpv4-sp/hard/libc_nano.a(lib_a-findfp.o)
                0x000000000800561c                __sf_fake_stdout
 .rodata._vfprintf_r.str1.1
                0x000000000800563c       0x11 /opt/st/stm32cubeide_1.5.1/plugins/com.st.stm32cube.ide.mcu.externaltools.gnu-tools-for-stm32.7-2018-q2-update.linux64_1.5.0.202011040924/tools/bin/../lib/gcc/arm-none-eabi/7.3.1/../../../../arm-none-eabi/lib/thumb/v7e-m/fpv4-sp/hard/libc_nano.a(lib_a-nano-vfprintf.o)
 .rodata._printf_i.str1.1
                0x000000000800564d       0x22 /opt/st/stm32cubeide_1.5.1/plugins/com.st.stm32cube.ide.mcu.externaltools.gnu-tools-for-stm32.7-2018-q2-update.linux64_1.5.0.202011040924/tools/bin/../lib/gcc/arm-none-eabi/7.3.1/../../../../arm-none-eabi/lib/thumb/v7e-m/fpv4-sp/hard/libc_nano.a(lib_a-nano-vfprintf_i.o)
                0x0000000008005670                . = ALIGN (0x4)
 *fill*         0x000000000800566f        0x1 

.ARM.extab      0x0000000008005670        0x0
                0x0000000008005670                . = ALIGN (0x4)
 *(.ARM.extab* .gnu.linkonce.armextab.*)
                0x0000000008005670                . = ALIGN (0x4)

.ARM            0x0000000008005670        0x8
                0x0000000008005670                . = ALIGN (0x4)
                0x0000000008005670                __exidx_start = .
 *(.ARM.exidx*)
 .ARM.exidx     0x0000000008005670        0x8 /opt/st/stm32cubeide_1.5.1/plugins/com.st.stm32cube.ide.mcu.externaltools.gnu-tools-for-stm32.7-2018-q2-update.linux64_1.5.0.202011040924/tools/bin/../lib/gcc/arm-none-eabi/7.3.1/thumb/v7e-m/fpv4-sp/hard/libgcc.a(_udivmoddi4.o)
                0x0000000008005678                __exidx_end = .
                0x0000000008005678                . = ALIGN (0x4)

.rel.dyn        0x0000000008005678        0x0
 .rel.iplt      0x0000000008005678        0x0 /opt/st/stm32cubeide_1.5.1/plugins/com.st.stm32cube.ide.mcu.externaltools.gnu-tools-for-stm32.7-2018-q2-update.linux64_1.5.0.202011040924/tools/bin/../lib/gcc/arm-none-eabi/7.3.1/thumb/v7e-m/fpv4-sp/hard/crtbegin.o

.preinit_array  0x0000000008005678        0x0
                0x0000000008005678                . = ALIGN (0x4)
                0x0000000008005678                PROVIDE (__preinit_array_start = .)
 *(.preinit_array*)
                0x0000000008005678                PROVIDE (__preinit_array_end = .)
                0x0000000008005678                . = ALIGN (0x4)

.init_array     0x0000000008005678        0x4
                0x0000000008005678                . = ALIGN (0x4)
                0x0000000008005678                PROVIDE (__init_array_start = .)
 *(SORT_BY_NAME(.init_array.*))
 *(.init_array*)
 .init_array    0x0000000008005678        0x4 /opt/st/stm32cubeide_1.5.1/plugins/com.st.stm32cube.ide.mcu.externaltools.gnu-tools-for-stm32.7-2018-q2-update.linux64_1.5.0.202011040924/tools/bin/../lib/gcc/arm-none-eabi/7.3.1/thumb/v7e-m/fpv4-sp/hard/crtbegin.o
                0x000000000800567c                PROVIDE (__init_array_end = .)
                0x000000000800567c                . = ALIGN (0x4)

.fini_array     0x000000000800567c        0x4
                0x000000000800567c                . = ALIGN (0x4)
                [!provide]                        PROVIDE (__fini_array_start = .)
 *(SORT_BY_NAME(.fini_array.*))
 *(.fini_array*)
 .fini_array    0x000000000800567c        0x4 /opt/st/stm32cubeide_1.5.1/plugins/com.st.stm32cube.ide.mcu.externaltools.gnu-tools-for-stm32.7-2018-q2-update.linux64_1.5.0.202011040924/tools/bin/../lib/gcc/arm-none-eabi/7.3.1/thumb/v7e-m/fpv4-sp/hard/crtbegin.o
                [!provide]                        PROVIDE (__fini_array_end = .)
                0x0000000008005680                . = ALIGN (0x4)
                0x0000000008005680                _sidata = LOADADDR (.data)

.data           0x0000000020000000       0x74 load address 0x0000000008005680
                0x0000000020000000                . = ALIGN (0x4)
                0x0000000020000000                _sdata = .
 *(.data)
 *(.data*)
 .data.flag     0x0000000020000000        0x1 Core/Src/main.o
                0x0000000020000000                flag
 *fill*         0x0000000020000001        0x3 
 .data.SystemCoreClock
                0x0000000020000004        0x4 Core/Src/system_stm32f4xx.o
                0x0000000020000004                SystemCoreClock
 .data.uwTickPrio
                0x0000000020000008        0x4 Drivers/STM32F4xx_HAL_Driver/Src/stm32f4xx_hal.o
                0x0000000020000008                uwTickPrio
 .data.uwTickFreq
                0x000000002000000c        0x1 Drivers/STM32F4xx_HAL_Driver/Src/stm32f4xx_hal.o
                0x000000002000000c                uwTickFreq
 *fill*         0x000000002000000d        0x3 
 .data._impure_ptr
                0x0000000020000010        0x4 /opt/st/stm32cubeide_1.5.1/plugins/com.st.stm32cube.ide.mcu.externaltools.gnu-tools-for-stm32.7-2018-q2-update.linux64_1.5.0.202011040924/tools/bin/../lib/gcc/arm-none-eabi/7.3.1/../../../../arm-none-eabi/lib/thumb/v7e-m/fpv4-sp/hard/libc_nano.a(lib_a-impure.o)
                0x0000000020000010                _impure_ptr
 .data.impure_data
                0x0000000020000014       0x60 /opt/st/stm32cubeide_1.5.1/plugins/com.st.stm32cube.ide.mcu.externaltools.gnu-tools-for-stm32.7-2018-q2-update.linux64_1.5.0.202011040924/tools/bin/../lib/gcc/arm-none-eabi/7.3.1/../../../../arm-none-eabi/lib/thumb/v7e-m/fpv4-sp/hard/libc_nano.a(lib_a-impure.o)
 *(.RamFunc)
 *(.RamFunc*)
                0x0000000020000074                . = ALIGN (0x4)
                0x0000000020000074                _edata = .

.igot.plt       0x0000000020000074        0x0 load address 0x00000000080056f4
 .igot.plt      0x0000000020000074        0x0 /opt/st/stm32cubeide_1.5.1/plugins/com.st.stm32cube.ide.mcu.externaltools.gnu-tools-for-stm32.7-2018-q2-update.linux64_1.5.0.202011040924/tools/bin/../lib/gcc/arm-none-eabi/7.3.1/thumb/v7e-m/fpv4-sp/hard/crtbegin.o
                0x0000000020000074                . = ALIGN (0x4)

.bss            0x0000000020000074      0x680 load address 0x00000000080056f4
                0x0000000020000074                _sbss = .
                0x0000000020000074                __bss_start__ = _sbss
 *(.bss)
 .bss           0x0000000020000074       0x1c /opt/st/stm32cubeide_1.5.1/plugins/com.st.stm32cube.ide.mcu.externaltools.gnu-tools-for-stm32.7-2018-q2-update.linux64_1.5.0.202011040924/tools/bin/../lib/gcc/arm-none-eabi/7.3.1/thumb/v7e-m/fpv4-sp/hard/crtbegin.o
 *(.bss*)
 .bss.bufr.9861
                0x0000000020000090      0x200 Core/Src/main.o
 .bss.bufw.9862
                0x0000000020000290      0x200 Core/Src/main.o
 .bss.SD_Type   0x0000000020000490        0x1 Core/Src/mmc_sd.o
                0x0000000020000490                SD_Type
 *fill*         0x0000000020000491        0x3 
 .bss.__sbrk_heap_end
                0x0000000020000494        0x4 Core/Src/sysmem.o
 .bss.pxCurrentTCB
                0x0000000020000498        0x4 FreeRTOS/tasks.o
                0x0000000020000498                pxCurrentTCB
 .bss.pxReadyTasksLists
                0x000000002000049c      0x12c FreeRTOS/tasks.o
 .bss.pxDelayedTaskList
                0x00000000200005c8        0x4 FreeRTOS/tasks.o
 .bss.pxOverflowDelayedTaskList
                0x00000000200005cc        0x4 FreeRTOS/tasks.o
 .bss.xPendingReadyList
                0x00000000200005d0       0x14 FreeRTOS/tasks.o
 .bss.xTickCount
                0x00000000200005e4        0x4 FreeRTOS/tasks.o
 .bss.uxTopReadyPriority
                0x00000000200005e8        0x4 FreeRTOS/tasks.o
 .bss.uxPendedTicks
                0x00000000200005ec        0x4 FreeRTOS/tasks.o
 .bss.xYieldPending
                0x00000000200005f0        0x4 FreeRTOS/tasks.o
 .bss.xNumOfOverflows
                0x00000000200005f4        0x4 FreeRTOS/tasks.o
 .bss.xNextTaskUnblockTime
                0x00000000200005f8        0x4 FreeRTOS/tasks.o
 .bss.uxSchedulerSuspended
                0x00000000200005fc        0x4 FreeRTOS/tasks.o
 .bss.ucMaxSysCallPriority
                0x0000000020000600        0x1 FreeRTOS/portable/ARM_CM4F/port.o
 *fill*         0x0000000020000601        0x3 
 .bss.ulMaxPRIGROUPValue
                0x0000000020000604        0x4 FreeRTOS/portable/ARM_CM4F/port.o
 .bss.__malloc_free_list
                0x0000000020000608        0x4 /opt/st/stm32cubeide_1.5.1/plugins/com.st.stm32cube.ide.mcu.externaltools.gnu-tools-for-stm32.7-2018-q2-update.linux64_1.5.0.202011040924/tools/bin/../lib/gcc/arm-none-eabi/7.3.1/../../../../arm-none-eabi/lib/thumb/v7e-m/fpv4-sp/hard/libc_nano.a(lib_a-nano-mallocr.o)
                0x0000000020000608                __malloc_free_list
 .bss.__malloc_sbrk_start
                0x000000002000060c        0x4 /opt/st/stm32cubeide_1.5.1/plugins/com.st.stm32cube.ide.mcu.externaltools.gnu-tools-for-stm32.7-2018-q2-update.linux64_1.5.0.202011040924/tools/bin/../lib/gcc/arm-none-eabi/7.3.1/../../../../arm-none-eabi/lib/thumb/v7e-m/fpv4-sp/hard/libc_nano.a(lib_a-nano-mallocr.o)
                0x000000002000060c                __malloc_sbrk_start
 *(COMMON)
 COMMON         0x0000000020000610       0x9c Core/Src/main.o
                0x0000000020000610                xSemaphore
                0x0000000020000614                huart4
                0x0000000020000654                hspi1
 COMMON         0x00000000200006ac       0x40 Core/Src/stm32f4xx_hal_timebase_tim.o
                0x00000000200006ac                htim6
 COMMON         0x00000000200006ec        0x4 Drivers/STM32F4xx_HAL_Driver/Src/stm32f4xx_hal.o
                0x00000000200006ec                uwTick
 COMMON         0x00000000200006f0        0x4 /opt/st/stm32cubeide_1.5.1/plugins/com.st.stm32cube.ide.mcu.externaltools.gnu-tools-for-stm32.7-2018-q2-update.linux64_1.5.0.202011040924/tools/bin/../lib/gcc/arm-none-eabi/7.3.1/../../../../arm-none-eabi/lib/thumb/v7e-m/fpv4-sp/hard/libc_nano.a(lib_a-reent.o)
                0x00000000200006f0                errno
                0x00000000200006f4                . = ALIGN (0x4)
                0x00000000200006f4                _ebss = .
                0x00000000200006f4                __bss_end__ = _ebss

._user_heap_stack
                0x00000000200006f4      0x604 load address 0x00000000080056f4
                0x00000000200006f8                . = ALIGN (0x8)
 *fill*         0x00000000200006f4        0x4 
                [!provide]                        PROVIDE (end = .)
                0x00000000200006f8                PROVIDE (_end = .)
                0x00000000200008f8                . = (. + _Min_Heap_Size)
 *fill*         0x00000000200006f8      0x200 
                0x0000000020000cf8                . = (. + _Min_Stack_Size)
 *fill*         0x00000000200008f8      0x400 
                0x0000000020000cf8                . = ALIGN (0x8)

/DISCARD/
 libc.a(*)
 libm.a(*)
 libgcc.a(*)

.ARM.attributes
                0x0000000000000000       0x30
 *(.ARM.attributes)
 .ARM.attributes
                0x0000000000000000       0x22 /opt/st/stm32cubeide_1.5.1/plugins/com.st.stm32cube.ide.mcu.externaltools.gnu-tools-for-stm32.7-2018-q2-update.linux64_1.5.0.202011040924/tools/bin/../lib/gcc/arm-none-eabi/7.3.1/thumb/v7e-m/fpv4-sp/hard/crti.o
 .ARM.attributes
                0x0000000000000022       0x34 /opt/st/stm32cubeide_1.5.1/plugins/com.st.stm32cube.ide.mcu.externaltools.gnu-tools-for-stm32.7-2018-q2-update.linux64_1.5.0.202011040924/tools/bin/../lib/gcc/arm-none-eabi/7.3.1/thumb/v7e-m/fpv4-sp/hard/crtbegin.o
 .ARM.attributes
                0x0000000000000056       0x39 Core/Src/main.o
 .ARM.attributes
                0x000000000000008f       0x39 Core/Src/mmc_sd.o
 .ARM.attributes
                0x00000000000000c8       0x39 Core/Src/stm32f4xx_hal_msp.o
 .ARM.attributes
                0x0000000000000101       0x39 Core/Src/stm32f4xx_hal_timebase_tim.o
 .ARM.attributes
                0x000000000000013a       0x39 Core/Src/stm32f4xx_it.o
 .ARM.attributes
                0x0000000000000173       0x39 Core/Src/syscalls.o
 .ARM.attributes
                0x00000000000001ac       0x39 Core/Src/sysmem.o
 .ARM.attributes
                0x00000000000001e5       0x39 Core/Src/system_stm32f4xx.o
 .ARM.attributes
                0x000000000000021e       0x21 Core/Startup/startup_stm32f407vgtx.o
 .ARM.attributes
                0x000000000000023f       0x39 Drivers/STM32F4xx_HAL_Driver/Src/stm32f4xx_hal.o
 .ARM.attributes
                0x0000000000000278       0x39 Drivers/STM32F4xx_HAL_Driver/Src/stm32f4xx_hal_cortex.o
 .ARM.attributes
                0x00000000000002b1       0x39 Drivers/STM32F4xx_HAL_Driver/Src/stm32f4xx_hal_gpio.o
 .ARM.attributes
                0x00000000000002ea       0x39 Drivers/STM32F4xx_HAL_Driver/Src/stm32f4xx_hal_rcc.o
 .ARM.attributes
                0x0000000000000323       0x39 Drivers/STM32F4xx_HAL_Driver/Src/stm32f4xx_hal_spi.o
 .ARM.attributes
                0x000000000000035c       0x39 Drivers/STM32F4xx_HAL_Driver/Src/stm32f4xx_hal_tim.o
 .ARM.attributes
                0x0000000000000395       0x39 Drivers/STM32F4xx_HAL_Driver/Src/stm32f4xx_hal_tim_ex.o
 .ARM.attributes
                0x00000000000003ce       0x39 Drivers/STM32F4xx_HAL_Driver/Src/stm32f4xx_hal_uart.o
 .ARM.attributes
                0x0000000000000407       0x39 FreeRTOS/list.o
 .ARM.attributes
                0x0000000000000440       0x39 FreeRTOS/queue.o
 .ARM.attributes
                0x0000000000000479       0x39 FreeRTOS/tasks.o
 .ARM.attributes
                0x00000000000004b2       0x39 FreeRTOS/portable/ARM_CM4F/port.o
 .ARM.attributes
                0x00000000000004eb       0x34 /opt/st/stm32cubeide_1.5.1/plugins/com.st.stm32cube.ide.mcu.externaltools.gnu-tools-for-stm32.7-2018-q2-update.linux64_1.5.0.202011040924/tools/bin/../lib/gcc/arm-none-eabi/7.3.1/../../../../arm-none-eabi/lib/thumb/v7e-m/fpv4-sp/hard/libc_nano.a(lib_a-errno.o)
 .ARM.attributes
                0x000000000000051f       0x34 /opt/st/stm32cubeide_1.5.1/plugins/com.st.stm32cube.ide.mcu.externaltools.gnu-tools-for-stm32.7-2018-q2-update.linux64_1.5.0.202011040924/tools/bin/../lib/gcc/arm-none-eabi/7.3.1/../../../../arm-none-eabi/lib/thumb/v7e-m/fpv4-sp/hard/libc_nano.a(lib_a-impure.o)
 .ARM.attributes
                0x0000000000000553       0x34 /opt/st/stm32cubeide_1.5.1/plugins/com.st.stm32cube.ide.mcu.externaltools.gnu-tools-for-stm32.7-2018-q2-update.linux64_1.5.0.202011040924/tools/bin/../lib/gcc/arm-none-eabi/7.3.1/../../../../arm-none-eabi/lib/thumb/v7e-m/fpv4-sp/hard/libc_nano.a(lib_a-init.o)
 .ARM.attributes
                0x0000000000000587       0x34 /opt/st/stm32cubeide_1.5.1/plugins/com.st.stm32cube.ide.mcu.externaltools.gnu-tools-for-stm32.7-2018-q2-update.linux64_1.5.0.202011040924/tools/bin/../lib/gcc/arm-none-eabi/7.3.1/../../../../arm-none-eabi/lib/thumb/v7e-m/fpv4-sp/hard/libc_nano.a(lib_a-memcmp.o)
 .ARM.attributes
                0x00000000000005bb       0x34 /opt/st/stm32cubeide_1.5.1/plugins/com.st.stm32cube.ide.mcu.externaltools.gnu-tools-for-stm32.7-2018-q2-update.linux64_1.5.0.202011040924/tools/bin/../lib/gcc/arm-none-eabi/7.3.1/../../../../arm-none-eabi/lib/thumb/v7e-m/fpv4-sp/hard/libc_nano.a(lib_a-memset.o)
 .ARM.attributes
                0x00000000000005ef       0x34 /opt/st/stm32cubeide_1.5.1/plugins/com.st.stm32cube.ide.mcu.externaltools.gnu-tools-for-stm32.7-2018-q2-update.linux64_1.5.0.202011040924/tools/bin/../lib/gcc/arm-none-eabi/7.3.1/../../../../arm-none-eabi/lib/thumb/v7e-m/fpv4-sp/hard/libc_nano.a(lib_a-printf.o)
 .ARM.attributes
                0x0000000000000623       0x34 /opt/st/stm32cubeide_1.5.1/plugins/com.st.stm32cube.ide.mcu.externaltools.gnu-tools-for-stm32.7-2018-q2-update.linux64_1.5.0.202011040924/tools/bin/../lib/gcc/arm-none-eabi/7.3.1/../../../../arm-none-eabi/lib/thumb/v7e-m/fpv4-sp/hard/libc_nano.a(lib_a-puts.o)
 .ARM.attributes
                0x0000000000000657       0x34 /opt/st/stm32cubeide_1.5.1/plugins/com.st.stm32cube.ide.mcu.externaltools.gnu-tools-for-stm32.7-2018-q2-update.linux64_1.5.0.202011040924/tools/bin/../lib/gcc/arm-none-eabi/7.3.1/../../../../arm-none-eabi/lib/thumb/v7e-m/fpv4-sp/hard/libc_nano.a(lib_a-wbuf.o)
 .ARM.attributes
                0x000000000000068b       0x34 /opt/st/stm32cubeide_1.5.1/plugins/com.st.stm32cube.ide.mcu.externaltools.gnu-tools-for-stm32.7-2018-q2-update.linux64_1.5.0.202011040924/tools/bin/../lib/gcc/arm-none-eabi/7.3.1/../../../../arm-none-eabi/lib/thumb/v7e-m/fpv4-sp/hard/libc_nano.a(lib_a-wsetup.o)
 .ARM.attributes
                0x00000000000006bf       0x34 /opt/st/stm32cubeide_1.5.1/plugins/com.st.stm32cube.ide.mcu.externaltools.gnu-tools-for-stm32.7-2018-q2-update.linux64_1.5.0.202011040924/tools/bin/../lib/gcc/arm-none-eabi/7.3.1/../../../../arm-none-eabi/lib/thumb/v7e-m/fpv4-sp/hard/libc_nano.a(lib_a-fflush.o)
 .ARM.attributes
                0x00000000000006f3       0x34 /opt/st/stm32cubeide_1.5.1/plugins/com.st.stm32cube.ide.mcu.externaltools.gnu-tools-for-stm32.7-2018-q2-update.linux64_1.5.0.202011040924/tools/bin/../lib/gcc/arm-none-eabi/7.3.1/../../../../arm-none-eabi/lib/thumb/v7e-m/fpv4-sp/hard/libc_nano.a(lib_a-findfp.o)
 .ARM.attributes
                0x0000000000000727       0x34 /opt/st/stm32cubeide_1.5.1/plugins/com.st.stm32cube.ide.mcu.externaltools.gnu-tools-for-stm32.7-2018-q2-update.linux64_1.5.0.202011040924/tools/bin/../lib/gcc/arm-none-eabi/7.3.1/../../../../arm-none-eabi/lib/thumb/v7e-m/fpv4-sp/hard/libc_nano.a(lib_a-fwalk.o)
 .ARM.attributes
                0x000000000000075b       0x34 /opt/st/stm32cubeide_1.5.1/plugins/com.st.stm32cube.ide.mcu.externaltools.gnu-tools-for-stm32.7-2018-q2-update.linux64_1.5.0.202011040924/tools/bin/../lib/gcc/arm-none-eabi/7.3.1/../../../../arm-none-eabi/lib/thumb/v7e-m/fpv4-sp/hard/libc_nano.a(lib_a-makebuf.o)
 .ARM.attributes
                0x000000000000078f       0x34 /opt/st/stm32cubeide_1.5.1/plugins/com.st.stm32cube.ide.mcu.externaltools.gnu-tools-for-stm32.7-2018-q2-update.linux64_1.5.0.202011040924/tools/bin/../lib/gcc/arm-none-eabi/7.3.1/../../../../arm-none-eabi/lib/thumb/v7e-m/fpv4-sp/hard/libc_nano.a(lib_a-nano-freer.o)
 .ARM.attributes
                0x00000000000007c3       0x34 /opt/st/stm32cubeide_1.5.1/plugins/com.st.stm32cube.ide.mcu.externaltools.gnu-tools-for-stm32.7-2018-q2-update.linux64_1.5.0.202011040924/tools/bin/../lib/gcc/arm-none-eabi/7.3.1/../../../../arm-none-eabi/lib/thumb/v7e-m/fpv4-sp/hard/libc_nano.a(lib_a-nano-mallocr.o)
 .ARM.attributes
                0x00000000000007f7       0x34 /opt/st/stm32cubeide_1.5.1/plugins/com.st.stm32cube.ide.mcu.externaltools.gnu-tools-for-stm32.7-2018-q2-update.linux64_1.5.0.202011040924/tools/bin/../lib/gcc/arm-none-eabi/7.3.1/../../../../arm-none-eabi/lib/thumb/v7e-m/fpv4-sp/hard/libc_nano.a(lib_a-nano-vfprintf.o)
 .ARM.attributes
                0x000000000000082b       0x34 /opt/st/stm32cubeide_1.5.1/plugins/com.st.stm32cube.ide.mcu.externaltools.gnu-tools-for-stm32.7-2018-q2-update.linux64_1.5.0.202011040924/tools/bin/../lib/gcc/arm-none-eabi/7.3.1/../../../../arm-none-eabi/lib/thumb/v7e-m/fpv4-sp/hard/libc_nano.a(lib_a-nano-vfprintf_i.o)
 .ARM.attributes
                0x000000000000085f       0x34 /opt/st/stm32cubeide_1.5.1/plugins/com.st.stm32cube.ide.mcu.externaltools.gnu-tools-for-stm32.7-2018-q2-update.linux64_1.5.0.202011040924/tools/bin/../lib/gcc/arm-none-eabi/7.3.1/../../../../arm-none-eabi/lib/thumb/v7e-m/fpv4-sp/hard/libc_nano.a(lib_a-sbrkr.o)
 .ARM.attributes
                0x0000000000000893       0x34 /opt/st/stm32cubeide_1.5.1/plugins/com.st.stm32cube.ide.mcu.externaltools.gnu-tools-for-stm32.7-2018-q2-update.linux64_1.5.0.202011040924/tools/bin/../lib/gcc/arm-none-eabi/7.3.1/../../../../arm-none-eabi/lib/thumb/v7e-m/fpv4-sp/hard/libc_nano.a(lib_a-stdio.o)
 .ARM.attributes
                0x00000000000008c7       0x34 /opt/st/stm32cubeide_1.5.1/plugins/com.st.stm32cube.ide.mcu.externaltools.gnu-tools-for-stm32.7-2018-q2-update.linux64_1.5.0.202011040924/tools/bin/../lib/gcc/arm-none-eabi/7.3.1/../../../../arm-none-eabi/lib/thumb/v7e-m/fpv4-sp/hard/libc_nano.a(lib_a-writer.o)
 .ARM.attributes
                0x00000000000008fb       0x34 /opt/st/stm32cubeide_1.5.1/plugins/com.st.stm32cube.ide.mcu.externaltools.gnu-tools-for-stm32.7-2018-q2-update.linux64_1.5.0.202011040924/tools/bin/../lib/gcc/arm-none-eabi/7.3.1/../../../../arm-none-eabi/lib/thumb/v7e-m/fpv4-sp/hard/libc_nano.a(lib_a-closer.o)
 .ARM.attributes
                0x000000000000092f       0x34 /opt/st/stm32cubeide_1.5.1/plugins/com.st.stm32cube.ide.mcu.externaltools.gnu-tools-for-stm32.7-2018-q2-update.linux64_1.5.0.202011040924/tools/bin/../lib/gcc/arm-none-eabi/7.3.1/../../../../arm-none-eabi/lib/thumb/v7e-m/fpv4-sp/hard/libc_nano.a(lib_a-fstatr.o)
 .ARM.attributes
                0x0000000000000963       0x34 /opt/st/stm32cubeide_1.5.1/plugins/com.st.stm32cube.ide.mcu.externaltools.gnu-tools-for-stm32.7-2018-q2-update.linux64_1.5.0.202011040924/tools/bin/../lib/gcc/arm-none-eabi/7.3.1/../../../../arm-none-eabi/lib/thumb/v7e-m/fpv4-sp/hard/libc_nano.a(lib_a-isattyr.o)
 .ARM.attributes
                0x0000000000000997       0x34 /opt/st/stm32cubeide_1.5.1/plugins/com.st.stm32cube.ide.mcu.externaltools.gnu-tools-for-stm32.7-2018-q2-update.linux64_1.5.0.202011040924/tools/bin/../lib/gcc/arm-none-eabi/7.3.1/../../../../arm-none-eabi/lib/thumb/v7e-m/fpv4-sp/hard/libc_nano.a(lib_a-lseekr.o)
 .ARM.attributes
                0x00000000000009cb       0x20 /opt/st/stm32cubeide_1.5.1/plugins/com.st.stm32cube.ide.mcu.externaltools.gnu-tools-for-stm32.7-2018-q2-update.linux64_1.5.0.202011040924/tools/bin/../lib/gcc/arm-none-eabi/7.3.1/../../../../arm-none-eabi/lib/thumb/v7e-m/fpv4-sp/hard/libc_nano.a(lib_a-memchr.o)
 .ARM.attributes
                0x00000000000009eb       0x34 /opt/st/stm32cubeide_1.5.1/plugins/com.st.stm32cube.ide.mcu.externaltools.gnu-tools-for-stm32.7-2018-q2-update.linux64_1.5.0.202011040924/tools/bin/../lib/gcc/arm-none-eabi/7.3.1/../../../../arm-none-eabi/lib/thumb/v7e-m/fpv4-sp/hard/libc_nano.a(lib_a-mlock.o)
 .ARM.attributes
                0x0000000000000a1f       0x34 /opt/st/stm32cubeide_1.5.1/plugins/com.st.stm32cube.ide.mcu.externaltools.gnu-tools-for-stm32.7-2018-q2-update.linux64_1.5.0.202011040924/tools/bin/../lib/gcc/arm-none-eabi/7.3.1/../../../../arm-none-eabi/lib/thumb/v7e-m/fpv4-sp/hard/libc_nano.a(lib_a-readr.o)
 .ARM.attributes
                0x0000000000000a53       0x34 /opt/st/stm32cubeide_1.5.1/plugins/com.st.stm32cube.ide.mcu.externaltools.gnu-tools-for-stm32.7-2018-q2-update.linux64_1.5.0.202011040924/tools/bin/../lib/gcc/arm-none-eabi/7.3.1/../../../../arm-none-eabi/lib/thumb/v7e-m/fpv4-sp/hard/libc_nano.a(lib_a-reent.o)
 .ARM.attributes
                0x0000000000000a87       0x22 /opt/st/stm32cubeide_1.5.1/plugins/com.st.stm32cube.ide.mcu.externaltools.gnu-tools-for-stm32.7-2018-q2-update.linux64_1.5.0.202011040924/tools/bin/../lib/gcc/arm-none-eabi/7.3.1/thumb/v7e-m/fpv4-sp/hard/libgcc.a(_aeabi_uldivmod.o)
 .ARM.attributes
                0x0000000000000aa9       0x34 /opt/st/stm32cubeide_1.5.1/plugins/com.st.stm32cube.ide.mcu.externaltools.gnu-tools-for-stm32.7-2018-q2-update.linux64_1.5.0.202011040924/tools/bin/../lib/gcc/arm-none-eabi/7.3.1/thumb/v7e-m/fpv4-sp/hard/libgcc.a(_udivmoddi4.o)
 .ARM.attributes
                0x0000000000000add       0x22 /opt/st/stm32cubeide_1.5.1/plugins/com.st.stm32cube.ide.mcu.externaltools.gnu-tools-for-stm32.7-2018-q2-update.linux64_1.5.0.202011040924/tools/bin/../lib/gcc/arm-none-eabi/7.3.1/thumb/v7e-m/fpv4-sp/hard/libgcc.a(_dvmd_tls.o)
 .ARM.attributes
                0x0000000000000aff       0x22 /opt/st/stm32cubeide_1.5.1/plugins/com.st.stm32cube.ide.mcu.externaltools.gnu-tools-for-stm32.7-2018-q2-update.linux64_1.5.0.202011040924/tools/bin/../lib/gcc/arm-none-eabi/7.3.1/thumb/v7e-m/fpv4-sp/hard/crtn.o
OUTPUT(fat.elf elf32-littlearm)

.debug_info     0x0000000000000000    0x150db
 .debug_info    0x0000000000000000     0x1d24 Core/Src/main.o
 .debug_info    0x0000000000001d24      0xd29 Core/Src/mmc_sd.o
 .debug_info    0x0000000000002a4d      0xc4b Core/Src/stm32f4xx_hal_msp.o
 .debug_info    0x0000000000003698      0xb2d Core/Src/stm32f4xx_hal_timebase_tim.o
 .debug_info    0x00000000000041c5      0xb82 Core/Src/stm32f4xx_it.o
 .debug_info    0x0000000000004d47      0xebd Core/Src/syscalls.o
 .debug_info    0x0000000000005c04      0x985 Core/Src/sysmem.o
 .debug_info    0x0000000000006589      0x554 Core/Src/system_stm32f4xx.o
 .debug_info    0x0000000000006add       0x22 Core/Startup/startup_stm32f407vgtx.o
 .debug_info    0x0000000000006aff      0x945 Drivers/STM32F4xx_HAL_Driver/Src/stm32f4xx_hal.o
 .debug_info    0x0000000000007444      0xe28 Drivers/STM32F4xx_HAL_Driver/Src/stm32f4xx_hal_cortex.o
 .debug_info    0x000000000000826c      0x78f Drivers/STM32F4xx_HAL_Driver/Src/stm32f4xx_hal_gpio.o
 .debug_info    0x00000000000089fb      0x904 Drivers/STM32F4xx_HAL_Driver/Src/stm32f4xx_hal_rcc.o
 .debug_info    0x00000000000092ff     0x163a Drivers/STM32F4xx_HAL_Driver/Src/stm32f4xx_hal_spi.o
 .debug_info    0x000000000000a939     0x24a9 Drivers/STM32F4xx_HAL_Driver/Src/stm32f4xx_hal_tim.o
 .debug_info    0x000000000000cde2     0x1157 Drivers/STM32F4xx_HAL_Driver/Src/stm32f4xx_hal_tim_ex.o
 .debug_info    0x000000000000df39     0x124c Drivers/STM32F4xx_HAL_Driver/Src/stm32f4xx_hal_uart.o
 .debug_info    0x000000000000f185      0xacb FreeRTOS/list.o
 .debug_info    0x000000000000fc50     0x1ff2 FreeRTOS/queue.o
 .debug_info    0x0000000000011c42     0x275d FreeRTOS/tasks.o
 .debug_info    0x000000000001439f      0xd3c FreeRTOS/portable/ARM_CM4F/port.o

.debug_abbrev   0x0000000000000000     0x2bda
 .debug_abbrev  0x0000000000000000      0x309 Core/Src/main.o
 .debug_abbrev  0x0000000000000309      0x228 Core/Src/mmc_sd.o
 .debug_abbrev  0x0000000000000531      0x19d Core/Src/stm32f4xx_hal_msp.o
 .debug_abbrev  0x00000000000006ce      0x19d Core/Src/stm32f4xx_hal_timebase_tim.o
 .debug_abbrev  0x000000000000086b      0x17a Core/Src/stm32f4xx_it.o
 .debug_abbrev  0x00000000000009e5      0x261 Core/Src/syscalls.o
 .debug_abbrev  0x0000000000000c46      0x19b Core/Src/sysmem.o
 .debug_abbrev  0x0000000000000de1      0x12b Core/Src/system_stm32f4xx.o
 .debug_abbrev  0x0000000000000f0c       0x12 Core/Startup/startup_stm32f407vgtx.o
 .debug_abbrev  0x0000000000000f1e      0x1c7 Drivers/STM32F4xx_HAL_Driver/Src/stm32f4xx_hal.o
 .debug_abbrev  0x00000000000010e5      0x2fa Drivers/STM32F4xx_HAL_Driver/Src/stm32f4xx_hal_cortex.o
 .debug_abbrev  0x00000000000013df      0x1c9 Drivers/STM32F4xx_HAL_Driver/Src/stm32f4xx_hal_gpio.o
 .debug_abbrev  0x00000000000015a8      0x245 Drivers/STM32F4xx_HAL_Driver/Src/stm32f4xx_hal_rcc.o
 .debug_abbrev  0x00000000000017ed      0x240 Drivers/STM32F4xx_HAL_Driver/Src/stm32f4xx_hal_spi.o
 .debug_abbrev  0x0000000000001a2d      0x230 Drivers/STM32F4xx_HAL_Driver/Src/stm32f4xx_hal_tim.o
 .debug_abbrev  0x0000000000001c5d      0x21e Drivers/STM32F4xx_HAL_Driver/Src/stm32f4xx_hal_tim_ex.o
 .debug_abbrev  0x0000000000001e7b      0x242 Drivers/STM32F4xx_HAL_Driver/Src/stm32f4xx_hal_uart.o
 .debug_abbrev  0x00000000000020bd      0x1cf FreeRTOS/list.o
 .debug_abbrev  0x000000000000228c      0x2f1 FreeRTOS/queue.o
 .debug_abbrev  0x000000000000257d      0x363 FreeRTOS/tasks.o
 .debug_abbrev  0x00000000000028e0      0x2fa FreeRTOS/portable/ARM_CM4F/port.o

.debug_aranges  0x0000000000000000     0x1298
 .debug_aranges
                0x0000000000000000       0xa0 Core/Src/main.o
 .debug_aranges
                0x00000000000000a0       0xa8 Core/Src/mmc_sd.o
 .debug_aranges
                0x0000000000000148       0x40 Core/Src/stm32f4xx_hal_msp.o
 .debug_aranges
                0x0000000000000188       0x30 Core/Src/stm32f4xx_hal_timebase_tim.o
 .debug_aranges
                0x00000000000001b8       0x70 Core/Src/stm32f4xx_it.o
 .debug_aranges
                0x0000000000000228       0xa8 Core/Src/syscalls.o
 .debug_aranges
                0x00000000000002d0       0x20 Core/Src/sysmem.o
 .debug_aranges
                0x00000000000002f0       0x28 Core/Src/system_stm32f4xx.o
 .debug_aranges
                0x0000000000000318       0x28 Core/Startup/startup_stm32f407vgtx.o
 .debug_aranges
                0x0000000000000340       0xf0 Drivers/STM32F4xx_HAL_Driver/Src/stm32f4xx_hal.o
 .debug_aranges
                0x0000000000000430      0x118 Drivers/STM32F4xx_HAL_Driver/Src/stm32f4xx_hal_cortex.o
 .debug_aranges
                0x0000000000000548       0x50 Drivers/STM32F4xx_HAL_Driver/Src/stm32f4xx_hal_gpio.o
 .debug_aranges
                0x0000000000000598       0x88 Drivers/STM32F4xx_HAL_Driver/Src/stm32f4xx_hal_rcc.o
 .debug_aranges
                0x0000000000000620      0x1d0 Drivers/STM32F4xx_HAL_Driver/Src/stm32f4xx_hal_spi.o
 .debug_aranges
                0x00000000000007f0      0x3a8 Drivers/STM32F4xx_HAL_Driver/Src/stm32f4xx_hal_tim.o
 .debug_aranges
                0x0000000000000b98      0x150 Drivers/STM32F4xx_HAL_Driver/Src/stm32f4xx_hal_tim_ex.o
 .debug_aranges
                0x0000000000000ce8      0x1d0 Drivers/STM32F4xx_HAL_Driver/Src/stm32f4xx_hal_uart.o
 .debug_aranges
                0x0000000000000eb8       0x40 FreeRTOS/list.o
 .debug_aranges
                0x0000000000000ef8      0x130 FreeRTOS/queue.o
 .debug_aranges
                0x0000000000001028      0x1f0 FreeRTOS/tasks.o
 .debug_aranges
                0x0000000000001218       0x80 FreeRTOS/portable/ARM_CM4F/port.o

.debug_ranges   0x0000000000000000     0x1150
 .debug_ranges  0x0000000000000000       0x90 Core/Src/main.o
 .debug_ranges  0x0000000000000090       0x98 Core/Src/mmc_sd.o
 .debug_ranges  0x0000000000000128       0x30 Core/Src/stm32f4xx_hal_msp.o
 .debug_ranges  0x0000000000000158       0x20 Core/Src/stm32f4xx_hal_timebase_tim.o
 .debug_ranges  0x0000000000000178       0x60 Core/Src/stm32f4xx_it.o
 .debug_ranges  0x00000000000001d8       0x98 Core/Src/syscalls.o
 .debug_ranges  0x0000000000000270       0x10 Core/Src/sysmem.o
 .debug_ranges  0x0000000000000280       0x18 Core/Src/system_stm32f4xx.o
 .debug_ranges  0x0000000000000298       0x20 Core/Startup/startup_stm32f407vgtx.o
 .debug_ranges  0x00000000000002b8       0xe0 Drivers/STM32F4xx_HAL_Driver/Src/stm32f4xx_hal.o
 .debug_ranges  0x0000000000000398      0x108 Drivers/STM32F4xx_HAL_Driver/Src/stm32f4xx_hal_cortex.o
 .debug_ranges  0x00000000000004a0       0x40 Drivers/STM32F4xx_HAL_Driver/Src/stm32f4xx_hal_gpio.o
 .debug_ranges  0x00000000000004e0       0x78 Drivers/STM32F4xx_HAL_Driver/Src/stm32f4xx_hal_rcc.o
 .debug_ranges  0x0000000000000558      0x1c0 Drivers/STM32F4xx_HAL_Driver/Src/stm32f4xx_hal_spi.o
 .debug_ranges  0x0000000000000718      0x398 Drivers/STM32F4xx_HAL_Driver/Src/stm32f4xx_hal_tim.o
 .debug_ranges  0x0000000000000ab0      0x140 Drivers/STM32F4xx_HAL_Driver/Src/stm32f4xx_hal_tim_ex.o
 .debug_ranges  0x0000000000000bf0      0x1c0 Drivers/STM32F4xx_HAL_Driver/Src/stm32f4xx_hal_uart.o
 .debug_ranges  0x0000000000000db0       0x30 FreeRTOS/list.o
 .debug_ranges  0x0000000000000de0      0x120 FreeRTOS/queue.o
 .debug_ranges  0x0000000000000f00      0x1e0 FreeRTOS/tasks.o
 .debug_ranges  0x00000000000010e0       0x70 FreeRTOS/portable/ARM_CM4F/port.o

.debug_macro    0x0000000000000000    0x239e7
 .debug_macro   0x0000000000000000      0x487 Core/Src/main.o
 .debug_macro   0x0000000000000487      0xa5a Core/Src/main.o
 .debug_macro   0x0000000000000ee1      0x29a Core/Src/main.o
 .debug_macro   0x000000000000117b       0x2e Core/Src/main.o
 .debug_macro   0x00000000000011a9       0x2f Core/Src/main.o
 .debug_macro   0x00000000000011d8       0x22 Core/Src/main.o
 .debug_macro   0x00000000000011fa       0x8e Core/Src/main.o
 .debug_macro   0x0000000000001288       0x51 Core/Src/main.o
 .debug_macro   0x00000000000012d9       0xef Core/Src/main.o
 .debug_macro   0x00000000000013c8       0x6a Core/Src/main.o
 .debug_macro   0x0000000000001432      0x1df Core/Src/main.o
 .debug_macro   0x0000000000001611       0x1c Core/Src/main.o
 .debug_macro   0x000000000000162d       0x22 Core/Src/main.o
 .debug_macro   0x000000000000164f       0xdf Core/Src/main.o
 .debug_macro   0x000000000000172e     0x102d Core/Src/main.o
 .debug_macro   0x000000000000275b      0x11f Core/Src/main.o
 .debug_macro   0x000000000000287a    0x15e3c Core/Src/main.o
 .debug_macro   0x00000000000186b6       0x43 Core/Src/main.o
 .debug_macro   0x00000000000186f9     0x3659 Core/Src/main.o
 .debug_macro   0x000000000001bd52      0x174 Core/Src/main.o
 .debug_macro   0x000000000001bec6       0x5a Core/Src/main.o
 .debug_macro   0x000000000001bf20      0x96b Core/Src/main.o
 .debug_macro   0x000000000001c88b      0x9fe Core/Src/main.o
 .debug_macro   0x000000000001d289      0x117 Core/Src/main.o
 .debug_macro   0x000000000001d3a0      0x13e Core/Src/main.o
 .debug_macro   0x000000000001d4de       0x27 Core/Src/main.o
 .debug_macro   0x000000000001d505      0x174 Core/Src/main.o
 .debug_macro   0x000000000001d679      0x287 Core/Src/main.o
 .debug_macro   0x000000000001d900       0x5f Core/Src/main.o
 .debug_macro   0x000000000001d95f      0x236 Core/Src/main.o
 .debug_macro   0x000000000001db95      0x12c Core/Src/main.o
 .debug_macro   0x000000000001dcc1      0x21e Core/Src/main.o
 .debug_macro   0x000000000001dedf       0x2e Core/Src/main.o
 .debug_macro   0x000000000001df0d      0x11a Core/Src/main.o
 .debug_macro   0x000000000001e027       0x7e Core/Src/main.o
 .debug_macro   0x000000000001e0a5       0x89 Core/Src/main.o
 .debug_macro   0x000000000001e12e      0x225 Core/Src/main.o
 .debug_macro   0x000000000001e353      0x8a0 Core/Src/main.o
 .debug_macro   0x000000000001ebf3       0x47 Core/Src/main.o
 .debug_macro   0x000000000001ec3a      0x287 Core/Src/main.o
 .debug_macro   0x000000000001eec1      0x12d Core/Src/main.o
 .debug_macro   0x000000000001efee       0xe2 Core/Src/main.o
 .debug_macro   0x000000000001f0d0       0x46 Core/Src/main.o
 .debug_macro   0x000000000001f116       0x18 Core/Src/main.o
 .debug_macro   0x000000000001f12e       0x3c Core/Src/main.o
 .debug_macro   0x000000000001f16a       0x34 Core/Src/main.o
 .debug_macro   0x000000000001f19e       0x52 Core/Src/main.o
 .debug_macro   0x000000000001f1f0       0x1f Core/Src/main.o
 .debug_macro   0x000000000001f20f       0x43 Core/Src/main.o
 .debug_macro   0x000000000001f252       0x20 Core/Src/main.o
 .debug_macro   0x000000000001f272      0x1a3 Core/Src/main.o
 .debug_macro   0x000000000001f415      0x32a Core/Src/main.o
 .debug_macro   0x000000000001f73f       0x10 Core/Src/main.o
 .debug_macro   0x000000000001f74f       0x35 Core/Src/main.o
 .debug_macro   0x000000000001f784       0x20 Core/Src/main.o
 .debug_macro   0x000000000001f7a4      0x106 Core/Src/main.o
 .debug_macro   0x000000000001f8aa      0x15a Core/Src/main.o
 .debug_macro   0x000000000001fa04       0xe4 Core/Src/main.o
 .debug_macro   0x000000000001fae8       0x1c Core/Src/main.o
 .debug_macro   0x000000000001fb04       0x26 Core/Src/main.o
 .debug_macro   0x000000000001fb2a      0x4d3 Core/Src/main.o
 .debug_macro   0x000000000001fffd       0x1c Core/Src/main.o
 .debug_macro   0x0000000000020019       0x10 Core/Src/main.o
 .debug_macro   0x0000000000020029       0x10 Core/Src/main.o
 .debug_macro   0x0000000000020039       0x1c Core/Src/main.o
 .debug_macro   0x0000000000020055       0x52 Core/Src/main.o
 .debug_macro   0x00000000000200a7       0x40 Core/Src/main.o
 .debug_macro   0x00000000000200e7       0x10 Core/Src/main.o
 .debug_macro   0x00000000000200f7       0x40 Core/Src/main.o
 .debug_macro   0x0000000000020137       0xd7 Core/Src/main.o
 .debug_macro   0x000000000002020e       0x1c Core/Src/main.o
 .debug_macro   0x000000000002022a       0x3d Core/Src/main.o
 .debug_macro   0x0000000000020267       0x16 Core/Src/main.o
 .debug_macro   0x000000000002027d      0x145 Core/Src/main.o
 .debug_macro   0x00000000000203c2       0xb5 Core/Src/main.o
 .debug_macro   0x0000000000020477       0xaa Core/Src/main.o
 .debug_macro   0x0000000000020521       0x80 Core/Src/main.o
 .debug_macro   0x00000000000205a1       0x7e Core/Src/main.o
 .debug_macro   0x000000000002061f      0x1f1 Core/Src/mmc_sd.o
 .debug_macro   0x0000000000020810      0x1e2 Core/Src/stm32f4xx_hal_msp.o
 .debug_macro   0x00000000000209f2      0x1d8 Core/Src/stm32f4xx_hal_timebase_tim.o
 .debug_macro   0x0000000000020bca      0x1ec Core/Src/stm32f4xx_it.o
 .debug_macro   0x0000000000020db6      0x243 Core/Src/syscalls.o
 .debug_macro   0x0000000000020ff9       0x40 Core/Src/syscalls.o
 .debug_macro   0x0000000000021039       0x94 Core/Src/syscalls.o
 .debug_macro   0x00000000000210cd       0x57 Core/Src/syscalls.o
 .debug_macro   0x0000000000021124      0x330 Core/Src/syscalls.o
 .debug_macro   0x0000000000021454       0x10 Core/Src/syscalls.o
 .debug_macro   0x0000000000021464       0x10 Core/Src/syscalls.o
 .debug_macro   0x0000000000021474       0x10 Core/Src/syscalls.o
 .debug_macro   0x0000000000021484       0x35 Core/Src/syscalls.o
 .debug_macro   0x00000000000214b9      0x122 Core/Src/syscalls.o
 .debug_macro   0x00000000000215db       0x16 Core/Src/syscalls.o
 .debug_macro   0x00000000000215f1       0x16 Core/Src/syscalls.o
 .debug_macro   0x0000000000021607       0x29 Core/Src/syscalls.o
 .debug_macro   0x0000000000021630       0x10 Core/Src/syscalls.o
 .debug_macro   0x0000000000021640      0x241 Core/Src/syscalls.o
 .debug_macro   0x0000000000021881       0x10 Core/Src/syscalls.o
 .debug_macro   0x0000000000021891      0x189 Core/Src/syscalls.o
 .debug_macro   0x0000000000021a1a       0x16 Core/Src/syscalls.o
 .debug_macro   0x0000000000021a30       0x88 Core/Src/syscalls.o
 .debug_macro   0x0000000000021ab8       0xee Core/Src/sysmem.o
 .debug_macro   0x0000000000021ba6      0x23b Core/Src/sysmem.o
 .debug_macro   0x0000000000021de1      0x1de Core/Src/system_stm32f4xx.o
 .debug_macro   0x0000000000021fbf      0x238 Drivers/STM32F4xx_HAL_Driver/Src/stm32f4xx_hal.o
 .debug_macro   0x00000000000221f7      0x1d8 Drivers/STM32F4xx_HAL_Driver/Src/stm32f4xx_hal_cortex.o
 .debug_macro   0x00000000000223cf      0x20e Drivers/STM32F4xx_HAL_Driver/Src/stm32f4xx_hal_gpio.o
 .debug_macro   0x00000000000225dd      0x1fc Drivers/STM32F4xx_HAL_Driver/Src/stm32f4xx_hal_rcc.o
 .debug_macro   0x00000000000227d9      0x1e7 Drivers/STM32F4xx_HAL_Driver/Src/stm32f4xx_hal_spi.o
 .debug_macro   0x00000000000229c0      0x1d9 Drivers/STM32F4xx_HAL_Driver/Src/stm32f4xx_hal_tim.o
 .debug_macro   0x0000000000022b99      0x1d8 Drivers/STM32F4xx_HAL_Driver/Src/stm32f4xx_hal_tim_ex.o
 .debug_macro   0x0000000000022d71      0x1d9 Drivers/STM32F4xx_HAL_Driver/Src/stm32f4xx_hal_uart.o
 .debug_macro   0x0000000000022f4a      0x186 FreeRTOS/list.o
 .debug_macro   0x00000000000230d0      0x2d4 FreeRTOS/queue.o
 .debug_macro   0x00000000000233a4       0x16 FreeRTOS/queue.o
 .debug_macro   0x00000000000233ba      0x331 FreeRTOS/tasks.o
 .debug_macro   0x00000000000236eb       0x10 FreeRTOS/tasks.o
 .debug_macro   0x00000000000236fb      0x2ec FreeRTOS/portable/ARM_CM4F/port.o

.debug_line     0x0000000000000000     0xdc08
 .debug_line    0x0000000000000000      0xc9c Core/Src/main.o
 .debug_line    0x0000000000000c9c      0x9e3 Core/Src/mmc_sd.o
 .debug_line    0x000000000000167f      0x712 Core/Src/stm32f4xx_hal_msp.o
 .debug_line    0x0000000000001d91      0x6e8 Core/Src/stm32f4xx_hal_timebase_tim.o
 .debug_line    0x0000000000002479      0x77f Core/Src/stm32f4xx_it.o
 .debug_line    0x0000000000002bf8      0x711 Core/Src/syscalls.o
 .debug_line    0x0000000000003309      0x49a Core/Src/sysmem.o
 .debug_line    0x00000000000037a3      0x6cf Core/Src/system_stm32f4xx.o
 .debug_line    0x0000000000003e72       0x85 Core/Startup/startup_stm32f407vgtx.o
 .debug_line    0x0000000000003ef7      0x8b9 Drivers/STM32F4xx_HAL_Driver/Src/stm32f4xx_hal.o
 .debug_line    0x00000000000047b0      0x9dd Drivers/STM32F4xx_HAL_Driver/Src/stm32f4xx_hal_cortex.o
 .debug_line    0x000000000000518d      0x887 Drivers/STM32F4xx_HAL_Driver/Src/stm32f4xx_hal_gpio.o
 .debug_line    0x0000000000005a14      0x911 Drivers/STM32F4xx_HAL_Driver/Src/stm32f4xx_hal_rcc.o
 .debug_line    0x0000000000006325     0x1075 Drivers/STM32F4xx_HAL_Driver/Src/stm32f4xx_hal_spi.o
 .debug_line    0x000000000000739a     0x1932 Drivers/STM32F4xx_HAL_Driver/Src/stm32f4xx_hal_tim.o
 .debug_line    0x0000000000008ccc      0xccf Drivers/STM32F4xx_HAL_Driver/Src/stm32f4xx_hal_tim_ex.o
 .debug_line    0x000000000000999b      0xfc7 Drivers/STM32F4xx_HAL_Driver/Src/stm32f4xx_hal_uart.o
 .debug_line    0x000000000000a962      0x629 FreeRTOS/list.o
 .debug_line    0x000000000000af8b     0x10a8 FreeRTOS/queue.o
 .debug_line    0x000000000000c033     0x1364 FreeRTOS/tasks.o
 .debug_line    0x000000000000d397      0x871 FreeRTOS/portable/ARM_CM4F/port.o

.debug_str      0x0000000000000000    0xd4258
 .debug_str     0x0000000000000000    0xcd673 Core/Src/main.o
                                      0xcdacd (size before relaxing)
 .debug_str     0x00000000000cd673      0x13f Core/Src/mmc_sd.o
                                      0xc41d8 (size before relaxing)
 .debug_str     0x00000000000cd7b2       0x7d Core/Src/stm32f4xx_hal_msp.o
                                      0xc3f36 (size before relaxing)
 .debug_str     0x00000000000cd82f       0xaa Core/Src/stm32f4xx_hal_timebase_tim.o
                                      0xc42d3 (size before relaxing)
 .debug_str     0x00000000000cd8d9       0xb7 Core/Src/stm32f4xx_it.o
                                      0xc4009 (size before relaxing)
 .debug_str     0x00000000000cd990     0x106c Core/Src/syscalls.o
                                       0x888f (size before relaxing)
 .debug_str     0x00000000000ce9fc       0x6b Core/Src/sysmem.o
                                       0x5f5d (size before relaxing)
 .debug_str     0x00000000000cea67       0xc4 Core/Src/system_stm32f4xx.o
                                      0xc395d (size before relaxing)
 .debug_str     0x00000000000ceb2b       0x36 Core/Startup/startup_stm32f407vgtx.o
                                         0x6a (size before relaxing)
 .debug_str     0x00000000000ceb61      0x53d Drivers/STM32F4xx_HAL_Driver/Src/stm32f4xx_hal.o
                                      0xc442a (size before relaxing)
 .debug_str     0x00000000000cf09e      0x392 Drivers/STM32F4xx_HAL_Driver/Src/stm32f4xx_hal_cortex.o
                                      0xc4219 (size before relaxing)
 .debug_str     0x00000000000cf430      0x1ec Drivers/STM32F4xx_HAL_Driver/Src/stm32f4xx_hal_gpio.o
                                      0xc3b85 (size before relaxing)
 .debug_str     0x00000000000cf61c      0x244 Drivers/STM32F4xx_HAL_Driver/Src/stm32f4xx_hal_rcc.o
                                      0xc3d4a (size before relaxing)
 .debug_str     0x00000000000cf860      0x560 Drivers/STM32F4xx_HAL_Driver/Src/stm32f4xx_hal_spi.o
                                      0xc41cb (size before relaxing)
 .debug_str     0x00000000000cfdc0      0xd69 Drivers/STM32F4xx_HAL_Driver/Src/stm32f4xx_hal_tim.o
                                      0xc4a69 (size before relaxing)
 .debug_str     0x00000000000d0b29      0x4ec Drivers/STM32F4xx_HAL_Driver/Src/stm32f4xx_hal_tim_ex.o
                                      0xc4269 (size before relaxing)
 .debug_str     0x00000000000d1015      0x507 Drivers/STM32F4xx_HAL_Driver/Src/stm32f4xx_hal_uart.o
                                      0xc41a9 (size before relaxing)
 .debug_str     0x00000000000d151c      0x184 FreeRTOS/list.o
                                       0xa82c (size before relaxing)
 .debug_str     0x00000000000d16a0      0x8c3 FreeRTOS/queue.o
                                       0xd0e4 (size before relaxing)
 .debug_str     0x00000000000d1f63     0x1b15 FreeRTOS/tasks.o
                                       0xdd59 (size before relaxing)
 .debug_str     0x00000000000d3a78      0x7e0 FreeRTOS/portable/ARM_CM4F/port.o
                                       0xc6aa (size before relaxing)

.comment        0x0000000000000000       0x7b
 .comment       0x0000000000000000       0x7b Core/Src/main.o
                                         0x7c (size before relaxing)
 .comment       0x000000000000007b       0x7c Core/Src/mmc_sd.o
 .comment       0x000000000000007b       0x7c Core/Src/stm32f4xx_hal_msp.o
 .comment       0x000000000000007b       0x7c Core/Src/stm32f4xx_hal_timebase_tim.o