Archive member included to satisfy reference by file (symbol)

/opt/st/stm32cubeide_1.5.1/plugins/com.st.stm32cube.ide.mcu.externaltools.gnu-tools-for-stm32.7-2018-q2-update.linux64_1.5.0.202011040924/tools/bin/../lib/gcc/arm-none-eabi/7.3.1/../../../../arm-none-eabi/lib/thumb/v7e-m/fpv4-sp/hard/libc_nano.a(lib_a-errno.o)
                              Core/Src/syscalls.o (__errno)
/opt/st/stm32cubeide_1.5.1/plugins/com.st.stm32cube.ide.mcu.externaltools.gnu-tools-for-stm32.7-2018-q2-update.linux64_1.5.0.202011040924/tools/bin/../lib/gcc/arm-none-eabi/7.3.1/../../../../arm-none-eabi/lib/thumb/v7e-m/fpv4-sp/hard/libc_nano.a(lib_a-exit.o)
                              /opt/st/stm32cubeide_1.5.1/plugins/com.st.stm32cube.ide.mcu.externaltools.gnu-tools-for-stm32.7-2018-q2-update.linux64_1.5.0.202011040924/tools/bin/../lib/gcc/arm-none-eabi/7.3.1/../../../../arm-none-eabi/lib/thumb/v7e-m/fpv4-sp/hard/crt0.o (exit)
/opt/st/stm32cubeide_1.5.1/plugins/com.st.stm32cube.ide.mcu.externaltools.gnu-tools-for-stm32.7-2018-q2-update.linux64_1.5.0.202011040924/tools/bin/../lib/gcc/arm-none-eabi/7.3.1/../../../../arm-none-eabi/lib/thumb/v7e-m/fpv4-sp/hard/libc_nano.a(lib_a-impure.o)
                              /opt/st/stm32cubeide_1.5.1/plugins/com.st.stm32cube.ide.mcu.externaltools.gnu-tools-for-stm32.7-2018-q2-update.linux64_1.5.0.202011040924/tools/bin/../lib/gcc/arm-none-eabi/7.3.1/../../../../arm-none-eabi/lib/thumb/v7e-m/fpv4-sp/hard/libc_nano.a(lib_a-exit.o) (_global_impure_ptr)
/opt/st/stm32cubeide_1.5.1/plugins/com.st.stm32cube.ide.mcu.externaltools.gnu-tools-for-stm32.7-2018-q2-update.linux64_1.5.0.202011040924/tools/bin/../lib/gcc/arm-none-eabi/7.3.1/../../../../arm-none-eabi/lib/thumb/v7e-m/fpv4-sp/hard/libc_nano.a(lib_a-init.o)
                              /opt/st/stm32cubeide_1.5.1/plugins/com.st.stm32cube.ide.mcu.externaltools.gnu-tools-for-stm32.7-2018-q2-update.linux64_1.5.0.202011040924/tools/bin/../lib/gcc/arm-none-eabi/7.3.1/../../../../arm-none-eabi/lib/thumb/v7e-m/fpv4-sp/hard/crt0.o (__libc_init_array)
/opt/st/stm32cubeide_1.5.1/plugins/com.st.stm32cube.ide.mcu.externaltools.gnu-tools-for-stm32.7-2018-q2-update.linux64_1.5.0.202011040924/tools/bin/../lib/gcc/arm-none-eabi/7.3.1/../../../../arm-none-eabi/lib/thumb/v7e-m/fpv4-sp/hard/libc_nano.a(lib_a-memcpy-stub.o)
                              FreeRTOS/queue.o (memcpy)
/opt/st/stm32cubeide_1.5.1/plugins/com.st.stm32cube.ide.mcu.externaltools.gnu-tools-for-stm32.7-2018-q2-update.linux64_1.5.0.202011040924/tools/bin/../lib/gcc/arm-none-eabi/7.3.1/../../../../arm-none-eabi/lib/thumb/v7e-m/fpv4-sp/hard/libc_nano.a(lib_a-memset.o)
                              /opt/st/stm32cubeide_1.5.1/plugins/com.st.stm32cube.ide.mcu.externaltools.gnu-tools-for-stm32.7-2018-q2-update.linux64_1.5.0.202011040924/tools/bin/../lib/gcc/arm-none-eabi/7.3.1/../../../../arm-none-eabi/lib/thumb/v7e-m/fpv4-sp/hard/crt0.o (memset)
/opt/st/stm32cubeide_1.5.1/plugins/com.st.stm32cube.ide.mcu.externaltools.gnu-tools-for-stm32.7-2018-q2-update.linux64_1.5.0.202011040924/tools/bin/../lib/gcc/arm-none-eabi/7.3.1/../../../../arm-none-eabi/lib/thumb/v7e-m/fpv4-sp/hard/libc_nano.a(lib_a-printf.o)
                              Core/Src/main.o (printf)
/opt/st/stm32cubeide_1.5.1/plugins/com.st.stm32cube.ide.mcu.externaltools.gnu-tools-for-stm32.7-2018-q2-update.linux64_1.5.0.202011040924/tools/bin/../lib/gcc/arm-none-eabi/7.3.1/../../../../arm-none-eabi/lib/thumb/v7e-m/fpv4-sp/hard/libc_nano.a(lib_a-strcpy.o)
                              FreeRTOS/tasks.o (strcpy)
/opt/st/stm32cubeide_1.5.1/plugins/com.st.stm32cube.ide.mcu.externaltools.gnu-tools-for-stm32.7-2018-q2-update.linux64_1.5.0.202011040924/tools/bin/../lib/gcc/arm-none-eabi/7.3.1/../../../../arm-none-eabi/lib/thumb/v7e-m/fpv4-sp/hard/libc_nano.a(lib_a-strncpy.o)
                              FreeRTOS/tasks.o (strncpy)
/opt/st/stm32cubeide_1.5.1/plugins/com.st.stm32cube.ide.mcu.externaltools.gnu-tools-for-stm32.7-2018-q2-update.linux64_1.5.0.202011040924/tools/bin/../lib/gcc/arm-none-eabi/7.3.1/../../../../arm-none-eabi/lib/thumb/v7e-m/fpv4-sp/hard/libc_nano.a(lib_a-findfp.o)
                              /opt/st/stm32cubeide_1.5.1/plugins/com.st.stm32cube.ide.mcu.externaltools.gnu-tools-for-stm32.7-2018-q2-update.linux64_1.5.0.202011040924/tools/bin/../lib/gcc/arm-none-eabi/7.3.1/../../../../arm-none-eabi/lib/thumb/v7e-m/fpv4-sp/hard/libc_nano.a(lib_a-printf.o) (__sinit)
/opt/st/stm32cubeide_1.5.1/plugins/com.st.stm32cube.ide.mcu.externaltools.gnu-tools-for-stm32.7-2018-q2-update.linux64_1.5.0.202011040924/tools/bin/../lib/gcc/arm-none-eabi/7.3.1/../../../../arm-none-eabi/lib/thumb/v7e-m/fpv4-sp/hard/libc_nano.a(lib_a-fwalk.o)
                              /opt/st/stm32cubeide_1.5.1/plugins/com.st.stm32cube.ide.mcu.externaltools.gnu-tools-for-stm32.7-2018-q2-update.linux64_1.5.0.202011040924/tools/bin/../lib/gcc/arm-none-eabi/7.3.1/../../../../arm-none-eabi/lib/thumb/v7e-m/fpv4-sp/hard/libc_nano.a(lib_a-findfp.o) (_fwalk)
[...]
Memory Configuration

Name             Origin             Length             Attributes
CCMRAM           0x0000000010000000 0x0000000000010000 xrw
RAM              0x0000000020000000 0x0000000000020000 xrw
FLASH            0x0000000008000000 0x0000000000100000 xr
*default*        0x0000000000000000 0xffffffffffffffff

Linker script and memory map

LOAD /opt/st/stm32cubeide_1.5.1/plugins/com.st.stm32cube.ide.mcu.externaltools.gnu-tools-for-stm32.7-2018-q2-update.linux64_1.5.0.202011040924/tools/bin/../lib/gcc/arm-none-eabi/7.3.1/thumb/v7e-m/fpv4-sp/hard/crti.o
LOAD /opt/st/stm32cubeide_1.5.1/plugins/com.st.stm32cube.ide.mcu.externaltools.gnu-tools-for-stm32.7-2018-q2-update.linux64_1.5.0.202011040924/tools/bin/../lib/gcc/arm-none-eabi/7.3.1/thumb/v7e-m/fpv4-sp/hard/crtbegin.o
LOAD /opt/st/stm32cubeide_1.5.1/plugins/com.st.stm32cube.ide.mcu.externaltools.gnu-tools-for-stm32.7-2018-q2-update.linux64_1.5.0.202011040924/tools/bin/../lib/gcc/arm-none-eabi/7.3.1/../../../../arm-none-eabi/lib/thumb/v7e-m/fpv4-sp/hard/crt0.o
LOAD Core/Src/main.o
LOAD Core/Src/stm32f4xx_hal_msp.o
LOAD Core/Src/stm32f4xx_hal_timebase_tim.o
LOAD Core/Src/stm32f4xx_it.o
LOAD Core/Src/syscalls.o
LOAD Core/Src/sysmem.o
LOAD Core/Src/system_stm32f4xx.o
LOAD Core/Startup/startup_stm32f407vgtx.o
LOAD Drivers/STM32F4xx_HAL_Driver/Src/stm32f4xx_hal.o
LOAD Drivers/STM32F4xx_HAL_Driver/Src/stm32f4xx_hal_cortex.o
LOAD Drivers/STM32F4xx_HAL_Driver/Src/stm32f4xx_hal_dma.o
LOAD Drivers/STM32F4xx_HAL_Driver/Src/stm32f4xx_hal_dma_ex.o
LOAD Drivers/STM32F4xx_HAL_Driver/Src/stm32f4xx_hal_exti.o
LOAD Drivers/STM32F4xx_HAL_Driver/Src/stm32f4xx_hal_flash.o
LOAD Drivers/STM32F4xx_HAL_Driver/Src/stm32f4xx_hal_flash_ex.o
LOAD Drivers/STM32F4xx_HAL_Driver/Src/stm32f4xx_hal_flash_ramfunc.o
LOAD Drivers/STM32F4xx_HAL_Driver/Src/stm32f4xx_hal_gpio.o
LOAD Drivers/STM32F4xx_HAL_Driver/Src/stm32f4xx_hal_pwr.o
LOAD Drivers/STM32F4xx_HAL_Driver/Src/stm32f4xx_hal_pwr_ex.o
LOAD Drivers/STM32F4xx_HAL_Driver/Src/stm32f4xx_hal_rcc.o
LOAD Drivers/STM32F4xx_HAL_Driver/Src/stm32f4xx_hal_rcc_ex.o
LOAD Drivers/STM32F4xx_HAL_Driver/Src/stm32f4xx_hal_spi.o
LOAD Drivers/STM32F4xx_HAL_Driver/Src/stm32f4xx_hal_tim.o
LOAD Drivers/STM32F4xx_HAL_Driver/Src/stm32f4xx_hal_tim_ex.o
LOAD Drivers/STM32F4xx_HAL_Driver/Src/stm32f4xx_hal_uart.o
LOAD FreeRTOS/MemMang/heap_2.o
LOAD FreeRTOS/croutine.o
LOAD FreeRTOS/event_groups.o
LOAD FreeRTOS/list.o
LOAD FreeRTOS/queue.o
LOAD FreeRTOS/stream_buffer.o
LOAD FreeRTOS/tasks.o
LOAD FreeRTOS/timers.o
LOAD FreeRTOS/portable/ARM_CM4F/port.o
START GROUP
LOAD /opt/st/stm32cubeide_1.5.1/plugins/com.st.stm32cube.ide.mcu.externaltools.gnu-tools-for-stm32.7-2018-q2-update.linux64_1.5.0.202011040924/tools/bin/../lib/gcc/arm-none-eabi/7.3.1/../../../../arm-none-eabi/lib/thumb/v7e-m/fpv4-sp/hard/libc_nano.a
LOAD /opt/st/stm32cubeide_1.5.1/plugins/com.st.stm32cube.ide.mcu.externaltools.gnu-tools-for-stm32.7-2018-q2-update.linux64_1.5.0.202011040924/tools/bin/../lib/gcc/arm-none-eabi/7.3.1/../../../../arm-none-eabi/lib/thumb/v7e-m/fpv4-sp/hard/libm.a
END GROUP
START GROUP
LOAD /opt/st/stm32cubeide_1.5.1/plugins/com.st.stm32cube.ide.mcu.externaltools.gnu-tools-for-stm32.7-2018-q2-update.linux64_1.5.0.202011040924/tools/bin/../lib/gcc/arm-none-eabi/7.3.1/thumb/v7e-m/fpv4-sp/hard/libgcc.a
LOAD /opt/st/stm32cubeide_1.5.1/plugins/com.st.stm32cube.ide.mcu.externaltools.gnu-tools-for-stm32.7-2018-q2-update.linux64_1.5.0.202011040924/tools/bin/../lib/gcc/arm-none-eabi/7.3.1/../../../../arm-none-eabi/lib/thumb/v7e-m/fpv4-sp/hard/libc_nano.a
END GROUP
START GROUP
LOAD /opt/st/stm32cubeide_1.5.1/plugins/com.st.stm32cube.ide.mcu.externaltools.gnu-tools-for-stm32.7-2018-q2-update.linux64_1.5.0.202011040924/tools/bin/../lib/gcc/arm-none-eabi/7.3.1/thumb/v7e-m/fpv4-sp/hard/libgcc.a
LOAD /opt/st/stm32cubeide_1.5.1/plugins/com.st.stm32cube.ide.mcu.externaltools.gnu-tools-for-stm32.7-2018-q2-update.linux64_1.5.0.202011040924/tools/bin/../lib/gcc/arm-none-eabi/7.3.1/../../../../arm-none-eabi/lib/thumb/v7e-m/fpv4-sp/hard/libc_nano.a
LOAD /opt/st/stm32cubeide_1.5.1/plugins/com.st.stm32cube.ide.mcu.externaltools.gnu-tools-for-stm32.7-2018-q2-update.linux64_1.5.0.202011040924/tools/bin/../lib/gcc/arm-none-eabi/7.3.1/../../../../arm-none-eabi/lib/thumb/v7e-m/fpv4-sp/hard/libnosys.a
END GROUP
START GROUP
LOAD /opt/st/stm32cubeide_1.5.1/plugins/com.st.stm32cube.ide.mcu.externaltools.gnu-tools-for-stm32.7-2018-q2-update.linux64_1.5.0.202011040924/tools/bin/../lib/gcc/arm-none-eabi/7.3.1/thumb/v7e-m/fpv4-sp/hard/libgcc.a
LOAD /opt/st/stm32cubeide_1.5.1/plugins/com.st.stm32cube.ide.mcu.externaltools.gnu-tools-for-stm32.7-2018-q2-update.linux64_1.5.0.202011040924/tools/bin/../lib/gcc/arm-none-eabi/7.3.1/../../../../arm-none-eabi/lib/thumb/v7e-m/fpv4-sp/hard/libc_nano.a
LOAD /opt/st/stm32cubeide_1.5.1/plugins/com.st.stm32cube.ide.mcu.externaltools.gnu-tools-for-stm32.7-2018-q2-update.linux64_1.5.0.202011040924/tools/bin/../lib/gcc/arm-none-eabi/7.3.1/../../../../arm-none-eabi/lib/thumb/v7e-m/fpv4-sp/hard/libnosys.a
END GROUP
LOAD /opt/st/stm32cubeide_1.5.1/plugins/com.st.stm32cube.ide.mcu.externaltools.gnu-tools-for-stm32.7-2018-q2-update.linux64_1.5.0.202011040924/tools/bin/../lib/gcc/arm-none-eabi/7.3.1/thumb/v7e-m/fpv4-sp/hard/crtend.o
LOAD /opt/st/stm32cubeide_1.5.1/plugins/com.st.stm32cube.ide.mcu.externaltools.gnu-tools-for-stm32.7-2018-q2-update.linux64_1.5.0.202011040924/tools/bin/../lib/gcc/arm-none-eabi/7.3.1/thumb/v7e-m/fpv4-sp/hard/crtn.o
                0x0000000020020000                _estack = (ORIGIN (RAM) + LENGTH (RAM))
                0x0000000000000200                _Min_Heap_Size = 0x200
                0x0000000000000400                _Min_Stack_Size = 0x400

.isr_vector     0x0000000008000000      0x188
                0x0000000008000000                . = ALIGN (0x4)
 *(.isr_vector)
 .isr_vector    0x0000000008000000      0x188 Core/Startup/startup_stm32f407vgtx.o
                0x0000000008000000                g_pfnVectors
                0x0000000008000188                . = ALIGN (0x4)

.text           0x0000000008000190     0x59d4
                0x0000000008000190                . = ALIGN (0x4)
 *(.text)
 .text          0x0000000008000190       0x40 /opt/st/stm32cubeide_1.5.1/plugins/com.st.stm32cube.ide.mcu.externaltools.gnu-tools-for-stm32.7-2018-q2-update.linux64_1.5.0.202011040924/tools/bin/../lib/gcc/arm-none-eabi/7.3.1/thumb/v7e-m/fpv4-sp/hard/crtbegin.o
 .text          0x00000000080001d0       0xa0 /opt/st/stm32cubeide_1.5.1/plugins/com.st.stm32cube.ide.mcu.externaltools.gnu-tools-for-stm32.7-2018-q2-update.linux64_1.5.0.202011040924/tools/bin/../lib/gcc/arm-none-eabi/7.3.1/../../../../arm-none-eabi/lib/thumb/v7e-m/fpv4-sp/hard/libc_nano.a(lib_a-memchr.o)
                0x00000000080001d0                memchr
 .text          0x0000000008000270       0x30 /opt/st/stm32cubeide_1.5.1/plugins/com.st.stm32cube.ide.mcu.externaltools.gnu-tools-for-stm32.7-2018-q2-update.linux64_1.5.0.202011040924/tools/bin/../lib/gcc/arm-none-eabi/7.3.1/thumb/v7e-m/fpv4-sp/hard/libgcc.a(_aeabi_uldivmod.o)
                0x0000000008000270                __aeabi_uldivmod
 .text          0x00000000080002a0      0x2cc /opt/st/stm32cubeide_1.5.1/plugins/com.st.stm32cube.ide.mcu.externaltools.gnu-tools-for-stm32.7-2018-q2-update.linux64_1.5.0.202011040924/tools/bin/../lib/gcc/arm-none-eabi/7.3.1/thumb/v7e-m/fpv4-sp/hard/libgcc.a(_udivmoddi4.o)
                0x00000000080002a0                __udivmoddi4
 .text          0x000000000800056c        0x4 /opt/st/stm32cubeide_1.5.1/plugins/com.st.stm32cube.ide.mcu.externaltools.gnu-tools-for-stm32.7-2018-q2-update.linux64_1.5.0.202011040924/tools/bin/../lib/gcc/arm-none-eabi/7.3.1/thumb/v7e-m/fpv4-sp/hard/libgcc.a(_dvmd_tls.o)
                0x000000000800056c                __aeabi_ldiv0
                0x000000000800056c                __aeabi_idiv0
 *(.text*)
 .text.__io_putchar
                0x0000000008000570       0x24 Core/Src/main.o
                0x0000000008000570                __io_putchar
 .text.main     0x0000000008000594       0xd8 Core/Src/main.o
                0x0000000008000594                main
 .text.SystemClock_Config
                0x000000000800066c       0xbc Core/Src/main.o
                0x000000000800066c                SystemClock_Config
 .text.MX_SPI1_Init
                0x0000000008000728       0x6c Core/Src/main.o
 .text.MX_UART4_Init
                0x0000000008000794       0x54 Core/Src/main.o
 .text.MX_GPIO_Init
                0x00000000080007e8       0xfc Core/Src/main.o
 .text.RedLEDTask
                0x00000000080008e4       0x20 Core/Src/main.o
                0x00000000080008e4                RedLEDTask
 .text.GreenLEDTask
                0x0000000008000904       0x20 Core/Src/main.o
                0x0000000008000904                GreenLEDTask
 .text.Task1    0x0000000008000924       0x10 Core/Src/main.o
                0x0000000008000924                Task1
 .text.Task2    0x0000000008000934       0x10 Core/Src/main.o
                0x0000000008000934                Task2
 .text.Task3    0x0000000008000944       0x10 Core/Src/main.o
                0x0000000008000944                Task3
 .text.PrintTask
                0x0000000008000954       0x12 Core/Src/main.o
                0x0000000008000954                PrintTask
 *fill*         0x0000000008000966        0x2 
 .text.initMEMS
                0x0000000008000968      0x1ec Core/Src/main.o
                0x0000000008000968                initMEMS
 .text.HAL_GPIO_EXTI_Callback
                0x0000000008000b54       0xa0 Core/Src/main.o
                0x0000000008000b54                HAL_GPIO_EXTI_Callback
 .text.HAL_TIM_PeriodElapsedCallback
                0x0000000008000bf4       0x24 Core/Src/main.o
                0x0000000008000bf4                HAL_TIM_PeriodElapsedCallback
 .text.Error_Handler
                0x0000000008000c18        0x8 Core/Src/main.o
                0x0000000008000c18                Error_Handler
 .text.HAL_MspInit
                0x0000000008000c20       0x50 Core/Src/stm32f4xx_hal_msp.o
                0x0000000008000c20                HAL_MspInit
 .text.HAL_SPI_MspInit
                0x0000000008000c70       0x90 Core/Src/stm32f4xx_hal_msp.o
                0x0000000008000c70                HAL_SPI_MspInit
 .text.HAL_UART_MspInit
                0x0000000008000d00       0x90 Core/Src/stm32f4xx_hal_msp.o
                0x0000000008000d00                HAL_UART_MspInit
 .text.HAL_InitTick
                0x0000000008000d90       0xb0 Core/Src/stm32f4xx_hal_timebase_tim.o
                0x0000000008000d90                HAL_InitTick
 .text.NMI_Handler
                0x0000000008000e40        0x6 Core/Src/stm32f4xx_it.o
                0x0000000008000e40                NMI_Handler
 .text.HardFault_Handler
                0x0000000008000e46        0x6 Core/Src/stm32f4xx_it.o
                0x0000000008000e46                HardFault_Handler
 .text.MemManage_Handler
                0x0000000008000e4c        0x6 Core/Src/stm32f4xx_it.o
                0x0000000008000e4c                MemManage_Handler
 .text.BusFault_Handler
                0x0000000008000e52        0x6 Core/Src/stm32f4xx_it.o
                0x0000000008000e52                BusFault_Handler
 .text.UsageFault_Handler
                0x0000000008000e58        0x6 Core/Src/stm32f4xx_it.o
                0x0000000008000e58                UsageFault_Handler
 .text.DebugMon_Handler
                0x0000000008000e5e        0xe Core/Src/stm32f4xx_it.o
                0x0000000008000e5e                DebugMon_Handler
 .text.EXTI0_IRQHandler
                0x0000000008000e6c        0xe Core/Src/stm32f4xx_it.o
                0x0000000008000e6c                EXTI0_IRQHandler
 *fill*         0x0000000008000e7a        0x2 
 .text.TIM6_DAC_IRQHandler
                0x0000000008000e7c       0x14 Core/Src/stm32f4xx_it.o
                0x0000000008000e7c                TIM6_DAC_IRQHandler
 .text._read    0x0000000008000e90       0x3a Core/Src/syscalls.o
                0x0000000008000e90                _read
 .text._write   0x0000000008000eca       0x38 Core/Src/syscalls.o
                0x0000000008000eca                _write
 .text._close   0x0000000008000f02       0x18 Core/Src/syscalls.o
                0x0000000008000f02                _close
 .text._fstat   0x0000000008000f1a       0x20 Core/Src/syscalls.o
                0x0000000008000f1a                _fstat
 .text._isatty  0x0000000008000f3a       0x16 Core/Src/syscalls.o
                0x0000000008000f3a                _isatty
 .text._lseek   0x0000000008000f50       0x1a Core/Src/syscalls.o
                0x0000000008000f50                _lseek
 *fill*         0x0000000008000f6a        0x2 
 .text._sbrk    0x0000000008000f6c       0x6c Core/Src/sysmem.o
                0x0000000008000f6c                _sbrk
 .text.SystemInit
                0x0000000008000fd8       0x2c Core/Src/system_stm32f4xx.o
                0x0000000008000fd8                SystemInit
 .text.Reset_Handler
                0x0000000008001004       0x50 Core/Startup/startup_stm32f407vgtx.o
                0x0000000008001004                Reset_Handler
 .text.Default_Handler
                0x0000000008001054        0x2 Core/Startup/startup_stm32f407vgtx.o
                0x0000000008001054                RTC_Alarm_IRQHandler
                0x0000000008001054                HASH_RNG_IRQHandler
                0x0000000008001054                EXTI2_IRQHandler
                0x0000000008001054                TIM8_CC_IRQHandler
                0x0000000008001054                TIM1_CC_IRQHandler
                0x0000000008001054                DMA2_Stream5_IRQHandler
                0x0000000008001054                DMA1_Stream5_IRQHandler
                0x0000000008001054                PVD_IRQHandler
                0x0000000008001054                SDIO_IRQHandler
                0x0000000008001054                TAMP_STAMP_IRQHandler
                0x0000000008001054                CAN2_RX1_IRQHandler
                0x0000000008001054                EXTI3_IRQHandler
                0x0000000008001054                TIM8_TRG_COM_TIM14_IRQHandler
                0x0000000008001054                TIM1_UP_TIM10_IRQHandler
                0x0000000008001054                TIM8_UP_TIM13_IRQHandler
                0x0000000008001054                I2C3_ER_IRQHandler
                0x0000000008001054                I2C2_EV_IRQHandler
                0x0000000008001054                DMA1_Stream2_IRQHandler
                0x0000000008001054                CAN1_RX0_IRQHandler
                0x0000000008001054                FPU_IRQHandler
                0x0000000008001054                OTG_HS_WKUP_IRQHandler
                0x0000000008001054                CAN2_SCE_IRQHandler
                0x0000000008001054                DMA2_Stream2_IRQHandler
                0x0000000008001054                SPI1_IRQHandler
                0x0000000008001054                TIM1_BRK_TIM9_IRQHandler
                0x0000000008001054                DCMI_IRQHandler
                0x0000000008001054                CAN2_RX0_IRQHandler
                0x0000000008001054                DMA2_Stream3_IRQHandler
                0x0000000008001054                USART6_IRQHandler
                0x0000000008001054                USART3_IRQHandler
                0x0000000008001054                CAN1_RX1_IRQHandler
                0x0000000008001054                UART5_IRQHandler
                0x0000000008001054                DMA2_Stream0_IRQHandler
                0x0000000008001054                TIM4_IRQHandler
                0x0000000008001054                I2C1_EV_IRQHandler
                0x0000000008001054                DMA1_Stream6_IRQHandler
                0x0000000008001054                DMA1_Stream1_IRQHandler
                0x0000000008001054                UART4_IRQHandler
                0x0000000008001054                TIM3_IRQHandler
                0x0000000008001054                RCC_IRQHandler
                0x0000000008001054                TIM8_BRK_TIM12_IRQHandler
                0x0000000008001054                Default_Handler
                0x0000000008001054                EXTI15_10_IRQHandler
                0x0000000008001054                ADC_IRQHandler
                0x0000000008001054                DMA1_Stream7_IRQHandler
                0x0000000008001054                TIM7_IRQHandler
                0x0000000008001054                CAN2_TX_IRQHandler
                0x0000000008001054                TIM5_IRQHandler
                0x0000000008001054                DMA2_Stream7_IRQHandler
                0x0000000008001054                I2C3_EV_IRQHandler
                0x0000000008001054                EXTI9_5_IRQHandler
                0x0000000008001054                RTC_WKUP_IRQHandler
                0x0000000008001054                ETH_WKUP_IRQHandler
                0x0000000008001054                SPI2_IRQHandler
                0x0000000008001054                OTG_HS_EP1_IN_IRQHandler
                0x0000000008001054                DMA1_Stream0_IRQHandler
                0x0000000008001054                CAN1_TX_IRQHandler
                0x0000000008001054                EXTI4_IRQHandler
                0x0000000008001054                FSMC_IRQHandler
                0x0000000008001054                ETH_IRQHandler
                0x0000000008001054                OTG_HS_EP1_OUT_IRQHandler
                0x0000000008001054                WWDG_IRQHandler
                0x0000000008001054                TIM2_IRQHandler
                0x0000000008001054                OTG_FS_WKUP_IRQHandler
                0x0000000008001054                TIM1_TRG_COM_TIM11_IRQHandler
                0x0000000008001054                OTG_HS_IRQHandler
                0x0000000008001054                EXTI1_IRQHandler
                0x0000000008001054                USART2_IRQHandler
                0x0000000008001054                I2C2_ER_IRQHandler
                0x0000000008001054                DMA2_Stream1_IRQHandler
                0x0000000008001054                CAN1_SCE_IRQHandler
                0x0000000008001054                FLASH_IRQHandler
                0x0000000008001054                DMA2_Stream4_IRQHandler
                0x0000000008001054                USART1_IRQHandler
                0x0000000008001054                OTG_FS_IRQHandler
                0x0000000008001054                SPI3_IRQHandler
                0x0000000008001054                DMA1_Stream4_IRQHandler
                0x0000000008001054                I2C1_ER_IRQHandler
                0x0000000008001054                DMA2_Stream6_IRQHandler
                0x0000000008001054                DMA1_Stream3_IRQHandler
 *fill*         0x0000000008001056        0x2 
 .text.HAL_Init
                0x0000000008001058       0x44 Drivers/STM32F4xx_HAL_Driver/Src/stm32f4xx_hal.o
                0x0000000008001058                HAL_Init
 .text.HAL_IncTick
                0x000000000800109c       0x28 Drivers/STM32F4xx_HAL_Driver/Src/stm32f4xx_hal.o
                0x000000000800109c                HAL_IncTick
 .text.HAL_GetTick
                0x00000000080010c4       0x18 Drivers/STM32F4xx_HAL_Driver/Src/stm32f4xx_hal.o
                0x00000000080010c4                HAL_GetTick
 .text.__NVIC_SetPriorityGrouping
                0x00000000080010dc       0x48 Drivers/STM32F4xx_HAL_Driver/Src/stm32f4xx_hal_cortex.o
 .text.__NVIC_GetPriorityGrouping
                0x0000000008001124       0x1c Drivers/STM32F4xx_HAL_Driver/Src/stm32f4xx_hal_cortex.o
 .text.__NVIC_EnableIRQ
                0x0000000008001140       0x3c Drivers/STM32F4xx_HAL_Driver/Src/stm32f4xx_hal_cortex.o
 .text.__NVIC_SetPriority
                0x000000000800117c       0x54 Drivers/STM32F4xx_HAL_Driver/Src/stm32f4xx_hal_cortex.o
 .text.NVIC_EncodePriority
                0x00000000080011d0       0x66 Drivers/STM32F4xx_HAL_Driver/Src/stm32f4xx_hal_cortex.o
 .text.HAL_NVIC_SetPriorityGrouping
                0x0000000008001236       0x16 Drivers/STM32F4xx_HAL_Driver/Src/stm32f4xx_hal_cortex.o
                0x0000000008001236                HAL_NVIC_SetPriorityGrouping
 .text.HAL_NVIC_SetPriority
                0x000000000800124c       0x38 Drivers/STM32F4xx_HAL_Driver/Src/stm32f4xx_hal_cortex.o
                0x000000000800124c                HAL_NVIC_SetPriority
 .text.HAL_NVIC_EnableIRQ
                0x0000000008001284       0x1c Drivers/STM32F4xx_HAL_Driver/Src/stm32f4xx_hal_cortex.o
                0x0000000008001284                HAL_NVIC_EnableIRQ
 .text.HAL_GPIO_Init
                0x00000000080012a0      0x334 Drivers/STM32F4xx_HAL_Driver/Src/stm32f4xx_hal_gpio.o
                0x00000000080012a0                HAL_GPIO_Init
 .text.HAL_GPIO_WritePin
                0x00000000080015d4       0x32 Drivers/STM32F4xx_HAL_Driver/Src/stm32f4xx_hal_gpio.o
                0x00000000080015d4                HAL_GPIO_WritePin
 .text.HAL_GPIO_TogglePin
                0x0000000008001606       0x36 Drivers/STM32F4xx_HAL_Driver/Src/stm32f4xx_hal_gpio.o
                0x0000000008001606                HAL_GPIO_TogglePin
 .text.HAL_GPIO_EXTI_IRQHandler
                0x000000000800163c       0x30 Drivers/STM32F4xx_HAL_Driver/Src/stm32f4xx_hal_gpio.o
                0x000000000800163c                HAL_GPIO_EXTI_IRQHandler
 .text.HAL_RCC_OscConfig
                0x000000000800166c      0x4e0 Drivers/STM32F4xx_HAL_Driver/Src/stm32f4xx_hal_rcc.o
                0x000000000800166c                HAL_RCC_OscConfig
 .text.HAL_RCC_ClockConfig
                0x0000000008001b4c      0x1cc Drivers/STM32F4xx_HAL_Driver/Src/stm32f4xx_hal_rcc.o
                0x0000000008001b4c                HAL_RCC_ClockConfig
 .text.HAL_RCC_GetSysClockFreq
                0x0000000008001d18      0x164 Drivers/STM32F4xx_HAL_Driver/Src/stm32f4xx_hal_rcc.o
                0x0000000008001d18                HAL_RCC_GetSysClockFreq
 .text.HAL_RCC_GetHCLKFreq
                0x0000000008001e7c       0x18 Drivers/STM32F4xx_HAL_Driver/Src/stm32f4xx_hal_rcc.o
                0x0000000008001e7c                HAL_RCC_GetHCLKFreq
 .text.HAL_RCC_GetPCLK1Freq
                0x0000000008001e94       0x28 Drivers/STM32F4xx_HAL_Driver/Src/stm32f4xx_hal_rcc.o
                0x0000000008001e94                HAL_RCC_GetPCLK1Freq
 .text.HAL_RCC_GetPCLK2Freq
                0x0000000008001ebc       0x28 Drivers/STM32F4xx_HAL_Driver/Src/stm32f4xx_hal_rcc.o
                0x0000000008001ebc                HAL_RCC_GetPCLK2Freq
 .text.HAL_RCC_GetClockConfig
                0x0000000008001ee4       0x64 Drivers/STM32F4xx_HAL_Driver/Src/stm32f4xx_hal_rcc.o
                0x0000000008001ee4                HAL_RCC_GetClockConfig
 .text.HAL_SPI_Init
                0x0000000008001f48       0xc8 Drivers/STM32F4xx_HAL_Driver/Src/stm32f4xx_hal_spi.o
                0x0000000008001f48                HAL_SPI_Init
 .text.HAL_SPI_Transmit
                0x0000000008002010      0x268 Drivers/STM32F4xx_HAL_Driver/Src/stm32f4xx_hal_spi.o
                0x0000000008002010                HAL_SPI_Transmit
 .text.HAL_SPI_Receive
                0x0000000008002278      0x212 Drivers/STM32F4xx_HAL_Driver/Src/stm32f4xx_hal_spi.o
                0x0000000008002278                HAL_SPI_Receive
 .text.HAL_SPI_TransmitReceive
                0x000000000800248a      0x344 Drivers/STM32F4xx_HAL_Driver/Src/stm32f4xx_hal_spi.o
                0x000000000800248a                HAL_SPI_TransmitReceive
 .text.SPI_WaitFlagStateUntilTimeout
                0x00000000080027ce       0xd4 Drivers/STM32F4xx_HAL_Driver/Src/stm32f4xx_hal_spi.o
 .text.SPI_EndRxTransaction
                0x00000000080028a2       0xca Drivers/STM32F4xx_HAL_Driver/Src/stm32f4xx_hal_spi.o
 .text.SPI_EndRxTxTransaction
                0x000000000800296c       0x84 Drivers/STM32F4xx_HAL_Driver/Src/stm32f4xx_hal_spi.o
 .text.HAL_TIM_Base_Init
                0x00000000080029f0       0x56 Drivers/STM32F4xx_HAL_Driver/Src/stm32f4xx_hal_tim.o
                0x00000000080029f0                HAL_TIM_Base_Init
 .text.HAL_TIM_Base_MspInit
                0x0000000008002a46       0x14 Drivers/STM32F4xx_HAL_Driver/Src/stm32f4xx_hal_tim.o
                0x0000000008002a46                HAL_TIM_Base_MspInit
 .text.HAL_TIM_Base_Start_IT
                0x0000000008002a5a       0x48 Drivers/STM32F4xx_HAL_Driver/Src/stm32f4xx_hal_tim.o
                0x0000000008002a5a                HAL_TIM_Base_Start_IT
 .text.HAL_TIM_IRQHandler
                0x0000000008002aa2      0x210 Drivers/STM32F4xx_HAL_Driver/Src/stm32f4xx_hal_tim.o
                0x0000000008002aa2                HAL_TIM_IRQHandler
 .text.HAL_TIM_OC_DelayElapsedCallback
                0x0000000008002cb2       0x14 Drivers/STM32F4xx_HAL_Driver/Src/stm32f4xx_hal_tim.o
                0x0000000008002cb2                HAL_TIM_OC_DelayElapsedCallback
 .text.HAL_TIM_IC_CaptureCallback
                0x0000000008002cc6       0x14 Drivers/STM32F4xx_HAL_Driver/Src/stm32f4xx_hal_tim.o
                0x0000000008002cc6                HAL_TIM_IC_CaptureCallback
 .text.HAL_TIM_PWM_PulseFinishedCallback
                0x0000000008002cda       0x14 Drivers/STM32F4xx_HAL_Driver/Src/stm32f4xx_hal_tim.o
                0x0000000008002cda                HAL_TIM_PWM_PulseFinishedCallback
 .text.HAL_TIM_TriggerCallback
                0x0000000008002cee       0x14 Drivers/STM32F4xx_HAL_Driver/Src/stm32f4xx_hal_tim.o
                0x0000000008002cee                HAL_TIM_TriggerCallback
 *fill*         0x0000000008002d02        0x2 
 .text.TIM_Base_SetConfig
                0x0000000008002d04      0x140 Drivers/STM32F4xx_HAL_Driver/Src/stm32f4xx_hal_tim.o
                0x0000000008002d04                TIM_Base_SetConfig
 .text.HAL_TIMEx_CommutCallback
                0x0000000008002e44       0x14 Drivers/STM32F4xx_HAL_Driver/Src/stm32f4xx_hal_tim_ex.o
                0x0000000008002e44                HAL_TIMEx_CommutCallback
 .text.HAL_TIMEx_BreakCallback
                0x0000000008002e58       0x14 Drivers/STM32F4xx_HAL_Driver/Src/stm32f4xx_hal_tim_ex.o
                0x0000000008002e58                HAL_TIMEx_BreakCallback
 .text.HAL_UART_Init
                0x0000000008002e6c       0x9a Drivers/STM32F4xx_HAL_Driver/Src/stm32f4xx_hal_uart.o
                0x0000000008002e6c                HAL_UART_Init
 .text.HAL_UART_Transmit
                0x0000000008002f06      0x132 Drivers/STM32F4xx_HAL_Driver/Src/stm32f4xx_hal_uart.o
                0x0000000008002f06                HAL_UART_Transmit
 .text.UART_WaitOnFlagUntilTimeout
                0x0000000008003038       0x94 Drivers/STM32F4xx_HAL_Driver/Src/stm32f4xx_hal_uart.o
 .text.UART_SetConfig
                0x00000000080030cc      0x6f8 Drivers/STM32F4xx_HAL_Driver/Src/stm32f4xx_hal_uart.o
 .text.prvInsertBlockIntoFreeList
                0x00000000080037c4      0x11c FreeRTOS/MemMang/heap_2.o
                0x00000000080037c4                prvInsertBlockIntoFreeList
 .text.pvPortMalloc
                0x00000000080038e0      0x114 FreeRTOS/MemMang/heap_2.o
                0x00000000080038e0                pvPortMalloc
 .text.vPortFree
                0x00000000080039f4       0x48 FreeRTOS/MemMang/heap_2.o
                0x00000000080039f4                vPortFree
 .text.prvHeapInit
                0x0000000008003a3c       0x54 FreeRTOS/MemMang/heap_2.o
 .text.vPrintFreeList
                0x0000000008003a90       0x4c FreeRTOS/MemMang/heap_2.o
                0x0000000008003a90                vPrintFreeList
 .text.vListInitialise
                0x0000000008003adc       0x40 FreeRTOS/list.o
                0x0000000008003adc                vListInitialise
 .text.vListInitialiseItem
                0x0000000008003b1c       0x1a FreeRTOS/list.o
                0x0000000008003b1c                vListInitialiseItem
 .text.vListInsertEnd
                0x0000000008003b36       0x48 FreeRTOS/list.o
                0x0000000008003b36                vListInsertEnd
 .text.vListInsert
                0x0000000008003b7e       0x72 FreeRTOS/list.o
                0x0000000008003b7e                vListInsert
 .text.uxListRemove
                0x0000000008003bf0       0x54 FreeRTOS/list.o
                0x0000000008003bf0                uxListRemove
 .text.xQueueGiveFromISR
                0x0000000008003c44      0x12e FreeRTOS/queue.o
                0x0000000008003c44                xQueueGiveFromISR
 *fill*         0x0000000008003d72        0x2 
 .text.xTaskCreate
                0x0000000008003d74       0xa0 FreeRTOS/tasks.o
                0x0000000008003d74                xTaskCreate
 .text.prvInitialiseNewTask
                0x0000000008003e14      0x11c FreeRTOS/tasks.o
 .text.prvAddNewTaskToReadyList
                0x0000000008003f30       0xdc FreeRTOS/tasks.o
 .text.vTaskDelete
                0x000000000800400c      0x11c FreeRTOS/tasks.o
                0x000000000800400c                vTaskDelete
 .text.vTaskDelay
                0x0000000008004128       0x68 FreeRTOS/tasks.o
                0x0000000008004128                vTaskDelay
 .text.vTaskStartScheduler
                0x0000000008004190       0x8c FreeRTOS/tasks.o
                0x0000000008004190                vTaskStartScheduler
 .text.vTaskSuspendAll
                0x000000000800421c       0x1c FreeRTOS/tasks.o
                0x000000000800421c                vTaskSuspendAll
 .text.xTaskResumeAll
                0x0000000008004238      0x138 FreeRTOS/tasks.o
                0x0000000008004238                xTaskResumeAll
 .text.xTaskIncrementTick
                0x0000000008004370      0x170 FreeRTOS/tasks.o
                0x0000000008004370                xTaskIncrementTick
 .text.vTaskSwitchContext
                0x00000000080044e0       0xb4 FreeRTOS/tasks.o
                0x00000000080044e0                vTaskSwitchContext
 .text.xTaskRemoveFromEventList
                0x0000000008004594       0xc4 FreeRTOS/tasks.o
                0x0000000008004594                xTaskRemoveFromEventList
 .text.prvIdleTask
                0x0000000008004658       0x30 FreeRTOS/tasks.o
 .text.prvInitialiseTaskLists
                0x0000000008004688       0x80 FreeRTOS/tasks.o
 .text.prvCheckTasksWaitingTermination
                0x0000000008004708       0x58 FreeRTOS/tasks.o
 .text.prvDeleteTCB
                0x0000000008004760       0x20 FreeRTOS/tasks.o
 .text.prvResetNextTaskUnblockTime
                0x0000000008004780       0x40 FreeRTOS/tasks.o
 .text.prvAddCurrentTaskToDelayedList
                0x00000000080047c0       0xcc FreeRTOS/tasks.o
 .text.pxPortInitialiseStack
                0x000000000800488c       0x68 FreeRTOS/portable/ARM_CM4F/port.o
                0x000000000800488c                pxPortInitialiseStack
 .text.prvTaskExitError
                0x00000000080048f4       0x54 FreeRTOS/portable/ARM_CM4F/port.o
 *fill*         0x0000000008004948        0x8 
 .text.SVC_Handler
                0x0000000008004950       0x28 FreeRTOS/portable/ARM_CM4F/port.o
                0x0000000008004950                SVC_Handler
 .text.prvPortStartFirstTask
                0x0000000008004978       0x28 FreeRTOS/portable/ARM_CM4F/port.o
 .text.xPortStartScheduler
                0x00000000080049a0      0x13c FreeRTOS/portable/ARM_CM4F/port.o
                0x00000000080049a0                xPortStartScheduler
 .text.vPortEnterCritical
                0x0000000008004adc       0x5c FreeRTOS/portable/ARM_CM4F/port.o
                0x0000000008004adc                vPortEnterCritical
 .text.vPortExitCritical
                0x0000000008004b38       0x50 FreeRTOS/portable/ARM_CM4F/port.o
                0x0000000008004b38                vPortExitCritical
 *fill*         0x0000000008004b88        0x8 
 .text.PendSV_Handler
                0x0000000008004b90       0x68 FreeRTOS/portable/ARM_CM4F/port.o
                0x0000000008004b90                PendSV_Handler
 .text.SysTick_Handler
                0x0000000008004bf8       0x40 FreeRTOS/portable/ARM_CM4F/port.o
                0x0000000008004bf8                SysTick_Handler
 .text.vPortSetupTimerInterrupt
                0x0000000008004c38       0x48 FreeRTOS/portable/ARM_CM4F/port.o
                0x0000000008004c38                vPortSetupTimerInterrupt
 .text.vPortEnableVFP
                0x0000000008004c80       0x14 FreeRTOS/portable/ARM_CM4F/port.o
 .text.vPortValidateInterruptPriority
                0x0000000008004c94       0x7c FreeRTOS/portable/ARM_CM4F/port.o
                0x0000000008004c94                vPortValidateInterruptPriority
 .text.__errno  0x0000000008004d10        0xc /opt/st/stm32cubeide_1.5.1/plugins/com.st.stm32cube.ide.mcu.externaltools.gnu-tools-for-stm32.7-2018-q2-update.linux64_1.5.0.202011040924/tools/bin/../lib/gcc/arm-none-eabi/7.3.1/../../../../arm-none-eabi/lib/thumb/v7e-m/fpv4-sp/hard/libc_nano.a(lib_a-errno.o)
                0x0000000008004d10                __errno
 .text.__libc_init_array
                0x0000000008004d1c       0x48 /opt/st/stm32cubeide_1.5.1/plugins/com.st.stm32cube.ide.mcu.externaltools.gnu-tools-for-stm32.7-2018-q2-update.linux64_1.5.0.202011040924/tools/bin/../lib/gcc/arm-none-eabi/7.3.1/../../../../arm-none-eabi/lib/thumb/v7e-m/fpv4-sp/hard/libc_nano.a(lib_a-init.o)
                0x0000000008004d1c                __libc_init_array
 .text.memset   0x0000000008004d64       0x10 /opt/st/stm32cubeide_1.5.1/plugins/com.st.stm32cube.ide.mcu.externaltools.gnu-tools-for-stm32.7-2018-q2-update.linux64_1.5.0.202011040924/tools/bin/../lib/gcc/arm-none-eabi/7.3.1/../../../../arm-none-eabi/lib/thumb/v7e-m/fpv4-sp/hard/libc_nano.a(lib_a-memset.o)
                0x0000000008004d64                memset
 .text.printf   0x0000000008004d74       0x30 /opt/st/stm32cubeide_1.5.1/plugins/com.st.stm32cube.ide.mcu.externaltools.gnu-tools-for-stm32.7-2018-q2-update.linux64_1.5.0.202011040924/tools/bin/../lib/gcc/arm-none-eabi/7.3.1/../../../../arm-none-eabi/lib/thumb/v7e-m/fpv4-sp/hard/libc_nano.a(lib_a-printf.o)
                0x0000000008004d74                printf
                0x0000000008004d74                iprintf
 .text.strcpy   0x0000000008004da4       0x10 /opt/st/stm32cubeide_1.5.1/plugins/com.st.stm32cube.ide.mcu.externaltools.gnu-tools-for-stm32.7-2018-q2-update.linux64_1.5.0.202011040924/tools/bin/../lib/gcc/arm-none-eabi/7.3.1/../../../../arm-none-eabi/lib/thumb/v7e-m/fpv4-sp/hard/libc_nano.a(lib_a-strcpy.o)
                0x0000000008004da4                strcpy
 .text.std      0x0000000008004db4       0x48 /opt/st/stm32cubeide_1.5.1/plugins/com.st.stm32cube.ide.mcu.externaltools.gnu-tools-for-stm32.7-2018-q2-update.linux64_1.5.0.202011040924/tools/bin/../lib/gcc/arm-none-eabi/7.3.1/../../../../arm-none-eabi/lib/thumb/v7e-m/fpv4-sp/hard/libc_nano.a(lib_a-findfp.o)
 .text._cleanup_r
                0x0000000008004dfc        0xc /opt/st/stm32cubeide_1.5.1/plugins/com.st.stm32cube.ide.mcu.externaltools.gnu-tools-for-stm32.7-2018-q2-update.linux64_1.5.0.202011040924/tools/bin/../lib/gcc/arm-none-eabi/7.3.1/../../../../arm-none-eabi/lib/thumb/v7e-m/fpv4-sp/hard/libc_nano.a(lib_a-findfp.o)
                0x0000000008004dfc                _cleanup_r
 .text.__sfmoreglue
                0x0000000008004e08       0x2c /opt/st/stm32cubeide_1.5.1/plugins/com.st.stm32cube.ide.mcu.externaltools.gnu-tools-for-stm32.7-2018-q2-update.linux64_1.5.0.202011040924/tools/bin/../lib/gcc/arm-none-eabi/7.3.1/../../../../arm-none-eabi/lib/thumb/v7e-m/fpv4-sp/hard/libc_nano.a(lib_a-findfp.o)
                0x0000000008004e08                __sfmoreglue
 .text.__sinit  0x0000000008004e34       0x60 /opt/st/stm32cubeide_1.5.1/plugins/com.st.stm32cube.ide.mcu.externaltools.gnu-tools-for-stm32.7-2018-q2-update.linux64_1.5.0.202011040924/tools/bin/../lib/gcc/arm-none-eabi/7.3.1/../../../../arm-none-eabi/lib/thumb/v7e-m/fpv4-sp/hard/libc_nano.a(lib_a-findfp.o)
                0x0000000008004e34                __sinit
 .text.__sfp    0x0000000008004e94       0x78 /opt/st/stm32cubeide_1.5.1/plugins/com.st.stm32cube.ide.mcu.externaltools.gnu-tools-for-stm32.7-2018-q2-update.linux64_1.5.0.202011040924/tools/bin/../lib/gcc/arm-none-eabi/7.3.1/../../../../arm-none-eabi/lib/thumb/v7e-m/fpv4-sp/hard/libc_nano.a(lib_a-findfp.o)
                0x0000000008004e94                __sfp
 .text._fwalk_reent
                0x0000000008004f0c       0x3c /opt/st/stm32cubeide_1.5.1/plugins/com.st.stm32cube.ide.mcu.externaltools.gnu-tools-for-stm32.7-2018-q2-update.linux64_1.5.0.202011040924/tools/bin/../lib/gcc/arm-none-eabi/7.3.1/../../../../arm-none-eabi/lib/thumb/v7e-m/fpv4-sp/hard/libc_nano.a(lib_a-fwalk.o)
                0x0000000008004f0c                _fwalk_reent
 .text._malloc_r
                0x0000000008004f48       0xb4 /opt/st/stm32cubeide_1.5.1/plugins/com.st.stm32cube.ide.mcu.externaltools.gnu-tools-for-stm32.7-2018-q2-update.linux64_1.5.0.202011040924/tools/bin/../lib/gcc/arm-none-eabi/7.3.1/../../../../arm-none-eabi/lib/thumb/v7e-m/fpv4-sp/hard/libc_nano.a(lib_a-nano-mallocr.o)
                0x0000000008004f48                _malloc_r
 .text.__sfputc_r
                0x0000000008004ffc       0x2e /opt/st/stm32cubeide_1.5.1/plugins/com.st.stm32cube.ide.mcu.externaltools.gnu-tools-for-stm32.7-2018-q2-update.linux64_1.5.0.202011040924/tools/bin/../lib/gcc/arm-none-eabi/7.3.1/../../../../arm-none-eabi/lib/thumb/v7e-m/fpv4-sp/hard/libc_nano.a(lib_a-nano-vfprintf.o)
 .text.__sfputs_r
                0x000000000800502a       0x24 /opt/st/stm32cubeide_1.5.1/plugins/com.st.stm32cube.ide.mcu.externaltools.gnu-tools-for-stm32.7-2018-q2-update.linux64_1.5.0.202011040924/tools/bin/../lib/gcc/arm-none-eabi/7.3.1/../../../../arm-none-eabi/lib/thumb/v7e-m/fpv4-sp/hard/libc_nano.a(lib_a-nano-vfprintf.o)
                0x000000000800502a                __sfputs_r
 *fill*         0x000000000800504e        0x2 
 .text._vfprintf_r
                0x0000000008005050      0x22c /opt/st/stm32cubeide_1.5.1/plugins/com.st.stm32cube.ide.mcu.externaltools.gnu-tools-for-stm32.7-2018-q2-update.linux64_1.5.0.202011040924/tools/bin/../lib/gcc/arm-none-eabi/7.3.1/../../../../arm-none-eabi/lib/thumb/v7e-m/fpv4-sp/hard/libc_nano.a(lib_a-nano-vfprintf.o)
                0x0000000008005050                _vfiprintf_r
                0x0000000008005050                _vfprintf_r
 .text._printf_common
                0x000000000800527c       0xea /opt/st/stm32cubeide_1.5.1/plugins/com.st.stm32cube.ide.mcu.externaltools.gnu-tools-for-stm32.7-2018-q2-update.linux64_1.5.0.202011040924/tools/bin/../lib/gcc/arm-none-eabi/7.3.1/../../../../arm-none-eabi/lib/thumb/v7e-m/fpv4-sp/hard/libc_nano.a(lib_a-nano-vfprintf_i.o)
                0x000000000800527c                _printf_common
 *fill*         0x0000000008005366        0x2 
 .text._printf_i
                0x0000000008005368      0x224 /opt/st/stm32cubeide_1.5.1/plugins/com.st.stm32cube.ide.mcu.externaltools.gnu-tools-for-stm32.7-2018-q2-update.linux64_1.5.0.202011040924/tools/bin/../lib/gcc/arm-none-eabi/7.3.1/../../../../arm-none-eabi/lib/thumb/v7e-m/fpv4-sp/hard/libc_nano.a(lib_a-nano-vfprintf_i.o)
                0x0000000008005368                _printf_i
 .text._sbrk_r  0x000000000800558c       0x20 /opt/st/stm32cubeide_1.5.1/plugins/com.st.stm32cube.ide.mcu.externaltools.gnu-tools-for-stm32.7-2018-q2-update.linux64_1.5.0.202011040924/tools/bin/../lib/gcc/arm-none-eabi/7.3.1/../../../../arm-none-eabi/lib/thumb/v7e-m/fpv4-sp/hard/libc_nano.a(lib_a-sbrkr.o)
                0x000000000800558c                _sbrk_r
 .text.__sread  0x00000000080055ac       0x22 /opt/st/stm32cubeide_1.5.1/plugins/com.st.stm32cube.ide.mcu.externaltools.gnu-tools-for-stm32.7-2018-q2-update.linux64_1.5.0.202011040924/tools/bin/../lib/gcc/arm-none-eabi/7.3.1/../../../../arm-none-eabi/lib/thumb/v7e-m/fpv4-sp/hard/libc_nano.a(lib_a-stdio.o)
                0x00000000080055ac                __sread
 .text.__swrite
                0x00000000080055ce       0x38 /opt/st/stm32cubeide_1.5.1/plugins/com.st.stm32cube.ide.mcu.externaltools.gnu-tools-for-stm32.7-2018-q2-update.linux64_1.5.0.202011040924/tools/bin/../lib/gcc/arm-none-eabi/7.3.1/../../../../arm-none-eabi/lib/thumb/v7e-m/fpv4-sp/hard/libc_nano.a(lib_a-stdio.o)
                0x00000000080055ce                __swrite
 .text.__sseek  0x0000000008005606       0x24 /opt/st/stm32cubeide_1.5.1/plugins/com.st.stm32cube.ide.mcu.externaltools.gnu-tools-for-stm32.7-2018-q2-update.linux64_1.5.0.202011040924/tools/bin/../lib/gcc/arm-none-eabi/7.3.1/../../../../arm-none-eabi/lib/thumb/v7e-m/fpv4-sp/hard/libc_nano.a(lib_a-stdio.o)
                0x0000000008005606                __sseek
 .text.__sclose
                0x000000000800562a        0x8 /opt/st/stm32cubeide_1.5.1/plugins/com.st.stm32cube.ide.mcu.externaltools.gnu-tools-for-stm32.7-2018-q2-update.linux64_1.5.0.202011040924/tools/bin/../lib/gcc/arm-none-eabi/7.3.1/../../../../arm-none-eabi/lib/thumb/v7e-m/fpv4-sp/hard/libc_nano.a(lib_a-stdio.o)
                0x000000000800562a                __sclose
 *fill*         0x0000000008005632        0x2 
 .text.__swbuf_r
                0x0000000008005634       0xa4 /opt/st/stm32cubeide_1.5.1/plugins/com.st.stm32cube.ide.mcu.externaltools.gnu-tools-for-stm32.7-2018-q2-update.linux64_1.5.0.202011040924/tools/bin/../lib/gcc/arm-none-eabi/7.3.1/../../../../arm-none-eabi/lib/thumb/v7e-m/fpv4-sp/hard/libc_nano.a(lib_a-wbuf.o)
                0x0000000008005634                __swbuf_r
 .text._write_r
                0x00000000080056d8       0x24 /opt/st/stm32cubeide_1.5.1/plugins/com.st.stm32cube.ide.mcu.externaltools.gnu-tools-for-stm32.7-2018-q2-update.linux64_1.5.0.202011040924/tools/bin/../lib/gcc/arm-none-eabi/7.3.1/../../../../arm-none-eabi/lib/thumb/v7e-m/fpv4-sp/hard/libc_nano.a(lib_a-writer.o)
                0x00000000080056d8                _write_r
 .text.__swsetup_r
                0x00000000080056fc       0xdc /opt/st/stm32cubeide_1.5.1/plugins/com.st.stm32cube.ide.mcu.externaltools.gnu-tools-for-stm32.7-2018-q2-update.linux64_1.5.0.202011040924/tools/bin/../lib/gcc/arm-none-eabi/7.3.1/../../../../arm-none-eabi/lib/thumb/v7e-m/fpv4-sp/hard/libc_nano.a(lib_a-wsetup.o)
                0x00000000080056fc                __swsetup_r
 .text._close_r
                0x00000000080057d8       0x20 /opt/st/stm32cubeide_1.5.1/plugins/com.st.stm32cube.ide.mcu.externaltools.gnu-tools-for-stm32.7-2018-q2-update.linux64_1.5.0.202011040924/tools/bin/../lib/gcc/arm-none-eabi/7.3.1/../../../../arm-none-eabi/lib/thumb/v7e-m/fpv4-sp/hard/libc_nano.a(lib_a-closer.o)
                0x00000000080057d8                _close_r
 .text.__sflush_r
                0x00000000080057f8      0x10c /opt/st/stm32cubeide_1.5.1/plugins/com.st.stm32cube.ide.mcu.externaltools.gnu-tools-for-stm32.7-2018-q2-update.linux64_1.5.0.202011040924/tools/bin/../lib/gcc/arm-none-eabi/7.3.1/../../../../arm-none-eabi/lib/thumb/v7e-m/fpv4-sp/hard/libc_nano.a(lib_a-fflush.o)
                0x00000000080057f8                __sflush_r
 .text._fflush_r
                0x0000000008005904       0x54 /opt/st/stm32cubeide_1.5.1/plugins/com.st.stm32cube.ide.mcu.externaltools.gnu-tools-for-stm32.7-2018-q2-update.linux64_1.5.0.202011040924/tools/bin/../lib/gcc/arm-none-eabi/7.3.1/../../../../arm-none-eabi/lib/thumb/v7e-m/fpv4-sp/hard/libc_nano.a(lib_a-fflush.o)
                0x0000000008005904                _fflush_r
 .text._lseek_r
                0x0000000008005958       0x24 /opt/st/stm32cubeide_1.5.1/plugins/com.st.stm32cube.ide.mcu.externaltools.gnu-tools-for-stm32.7-2018-q2-update.linux64_1.5.0.202011040924/tools/bin/../lib/gcc/arm-none-eabi/7.3.1/../../../../arm-none-eabi/lib/thumb/v7e-m/fpv4-sp/hard/libc_nano.a(lib_a-lseekr.o)
                0x0000000008005958                _lseek_r
 .text.__swhatbuf_r
                0x000000000800597c       0x48 /opt/st/stm32cubeide_1.5.1/plugins/com.st.stm32cube.ide.mcu.externaltools.gnu-tools-for-stm32.7-2018-q2-update.linux64_1.5.0.202011040924/tools/bin/../lib/gcc/arm-none-eabi/7.3.1/../../../../arm-none-eabi/lib/thumb/v7e-m/fpv4-sp/hard/libc_nano.a(lib_a-makebuf.o)
                0x000000000800597c                __swhatbuf_r
 .text.__smakebuf_r
                0x00000000080059c4       0x80 /opt/st/stm32cubeide_1.5.1/plugins/com.st.stm32cube.ide.mcu.externaltools.gnu-tools-for-stm32.7-2018-q2-update.linux64_1.5.0.202011040924/tools/bin/../lib/gcc/arm-none-eabi/7.3.1/../../../../arm-none-eabi/lib/thumb/v7e-m/fpv4-sp/hard/libc_nano.a(lib_a-makebuf.o)
                0x00000000080059c4                __smakebuf_r
 .text.__malloc_lock
                0x0000000008005a44        0x2 /opt/st/stm32cubeide_1.5.1/plugins/com.st.stm32cube.ide.mcu.externaltools.gnu-tools-for-stm32.7-2018-q2-update.linux64_1.5.0.202011040924/tools/bin/../lib/gcc/arm-none-eabi/7.3.1/../../../../arm-none-eabi/lib/thumb/v7e-m/fpv4-sp/hard/libc_nano.a(lib_a-mlock.o)
                0x0000000008005a44                __malloc_lock
 .text.__malloc_unlock
                0x0000000008005a46        0x2 /opt/st/stm32cubeide_1.5.1/plugins/com.st.stm32cube.ide.mcu.externaltools.gnu-tools-for-stm32.7-2018-q2-update.linux64_1.5.0.202011040924/tools/bin/../lib/gcc/arm-none-eabi/7.3.1/../../../../arm-none-eabi/lib/thumb/v7e-m/fpv4-sp/hard/libc_nano.a(lib_a-mlock.o)
                0x0000000008005a46                __malloc_unlock
 .text._free_r  0x0000000008005a48       0x9c /opt/st/stm32cubeide_1.5.1/plugins/com.st.stm32cube.ide.mcu.externaltools.gnu-tools-for-stm32.7-2018-q2-update.linux64_1.5.0.202011040924/tools/bin/../lib/gcc/arm-none-eabi/7.3.1/../../../../arm-none-eabi/lib/thumb/v7e-m/fpv4-sp/hard/libc_nano.a(lib_a-nano-freer.o)
                0x0000000008005a48                _free_r
 .text._read_r  0x0000000008005ae4       0x24 /opt/st/stm32cubeide_1.5.1/plugins/com.st.stm32cube.ide.mcu.externaltools.gnu-tools-for-stm32.7-2018-q2-update.linux64_1.5.0.202011040924/tools/bin/../lib/gcc/arm-none-eabi/7.3.1/../../../../arm-none-eabi/lib/thumb/v7e-m/fpv4-sp/hard/libc_nano.a(lib_a-readr.o)
                0x0000000008005ae4                _read_r
 .text._fstat_r
                0x0000000008005b08       0x24 /opt/st/stm32cubeide_1.5.1/plugins/com.st.stm32cube.ide.mcu.externaltools.gnu-tools-for-stm32.7-2018-q2-update.linux64_1.5.0.202011040924/tools/bin/../lib/gcc/arm-none-eabi/7.3.1/../../../../arm-none-eabi/lib/thumb/v7e-m/fpv4-sp/hard/libc_nano.a(lib_a-fstatr.o)
                0x0000000008005b08                _fstat_r
 .text._isatty_r
                0x0000000008005b2c       0x20 /opt/st/stm32cubeide_1.5.1/plugins/com.st.stm32cube.ide.mcu.externaltools.gnu-tools-for-stm32.7-2018-q2-update.linux64_1.5.0.202011040924/tools/bin/../lib/gcc/arm-none-eabi/7.3.1/../../../../arm-none-eabi/lib/thumb/v7e-m/fpv4-sp/hard/libc_nano.a(lib_a-isattyr.o)
                0x0000000008005b2c                _isatty_r
 *(.glue_7)
 .glue_7        0x0000000008005b4c        0x0 linker stubs
 *(.glue_7t)
 .glue_7t       0x0000000008005b4c        0x0 linker stubs
 *(.eh_frame)
 .eh_frame      0x0000000008005b4c        0x0 /opt/st/stm32cubeide_1.5.1/plugins/com.st.stm32cube.ide.mcu.externaltools.gnu-tools-for-stm32.7-2018-q2-update.linux64_1.5.0.202011040924/tools/bin/../lib/gcc/arm-none-eabi/7.3.1/thumb/v7e-m/fpv4-sp/hard/crtbegin.o
 *(.init)
 .init          0x0000000008005b4c        0x4 /opt/st/stm32cubeide_1.5.1/plugins/com.st.stm32cube.ide.mcu.externaltools.gnu-tools-for-stm32.7-2018-q2-update.linux64_1.5.0.202011040924/tools/bin/../lib/gcc/arm-none-eabi/7.3.1/thumb/v7e-m/fpv4-sp/hard/crti.o
                0x0000000008005b4c                _init
 .init          0x0000000008005b50        0x8 /opt/st/stm32cubeide_1.5.1/plugins/com.st.stm32cube.ide.mcu.externaltools.gnu-tools-for-stm32.7-2018-q2-update.linux64_1.5.0.202011040924/tools/bin/../lib/gcc/arm-none-eabi/7.3.1/thumb/v7e-m/fpv4-sp/hard/crtn.o
 *(.fini)
 .fini          0x0000000008005b58        0x4 /opt/st/stm32cubeide_1.5.1/plugins/com.st.stm32cube.ide.mcu.externaltools.gnu-tools-for-stm32.7-2018-q2-update.linux64_1.5.0.202011040924/tools/bin/../lib/gcc/arm-none-eabi/7.3.1/thumb/v7e-m/fpv4-sp/hard/crti.o
                0x0000000008005b58                _fini
 .fini          0x0000000008005b5c        0x8 /opt/st/stm32cubeide_1.5.1/plugins/com.st.stm32cube.ide.mcu.externaltools.gnu-tools-for-stm32.7-2018-q2-update.linux64_1.5.0.202011040924/tools/bin/../lib/gcc/arm-none-eabi/7.3.1/thumb/v7e-m/fpv4-sp/hard/crtn.o
                0x0000000008005b64                . = ALIGN (0x4)
                0x0000000008005b64                _etext = .

.vfp11_veneer   0x0000000008005b64        0x0
 .vfp11_veneer  0x0000000008005b64        0x0 linker stubs

.v4_bx          0x0000000008005b64        0x0
 .v4_bx         0x0000000008005b64        0x0 linker stubs

.iplt           0x0000000008005b64        0x0
 .iplt          0x0000000008005b64        0x0 /opt/st/stm32cubeide_1.5.1/plugins/com.st.stm32cube.ide.mcu.externaltools.gnu-tools-for-stm32.7-2018-q2-update.linux64_1.5.0.202011040924/tools/bin/../lib/gcc/arm-none-eabi/7.3.1/thumb/v7e-m/fpv4-sp/hard/crtbegin.o

.rodata         0x0000000008005b64      0x200
                0x0000000008005b64                . = ALIGN (0x4)
 *(.rodata)
 .rodata        0x0000000008005b64       0x66 Core/Src/main.o
 *fill*         0x0000000008005bca        0x2 
 .rodata        0x0000000008005bcc       0x82 FreeRTOS/MemMang/heap_2.o
 *fill*         0x0000000008005c4e        0x2 
 .rodata        0x0000000008005c50       0x61 FreeRTOS/tasks.o
 *(.rodata*)
 *fill*         0x0000000008005cb1        0x3 
 .rodata.AHBPrescTable
                0x0000000008005cb4       0x10 Core/Src/system_stm32f4xx.o
                0x0000000008005cb4                AHBPrescTable
 .rodata.APBPrescTable
                0x0000000008005cc4        0x8 Core/Src/system_stm32f4xx.o
                0x0000000008005cc4                APBPrescTable
 .rodata._global_impure_ptr
                0x0000000008005ccc        0x4 /opt/st/stm32cubeide_1.5.1/plugins/com.st.stm32cube.ide.mcu.externaltools.gnu-tools-for-stm32.7-2018-q2-update.linux64_1.5.0.202011040924/tools/bin/../lib/gcc/arm-none-eabi/7.3.1/../../../../arm-none-eabi/lib/thumb/v7e-m/fpv4-sp/hard/libc_nano.a(lib_a-impure.o)
                0x0000000008005ccc                _global_impure_ptr
 .rodata.__sf_fake_stderr
                0x0000000008005cd0       0x20 /opt/st/stm32cubeide_1.5.1/plugins/com.st.stm32cube.ide.mcu.externaltools.gnu-tools-for-stm32.7-2018-q2-update.linux64_1.5.0.202011040924/tools/bin/../lib/gcc/arm-none-eabi/7.3.1/../../../../arm-none-eabi/lib/thumb/v7e-m/fpv4-sp/hard/libc_nano.a(lib_a-findfp.o)
                0x0000000008005cd0                __sf_fake_stderr
 .rodata.__sf_fake_stdin
                0x0000000008005cf0       0x20 /opt/st/stm32cubeide_1.5.1/plugins/com.st.stm32cube.ide.mcu.externaltools.gnu-tools-for-stm32.7-2018-q2-update.linux64_1.5.0.202011040924/tools/bin/../lib/gcc/arm-none-eabi/7.3.1/../../../../arm-none-eabi/lib/thumb/v7e-m/fpv4-sp/hard/libc_nano.a(lib_a-findfp.o)
                0x0000000008005cf0                __sf_fake_stdin
 .rodata.__sf_fake_stdout
                0x0000000008005d10       0x20 /opt/st/stm32cubeide_1.5.1/plugins/com.st.stm32cube.ide.mcu.externaltools.gnu-tools-for-stm32.7-2018-q2-update.linux64_1.5.0.202011040924/tools/bin/../lib/gcc/arm-none-eabi/7.3.1/../../../../arm-none-eabi/lib/thumb/v7e-m/fpv4-sp/hard/libc_nano.a(lib_a-findfp.o)
                0x0000000008005d10                __sf_fake_stdout
 .rodata._vfprintf_r.str1.1
                0x0000000008005d30       0x11 /opt/st/stm32cubeide_1.5.1/plugins/com.st.stm32cube.ide.mcu.externaltools.gnu-tools-for-stm32.7-2018-q2-update.linux64_1.5.0.202011040924/tools/bin/../lib/gcc/arm-none-eabi/7.3.1/../../../../arm-none-eabi/lib/thumb/v7e-m/fpv4-sp/hard/libc_nano.a(lib_a-nano-vfprintf.o)
 .rodata._printf_i.str1.1
                0x0000000008005d41       0x22 /opt/st/stm32cubeide_1.5.1/plugins/com.st.stm32cube.ide.mcu.externaltools.gnu-tools-for-stm32.7-2018-q2-update.linux64_1.5.0.202011040924/tools/bin/../lib/gcc/arm-none-eabi/7.3.1/../../../../arm-none-eabi/lib/thumb/v7e-m/fpv4-sp/hard/libc_nano.a(lib_a-nano-vfprintf_i.o)
                0x0000000008005d64                . = ALIGN (0x4)
 *fill*         0x0000000008005d63        0x1 

.ARM.extab      0x0000000008005d64        0x0
                0x0000000008005d64                . = ALIGN (0x4)
 *(.ARM.extab* .gnu.linkonce.armextab.*)
                0x0000000008005d64                . = ALIGN (0x4)

.ARM            0x0000000008005d64        0x8
                0x0000000008005d64                . = ALIGN (0x4)
                0x0000000008005d64                __exidx_start = .
 *(.ARM.exidx*)
 .ARM.exidx     0x0000000008005d64        0x8 /opt/st/stm32cubeide_1.5.1/plugins/com.st.stm32cube.ide.mcu.externaltools.gnu-tools-for-stm32.7-2018-q2-update.linux64_1.5.0.202011040924/tools/bin/../lib/gcc/arm-none-eabi/7.3.1/thumb/v7e-m/fpv4-sp/hard/libgcc.a(_udivmoddi4.o)
                0x0000000008005d6c                __exidx_end = .
                0x0000000008005d6c                . = ALIGN (0x4)

.rel.dyn        0x0000000008005d6c        0x0
 .rel.iplt      0x0000000008005d6c        0x0 /opt/st/stm32cubeide_1.5.1/plugins/com.st.stm32cube.ide.mcu.externaltools.gnu-tools-for-stm32.7-2018-q2-update.linux64_1.5.0.202011040924/tools/bin/../lib/gcc/arm-none-eabi/7.3.1/thumb/v7e-m/fpv4-sp/hard/crtbegin.o

.preinit_array  0x0000000008005d6c        0x0
                0x0000000008005d6c                . = ALIGN (0x4)
                0x0000000008005d6c                PROVIDE (__preinit_array_start = .)
 *(.preinit_array*)
                0x0000000008005d6c                PROVIDE (__preinit_array_end = .)
                0x0000000008005d6c                . = ALIGN (0x4)

.init_array     0x0000000008005d6c        0x4
                0x0000000008005d6c                . = ALIGN (0x4)
                0x0000000008005d6c                PROVIDE (__init_array_start = .)
 *(SORT_BY_NAME(.init_array.*))
 *(.init_array*)
 .init_array    0x0000000008005d6c        0x4 /opt/st/stm32cubeide_1.5.1/plugins/com.st.stm32cube.ide.mcu.externaltools.gnu-tools-for-stm32.7-2018-q2-update.linux64_1.5.0.202011040924/tools/bin/../lib/gcc/arm-none-eabi/7.3.1/thumb/v7e-m/fpv4-sp/hard/crtbegin.o
                0x0000000008005d70                PROVIDE (__init_array_end = .)
                0x0000000008005d70                . = ALIGN (0x4)

.fini_array     0x0000000008005d70        0x4
                0x0000000008005d70                . = ALIGN (0x4)
                [!provide]                        PROVIDE (__fini_array_start = .)
 *(SORT_BY_NAME(.fini_array.*))
 *(.fini_array*)
 .fini_array    0x0000000008005d70        0x4 /opt/st/stm32cubeide_1.5.1/plugins/com.st.stm32cube.ide.mcu.externaltools.gnu-tools-for-stm32.7-2018-q2-update.linux64_1.5.0.202011040924/tools/bin/../lib/gcc/arm-none-eabi/7.3.1/thumb/v7e-m/fpv4-sp/hard/crtbegin.o
                [!provide]                        PROVIDE (__fini_array_end = .)
                0x0000000008005d74                . = ALIGN (0x4)
                0x0000000008005d74                _sidata = LOADADDR (.data)

.data           0x0000000020000000       0x7c load address 0x0000000008005d74
                0x0000000020000000                . = ALIGN (0x4)
                0x0000000020000000                _sdata = .
 *(.data)
 *(.data*)
 .data.flag     0x0000000020000000        0x1 Core/Src/main.o
                0x0000000020000000                flag
 *fill*         0x0000000020000001        0x3 
 .data.SystemCoreClock
                0x0000000020000004        0x4 Core/Src/system_stm32f4xx.o
                0x0000000020000004                SystemCoreClock
 .data.uwTickPrio
                0x0000000020000008        0x4 Drivers/STM32F4xx_HAL_Driver/Src/stm32f4xx_hal.o
                0x0000000020000008                uwTickPrio
 .data.uwTickFreq
                0x000000002000000c        0x1 Drivers/STM32F4xx_HAL_Driver/Src/stm32f4xx_hal.o
                0x000000002000000c                uwTickFreq
 *fill*         0x000000002000000d        0x3 
 .data.xFreeBytesRemaining
                0x0000000020000010        0x4 FreeRTOS/MemMang/heap_2.o
 .data.uxCriticalNesting
                0x0000000020000014        0x4 FreeRTOS/portable/ARM_CM4F/port.o
 .data._impure_ptr
                0x0000000020000018        0x4 /opt/st/stm32cubeide_1.5.1/plugins/com.st.stm32cube.ide.mcu.externaltools.gnu-tools-for-stm32.7-2018-q2-update.linux64_1.5.0.202011040924/tools/bin/../lib/gcc/arm-none-eabi/7.3.1/../../../../arm-none-eabi/lib/thumb/v7e-m/fpv4-sp/hard/libc_nano.a(lib_a-impure.o)
                0x0000000020000018                _impure_ptr
 .data.impure_data
                0x000000002000001c       0x60 /opt/st/stm32cubeide_1.5.1/plugins/com.st.stm32cube.ide.mcu.externaltools.gnu-tools-for-stm32.7-2018-q2-update.linux64_1.5.0.202011040924/tools/bin/../lib/gcc/arm-none-eabi/7.3.1/../../../../arm-none-eabi/lib/thumb/v7e-m/fpv4-sp/hard/libc_nano.a(lib_a-impure.o)
 *(.RamFunc)
 *(.RamFunc*)
                0x000000002000007c                . = ALIGN (0x4)
                0x000000002000007c                _edata = .

.igot.plt       0x000000002000007c        0x0 load address 0x0000000008005df0
 .igot.plt      0x000000002000007c        0x0 /opt/st/stm32cubeide_1.5.1/plugins/com.st.stm32cube.ide.mcu.externaltools.gnu-tools-for-stm32.7-2018-q2-update.linux64_1.5.0.202011040924/tools/bin/../lib/gcc/arm-none-eabi/7.3.1/thumb/v7e-m/fpv4-sp/hard/crtbegin.o
                0x000000002000007c                . = ALIGN (0x4)

.bss            0x000000002000007c     0x16f4 load address 0x0000000008005df0
                0x000000002000007c                _sbss = .
                0x000000002000007c                __bss_start__ = _sbss
 *(.bss)
 .bss           0x000000002000007c       0x1c /opt/st/stm32cubeide_1.5.1/plugins/com.st.stm32cube.ide.mcu.externaltools.gnu-tools-for-stm32.7-2018-q2-update.linux64_1.5.0.202011040924/tools/bin/../lib/gcc/arm-none-eabi/7.3.1/thumb/v7e-m/fpv4-sp/hard/crtbegin.o
 *(.bss*)
 .bss.__sbrk_heap_end
                0x0000000020000098        0x4 Core/Src/sysmem.o
 .bss.ucHeap    0x000000002000009c     0x1400 FreeRTOS/MemMang/heap_2.o
 .bss.xStart    0x000000002000149c        0x8 FreeRTOS/MemMang/heap_2.o
 .bss.xEnd      0x00000000200014a4        0x8 FreeRTOS/MemMang/heap_2.o
 .bss.xHeapHasBeenInitialised.7437
                0x00000000200014ac        0x4 FreeRTOS/MemMang/heap_2.o
 .bss.pxCurrentTCB
                0x00000000200014b0        0x4 FreeRTOS/tasks.o
                0x00000000200014b0                pxCurrentTCB
 .bss.pxReadyTasksLists
                0x00000000200014b4      0x12c FreeRTOS/tasks.o
 .bss.xDelayedTaskList1
                0x00000000200015e0       0x14 FreeRTOS/tasks.o
 .bss.xDelayedTaskList2
                0x00000000200015f4       0x14 FreeRTOS/tasks.o
 .bss.pxDelayedTaskList
                0x0000000020001608        0x4 FreeRTOS/tasks.o
 .bss.pxOverflowDelayedTaskList
                0x000000002000160c        0x4 FreeRTOS/tasks.o
 .bss.xPendingReadyList
                0x0000000020001610       0x14 FreeRTOS/tasks.o
 .bss.xTasksWaitingTermination
                0x0000000020001624       0x14 FreeRTOS/tasks.o
 .bss.uxDeletedTasksWaitingCleanUp
                0x0000000020001638        0x4 FreeRTOS/tasks.o
 .bss.xSuspendedTaskList
                0x000000002000163c       0x14 FreeRTOS/tasks.o
 .bss.uxCurrentNumberOfTasks
                0x0000000020001650        0x4 FreeRTOS/tasks.o
 .bss.xTickCount
                0x0000000020001654        0x4 FreeRTOS/tasks.o
 .bss.uxTopReadyPriority
                0x0000000020001658        0x4 FreeRTOS/tasks.o
 .bss.xSchedulerRunning
                0x000000002000165c        0x4 FreeRTOS/tasks.o
 .bss.uxPendedTicks
                0x0000000020001660        0x4 FreeRTOS/tasks.o
 .bss.xYieldPending
                0x0000000020001664        0x4 FreeRTOS/tasks.o
 .bss.xNumOfOverflows
                0x0000000020001668        0x4 FreeRTOS/tasks.o
 .bss.uxTaskNumber
                0x000000002000166c        0x4 FreeRTOS/tasks.o
 .bss.xNextTaskUnblockTime
                0x0000000020001670        0x4 FreeRTOS/tasks.o
 .bss.xIdleTaskHandle
                0x0000000020001674        0x4 FreeRTOS/tasks.o
 .bss.uxSchedulerSuspended
                0x0000000020001678        0x4 FreeRTOS/tasks.o
 .bss.ucMaxSysCallPriority
                0x000000002000167c        0x1 FreeRTOS/portable/ARM_CM4F/port.o
 *fill*         0x000000002000167d        0x3 
 .bss.ulMaxPRIGROUPValue
                0x0000000020001680        0x4 FreeRTOS/portable/ARM_CM4F/port.o
 .bss.__malloc_free_list
                0x0000000020001684        0x4 /opt/st/stm32cubeide_1.5.1/plugins/com.st.stm32cube.ide.mcu.externaltools.gnu-tools-for-stm32.7-2018-q2-update.linux64_1.5.0.202011040924/tools/bin/../lib/gcc/arm-none-eabi/7.3.1/../../../../arm-none-eabi/lib/thumb/v7e-m/fpv4-sp/hard/libc_nano.a(lib_a-nano-mallocr.o)
                0x0000000020001684                __malloc_free_list
 .bss.__malloc_sbrk_start
                0x0000000020001688        0x4 /opt/st/stm32cubeide_1.5.1/plugins/com.st.stm32cube.ide.mcu.externaltools.gnu-tools-for-stm32.7-2018-q2-update.linux64_1.5.0.202011040924/tools/bin/../lib/gcc/arm-none-eabi/7.3.1/../../../../arm-none-eabi/lib/thumb/v7e-m/fpv4-sp/hard/libc_nano.a(lib_a-nano-mallocr.o)
                0x0000000020001688                __malloc_sbrk_start
 *(COMMON)
 COMMON         0x000000002000168c       0x9c Core/Src/main.o
                0x000000002000168c                xSemaphore
                0x0000000020001690                huart4
                0x00000000200016d0                hspi1
 COMMON         0x0000000020001728       0x40 Core/Src/stm32f4xx_hal_timebase_tim.o
                0x0000000020001728                htim6
 COMMON         0x0000000020001768        0x4 Drivers/STM32F4xx_HAL_Driver/Src/stm32f4xx_hal.o
                0x0000000020001768                uwTick
 COMMON         0x000000002000176c        0x4 /opt/st/stm32cubeide_1.5.1/plugins/com.st.stm32cube.ide.mcu.externaltools.gnu-tools-for-stm32.7-2018-q2-update.linux64_1.5.0.202011040924/tools/bin/../lib/gcc/arm-none-eabi/7.3.1/../../../../arm-none-eabi/lib/thumb/v7e-m/fpv4-sp/hard/libc_nano.a(lib_a-reent.o)
                0x000000002000176c                errno
                0x0000000020001770                . = ALIGN (0x4)
                0x0000000020001770                _ebss = .
                0x0000000020001770                __bss_end__ = _ebss

._user_heap_stack
                0x0000000020001770      0x600 load address 0x0000000008005df0
                0x0000000020001770                . = ALIGN (0x8)
                [!provide]                        PROVIDE (end = .)
                0x0000000020001770                PROVIDE (_end = .)
                0x0000000020001970                . = (. + _Min_Heap_Size)
 *fill*         0x0000000020001770      0x200 
                0x0000000020001d70                . = (. + _Min_Stack_Size)
 *fill*         0x0000000020001970      0x400 
                0x0000000020001d70                . = ALIGN (0x8)

/DISCARD/
 libc.a(*)
 libm.a(*)
 libgcc.a(*)

.ARM.attributes
                0x0000000000000000       0x30
 *(.ARM.attributes)
 .ARM.attributes
                0x0000000000000000       0x22 /opt/st/stm32cubeide_1.5.1/plugins/com.st.stm32cube.ide.mcu.externaltools.gnu-tools-for-stm32.7-2018-q2-update.linux64_1.5.0.202011040924/tools/bin/../lib/gcc/arm-none-eabi/7.3.1/thumb/v7e-m/fpv4-sp/hard/crti.o
 .ARM.attributes
                0x0000000000000022       0x34 /opt/st/stm32cubeide_1.5.1/plugins/com.st.stm32cube.ide.mcu.externaltools.gnu-tools-for-stm32.7-2018-q2-update.linux64_1.5.0.202011040924/tools/bin/../lib/gcc/arm-none-eabi/7.3.1/thumb/v7e-m/fpv4-sp/hard/crtbegin.o
 .ARM.attributes
                0x0000000000000056       0x39 Core/Src/main.o
 .ARM.attributes
                0x000000000000008f       0x39 Core/Src/stm32f4xx_hal_msp.o
 .ARM.attributes
                0x00000000000000c8       0x39 Core/Src/stm32f4xx_hal_timebase_tim.o
 .ARM.attributes
                0x0000000000000101       0x39 Core/Src/stm32f4xx_it.o
 .ARM.attributes
                0x000000000000013a       0x39 Core/Src/syscalls.o
 .ARM.attributes
                0x0000000000000173       0x39 Core/Src/sysmem.o
 .ARM.attributes
                0x00000000000001ac       0x39 Core/Src/system_stm32f4xx.o
 .ARM.attributes
                0x00000000000001e5       0x21 Core/Startup/startup_stm32f407vgtx.o
 .ARM.attributes
                0x0000000000000206       0x39 Drivers/STM32F4xx_HAL_Driver/Src/stm32f4xx_hal.o
 .ARM.attributes
                0x000000000000023f       0x39 Drivers/STM32F4xx_HAL_Driver/Src/stm32f4xx_hal_cortex.o
 .ARM.attributes
                0x0000000000000278       0x39 Drivers/STM32F4xx_HAL_Driver/Src/stm32f4xx_hal_gpio.o
 .ARM.attributes
                0x00000000000002b1       0x39 Drivers/STM32F4xx_HAL_Driver/Src/stm32f4xx_hal_rcc.o
 .ARM.attributes
                0x00000000000002ea       0x39 Drivers/STM32F4xx_HAL_Driver/Src/stm32f4xx_hal_spi.o
 .ARM.attributes
                0x0000000000000323       0x39 Drivers/STM32F4xx_HAL_Driver/Src/stm32f4xx_hal_tim.o
 .ARM.attributes
                0x000000000000035c       0x39 Drivers/STM32F4xx_HAL_Driver/Src/stm32f4xx_hal_tim_ex.o
 .ARM.attributes
                0x0000000000000395       0x39 Drivers/STM32F4xx_HAL_Driver/Src/stm32f4xx_hal_uart.o
 .ARM.attributes
                0x00000000000003ce       0x39 FreeRTOS/MemMang/heap_2.o
 .ARM.attributes
                0x0000000000000407       0x39 FreeRTOS/list.o
 .ARM.attributes
                0x0000000000000440       0x39 FreeRTOS/queue.o
 .ARM.attributes
                0x0000000000000479       0x39 FreeRTOS/tasks.o
 .ARM.attributes
                0x00000000000004b2       0x39 FreeRTOS/portable/ARM_CM4F/port.o
 .ARM.attributes
                0x00000000000004eb       0x34 /opt/st/stm32cubeide_1.5.1/plugins/com.st.stm32cube.ide.mcu.externaltools.gnu-tools-for-stm32.7-2018-q2-update.linux64_1.5.0.202011040924/tools/bin/../lib/gcc/arm-none-eabi/7.3.1/../../../../arm-none-eabi/lib/thumb/v7e-m/fpv4-sp/hard/libc_nano.a(lib_a-errno.o)
 .ARM.attributes
                0x000000000000051f       0x34 /opt/st/stm32cubeide_1.5.1/plugins/com.st.stm32cube.ide.mcu.externaltools.gnu-tools-for-stm32.7-2018-q2-update.linux64_1.5.0.202011040924/tools/bin/../lib/gcc/arm-none-eabi/7.3.1/../../../../arm-none-eabi/lib/thumb/v7e-m/fpv4-sp/hard/libc_nano.a(lib_a-impure.o)
 .ARM.attributes
                0x0000000000000553       0x34 /opt/st/stm32cubeide_1.5.1/plugins/com.st.stm32cube.ide.mcu.externaltools.gnu-tools-for-stm32.7-2018-q2-update.linux64_1.5.0.202011040924/tools/bin/../lib/gcc/arm-none-eabi/7.3.1/../../../../arm-none-eabi/lib/thumb/v7e-m/fpv4-sp/hard/libc_nano.a(lib_a-init.o)
 .ARM.attributes
                0x0000000000000587       0x34 /opt/st/stm32cubeide_1.5.1/plugins/com.st.stm32cube.ide.mcu.externaltools.gnu-tools-for-stm32.7-2018-q2-update.linux64_1.5.0.202011040924/tools/bin/../lib/gcc/arm-none-eabi/7.3.1/../../../../arm-none-eabi/lib/thumb/v7e-m/fpv4-sp/hard/libc_nano.a(lib_a-memset.o)
 .ARM.attributes
                0x00000000000005bb       0x34 /opt/st/stm32cubeide_1.5.1/plugins/com.st.stm32cube.ide.mcu.externaltools.gnu-tools-for-stm32.7-2018-q2-update.linux64_1.5.0.202011040924/tools/bin/../lib/gcc/arm-none-eabi/7.3.1/../../../../arm-none-eabi/lib/thumb/v7e-m/fpv4-sp/hard/libc_nano.a(lib_a-printf.o)
 .ARM.attributes
                0x00000000000005ef       0x34 /opt/st/stm32cubeide_1.5.1/plugins/com.st.stm32cube.ide.mcu.externaltools.gnu-tools-for-stm32.7-2018-q2-update.linux64_1.5.0.202011040924/tools/bin/../lib/gcc/arm-none-eabi/7.3.1/../../../../arm-none-eabi/lib/thumb/v7e-m/fpv4-sp/hard/libc_nano.a(lib_a-strcpy.o)
 .ARM.attributes
                0x0000000000000623       0x34 /opt/st/stm32cubeide_1.5.1/plugins/com.st.stm32cube.ide.mcu.externaltools.gnu-tools-for-stm32.7-2018-q2-update.linux64_1.5.0.202011040924/tools/bin/../lib/gcc/arm-none-eabi/7.3.1/../../../../arm-none-eabi/lib/thumb/v7e-m/fpv4-sp/hard/libc_nano.a(lib_a-findfp.o)
 .ARM.attributes
                0x0000000000000657       0x34 /opt/st/stm32cubeide_1.5.1/plugins/com.st.stm32cube.ide.mcu.externaltools.gnu-tools-for-stm32.7-2018-q2-update.linux64_1.5.0.202011040924/tools/bin/../lib/gcc/arm-none-eabi/7.3.1/../../../../arm-none-eabi/lib/thumb/v7e-m/fpv4-sp/hard/libc_nano.a(lib_a-fwalk.o)
 .ARM.attributes
                0x000000000000068b       0x34 /opt/st/stm32cubeide_1.5.1/plugins/com.st.stm32cube.ide.mcu.externaltools.gnu-tools-for-stm32.7-2018-q2-update.linux64_1.5.0.202011040924/tools/bin/../lib/gcc/arm-none-eabi/7.3.1/../../../../arm-none-eabi/lib/thumb/v7e-m/fpv4-sp/hard/libc_nano.a(lib_a-nano-mallocr.o)
 .ARM.attributes
                0x00000000000006bf       0x34 /opt/st/stm32cubeide_1.5.1/plugins/com.st.stm32cube.ide.mcu.externaltools.gnu-tools-for-stm32.7-2018-q2-update.linux64_1.5.0.202011040924/tools/bin/../lib/gcc/arm-none-eabi/7.3.1/../../../../arm-none-eabi/lib/thumb/v7e-m/fpv4-sp/hard/libc_nano.a(lib_a-nano-vfprintf.o)
 .ARM.attributes
                0x00000000000006f3       0x34 /opt/st/stm32cubeide_1.5.1/plugins/com.st.stm32cube.ide.mcu.externaltools.gnu-tools-for-stm32.7-2018-q2-update.linux64_1.5.0.202011040924/tools/bin/../lib/gcc/arm-none-eabi/7.3.1/../../../../arm-none-eabi/lib/thumb/v7e-m/fpv4-sp/hard/libc_nano.a(lib_a-nano-vfprintf_i.o)
 .ARM.attributes
                0x0000000000000727       0x34 /opt/st/stm32cubeide_1.5.1/plugins/com.st.stm32cube.ide.mcu.externaltools.gnu-tools-for-stm32.7-2018-q2-update.linux64_1.5.0.202011040924/tools/bin/../lib/gcc/arm-none-eabi/7.3.1/../../../../arm-none-eabi/lib/thumb/v7e-m/fpv4-sp/hard/libc_nano.a(lib_a-sbrkr.o)
 .ARM.attributes
                0x000000000000075b       0x34 /opt/st/stm32cubeide_1.5.1/plugins/com.st.stm32cube.ide.mcu.externaltools.gnu-tools-for-stm32.7-2018-q2-update.linux64_1.5.0.202011040924/tools/bin/../lib/gcc/arm-none-eabi/7.3.1/../../../../arm-none-eabi/lib/thumb/v7e-m/fpv4-sp/hard/libc_nano.a(lib_a-stdio.o)
 .ARM.attributes
                0x000000000000078f       0x34 /opt/st/stm32cubeide_1.5.1/plugins/com.st.stm32cube.ide.mcu.externaltools.gnu-tools-for-stm32.7-2018-q2-update.linux64_1.5.0.202011040924/tools/bin/../lib/gcc/arm-none-eabi/7.3.1/../../../../arm-none-eabi/lib/thumb/v7e-m/fpv4-sp/hard/libc_nano.a(lib_a-wbuf.o)
 .ARM.attributes
                0x00000000000007c3       0x34 /opt/st/stm32cubeide_1.5.1/plugins/com.st.stm32cube.ide.mcu.externaltools.gnu-tools-for-stm32.7-2018-q2-update.linux64_1.5.0.202011040924/tools/bin/../lib/gcc/arm-none-eabi/7.3.1/../../../../arm-none-eabi/lib/thumb/v7e-m/fpv4-sp/hard/libc_nano.a(lib_a-writer.o)
 .ARM.attributes
                0x00000000000007f7       0x34 /opt/st/stm32cubeide_1.5.1/plugins/com.st.stm32cube.ide.mcu.externaltools.gnu-tools-for-stm32.7-2018-q2-update.linux64_1.5.0.202011040924/tools/bin/../lib/gcc/arm-none-eabi/7.3.1/../../../../arm-none-eabi/lib/thumb/v7e-m/fpv4-sp/hard/libc_nano.a(lib_a-wsetup.o)
 .ARM.attributes
                0x000000000000082b       0x34 /opt/st/stm32cubeide_1.5.1/plugins/com.st.stm32cube.ide.mcu.externaltools.gnu-tools-for-stm32.7-2018-q2-update.linux64_1.5.0.202011040924/tools/bin/../lib/gcc/arm-none-eabi/7.3.1/../../../../arm-none-eabi/lib/thumb/v7e-m/fpv4-sp/hard/libc_nano.a(lib_a-closer.o)
 .ARM.attributes
                0x000000000000085f       0x34 /opt/st/stm32cubeide_1.5.1/plugins/com.st.stm32cube.ide.mcu.externaltools.gnu-tools-for-stm32.7-2018-q2-update.linux64_1.5.0.202011040924/tools/bin/../lib/gcc/arm-none-eabi/7.3.1/../../../../arm-none-eabi/lib/thumb/v7e-m/fpv4-sp/hard/libc_nano.a(lib_a-fflush.o)
 .ARM.attributes
                0x0000000000000893       0x34 /opt/st/stm32cubeide_1.5.1/plugins/com.st.stm32cube.ide.mcu.externaltools.gnu-tools-for-stm32.7-2018-q2-update.linux64_1.5.0.202011040924/tools/bin/../lib/gcc/arm-none-eabi/7.3.1/../../../../arm-none-eabi/lib/thumb/v7e-m/fpv4-sp/hard/libc_nano.a(lib_a-lseekr.o)
 .ARM.attributes
                0x00000000000008c7       0x34 /opt/st/stm32cubeide_1.5.1/plugins/com.st.stm32cube.ide.mcu.externaltools.gnu-tools-for-stm32.7-2018-q2-update.linux64_1.5.0.202011040924/tools/bin/../lib/gcc/arm-none-eabi/7.3.1/../../../../arm-none-eabi/lib/thumb/v7e-m/fpv4-sp/hard/libc_nano.a(lib_a-makebuf.o)
 .ARM.attributes
                0x00000000000008fb       0x20 /opt/st/stm32cubeide_1.5.1/plugins/com.st.stm32cube.ide.mcu.externaltools.gnu-tools-for-stm32.7-2018-q2-update.linux64_1.5.0.202011040924/tools/bin/../lib/gcc/arm-none-eabi/7.3.1/../../../../arm-none-eabi/lib/thumb/v7e-m/fpv4-sp/hard/libc_nano.a(lib_a-memchr.o)
 .ARM.attributes
                0x000000000000091b       0x34 /opt/st/stm32cubeide_1.5.1/plugins/com.st.stm32cube.ide.mcu.externaltools.gnu-tools-for-stm32.7-2018-q2-update.linux64_1.5.0.202011040924/tools/bin/../lib/gcc/arm-none-eabi/7.3.1/../../../../arm-none-eabi/lib/thumb/v7e-m/fpv4-sp/hard/libc_nano.a(lib_a-mlock.o)
 .ARM.attributes
                0x000000000000094f       0x34 /opt/st/stm32cubeide_1.5.1/plugins/com.st.stm32cube.ide.mcu.externaltools.gnu-tools-for-stm32.7-2018-q2-update.linux64_1.5.0.202011040924/tools/bin/../lib/gcc/arm-none-eabi/7.3.1/../../../../arm-none-eabi/lib/thumb/v7e-m/fpv4-sp/hard/libc_nano.a(lib_a-nano-freer.o)
 .ARM.attributes
                0x0000000000000983       0x34 /opt/st/stm32cubeide_1.5.1/plugins/com.st.stm32cube.ide.mcu.externaltools.gnu-tools-for-stm32.7-2018-q2-update.linux64_1.5.0.202011040924/tools/bin/../lib/gcc/arm-none-eabi/7.3.1/../../../../arm-none-eabi/lib/thumb/v7e-m/fpv4-sp/hard/libc_nano.a(lib_a-readr.o)
 .ARM.attributes
                0x00000000000009b7       0x34 /opt/st/stm32cubeide_1.5.1/plugins/com.st.stm32cube.ide.mcu.externaltools.gnu-tools-for-stm32.7-2018-q2-update.linux64_1.5.0.202011040924/tools/bin/../lib/gcc/arm-none-eabi/7.3.1/../../../../arm-none-eabi/lib/thumb/v7e-m/fpv4-sp/hard/libc_nano.a(lib_a-reent.o)
 .ARM.attributes
                0x00000000000009eb       0x34 /opt/st/stm32cubeide_1.5.1/plugins/com.st.stm32cube.ide.mcu.externaltools.gnu-tools-for-stm32.7-2018-q2-update.linux64_1.5.0.202011040924/tools/bin/../lib/gcc/arm-none-eabi/7.3.1/../../../../arm-none-eabi/lib/thumb/v7e-m/fpv4-sp/hard/libc_nano.a(lib_a-fstatr.o)
 .ARM.attributes
                0x0000000000000a1f       0x34 /opt/st/stm32cubeide_1.5.1/plugins/com.st.stm32cube.ide.mcu.externaltools.gnu-tools-for-stm32.7-2018-q2-update.linux64_1.5.0.202011040924/tools/bin/../lib/gcc/arm-none-eabi/7.3.1/../../../../arm-none-eabi/lib/thumb/v7e-m/fpv4-sp/hard/libc_nano.a(lib_a-isattyr.o)
 .ARM.attributes
                0x0000000000000a53       0x22 /opt/st/stm32cubeide_1.5.1/plugins/com.st.stm32cube.ide.mcu.externaltools.gnu-tools-for-stm32.7-2018-q2-update.linux64_1.5.0.202011040924/tools/bin/../lib/gcc/arm-none-eabi/7.3.1/thumb/v7e-m/fpv4-sp/hard/libgcc.a(_aeabi_uldivmod.o)
 .ARM.attributes
                0x0000000000000a75       0x34 /opt/st/stm32cubeide_1.5.1/plugins/com.st.stm32cube.ide.mcu.externaltools.gnu-tools-for-stm32.7-2018-q2-update.linux64_1.5.0.202011040924/tools/bin/../lib/gcc/arm-none-eabi/7.3.1/thumb/v7e-m/fpv4-sp/hard/libgcc.a(_udivmoddi4.o)
 .ARM.attributes
                0x0000000000000aa9       0x22 /opt/st/stm32cubeide_1.5.1/plugins/com.st.stm32cube.ide.mcu.externaltools.gnu-tools-for-stm32.7-2018-q2-update.linux64_1.5.0.202011040924/tools/bin/../lib/gcc/arm-none-eabi/7.3.1/thumb/v7e-m/fpv4-sp/hard/libgcc.a(_dvmd_tls.o)
 .ARM.attributes
                0x0000000000000acb       0x22 /opt/st/stm32cubeide_1.5.1/plugins/com.st.stm32cube.ide.mcu.externaltools.gnu-tools-for-stm32.7-2018-q2-update.linux64_1.5.0.202011040924/tools/bin/../lib/gcc/arm-none-eabi/7.3.1/thumb/v7e-m/fpv4-sp/hard/crtn.o
OUTPUT(lab4.elf elf32-littlearm)

.debug_info     0x0000000000000000    0x1485a
 .debug_info    0x0000000000000000     0x1c62 Core/Src/main.o
 .debug_info    0x0000000000001c62      0xc29 Core/Src/stm32f4xx_hal_msp.o
 .debug_info    0x000000000000288b      0xb2d Core/Src/stm32f4xx_hal_timebase_tim.o
 .debug_info    0x00000000000033b8      0x712 Core/Src/stm32f4xx_it.o
 .debug_info    0x0000000000003aca      0xebd Core/Src/syscalls.o
 .debug_info    0x0000000000004987      0x985 Core/Src/sysmem.o
 .debug_info    0x000000000000530c      0x554 Core/Src/system_stm32f4xx.o
 .debug_info    0x0000000000005860       0x22 Core/Startup/startup_stm32f407vgtx.o
 .debug_info    0x0000000000005882      0x945 Drivers/STM32F4xx_HAL_Driver/Src/stm32f4xx_hal.o
 .debug_info    0x00000000000061c7      0xe28 Drivers/STM32F4xx_HAL_Driver/Src/stm32f4xx_hal_cortex.o
 .debug_info    0x0000000000006fef      0x78f Drivers/STM32F4xx_HAL_Driver/Src/stm32f4xx_hal_gpio.o
 .debug_info    0x000000000000777e      0x904 Drivers/STM32F4xx_HAL_Driver/Src/stm32f4xx_hal_rcc.o
 .debug_info    0x0000000000008082     0x163a Drivers/STM32F4xx_HAL_Driver/Src/stm32f4xx_hal_spi.o
 .debug_info    0x00000000000096bc     0x24a9 Drivers/STM32F4xx_HAL_Driver/Src/stm32f4xx_hal_tim.o
 .debug_info    0x000000000000bb65     0x1157 Drivers/STM32F4xx_HAL_Driver/Src/stm32f4xx_hal_tim_ex.o
 .debug_info    0x000000000000ccbc     0x124c Drivers/STM32F4xx_HAL_Driver/Src/stm32f4xx_hal_uart.o
 .debug_info    0x000000000000df08      0xb5d FreeRTOS/MemMang/heap_2.o
 .debug_info    0x000000000000ea65      0xacb FreeRTOS/list.o
 .debug_info    0x000000000000f530     0x1f03 FreeRTOS/queue.o
 .debug_info    0x0000000000011433     0x26eb FreeRTOS/tasks.o
 .debug_info    0x0000000000013b1e      0xd3c FreeRTOS/portable/ARM_CM4F/port.o

.debug_abbrev   0x0000000000000000     0x2bd7
 .debug_abbrev  0x0000000000000000      0x317 Core/Src/main.o
 .debug_abbrev  0x0000000000000317      0x18c Core/Src/stm32f4xx_hal_msp.o
 .debug_abbrev  0x00000000000004a3      0x19d Core/Src/stm32f4xx_hal_timebase_tim.o
 .debug_abbrev  0x0000000000000640      0x15a Core/Src/stm32f4xx_it.o
 .debug_abbrev  0x000000000000079a      0x261 Core/Src/syscalls.o
 .debug_abbrev  0x00000000000009fb      0x19b Core/Src/sysmem.o
 .debug_abbrev  0x0000000000000b96      0x12b Core/Src/system_stm32f4xx.o
 .debug_abbrev  0x0000000000000cc1       0x12 Core/Startup/startup_stm32f407vgtx.o
 .debug_abbrev  0x0000000000000cd3      0x1c7 Drivers/STM32F4xx_HAL_Driver/Src/stm32f4xx_hal.o
 .debug_abbrev  0x0000000000000e9a      0x2fa Drivers/STM32F4xx_HAL_Driver/Src/stm32f4xx_hal_cortex.o
 .debug_abbrev  0x0000000000001194      0x1c9 Drivers/STM32F4xx_HAL_Driver/Src/stm32f4xx_hal_gpio.o
 .debug_abbrev  0x000000000000135d      0x245 Drivers/STM32F4xx_HAL_Driver/Src/stm32f4xx_hal_rcc.o
 .debug_abbrev  0x00000000000015a2      0x240 Drivers/STM32F4xx_HAL_Driver/Src/stm32f4xx_hal_spi.o
 .debug_abbrev  0x00000000000017e2      0x230 Drivers/STM32F4xx_HAL_Driver/Src/stm32f4xx_hal_tim.o
 .debug_abbrev  0x0000000000001a12      0x21e Drivers/STM32F4xx_HAL_Driver/Src/stm32f4xx_hal_tim_ex.o
 .debug_abbrev  0x0000000000001c30      0x242 Drivers/STM32F4xx_HAL_Driver/Src/stm32f4xx_hal_uart.o
 .debug_abbrev  0x0000000000001e72      0x248 FreeRTOS/MemMang/heap_2.o
 .debug_abbrev  0x00000000000020ba      0x1cf FreeRTOS/list.o
 .debug_abbrev  0x0000000000002289      0x2f1 FreeRTOS/queue.o
 .debug_abbrev  0x000000000000257a      0x363 FreeRTOS/tasks.o
 .debug_abbrev  0x00000000000028dd      0x2fa FreeRTOS/portable/ARM_CM4F/port.o

.debug_aranges  0x0000000000000000     0x1220
 .debug_aranges
                0x0000000000000000       0x98 Core/Src/main.o
 .debug_aranges
                0x0000000000000098       0x40 Core/Src/stm32f4xx_hal_msp.o
 .debug_aranges
                0x00000000000000d8       0x30 Core/Src/stm32f4xx_hal_timebase_tim.o
 .debug_aranges
                0x0000000000000108       0x70 Core/Src/stm32f4xx_it.o
 .debug_aranges
                0x0000000000000178       0xa8 Core/Src/syscalls.o
 .debug_aranges
                0x0000000000000220       0x20 Core/Src/sysmem.o
 .debug_aranges
                0x0000000000000240       0x28 Core/Src/system_stm32f4xx.o
 .debug_aranges
                0x0000000000000268       0x28 Core/Startup/startup_stm32f407vgtx.o
 .debug_aranges
                0x0000000000000290       0xf0 Drivers/STM32F4xx_HAL_Driver/Src/stm32f4xx_hal.o
 .debug_aranges
                0x0000000000000380      0x118 Drivers/STM32F4xx_HAL_Driver/Src/stm32f4xx_hal_cortex.o
 .debug_aranges
                0x0000000000000498       0x50 Drivers/STM32F4xx_HAL_Driver/Src/stm32f4xx_hal_gpio.o
 .debug_aranges
                0x00000000000004e8       0x88 Drivers/STM32F4xx_HAL_Driver/Src/stm32f4xx_hal_rcc.o
 .debug_aranges
                0x0000000000000570      0x1d0 Drivers/STM32F4xx_HAL_Driver/Src/stm32f4xx_hal_spi.o
 .debug_aranges
                0x0000000000000740      0x3a8 Drivers/STM32F4xx_HAL_Driver/Src/stm32f4xx_hal_tim.o
 .debug_aranges
                0x0000000000000ae8      0x150 Drivers/STM32F4xx_HAL_Driver/Src/stm32f4xx_hal_tim_ex.o
 .debug_aranges
                0x0000000000000c38      0x1d0 Drivers/STM32F4xx_HAL_Driver/Src/stm32f4xx_hal_uart.o
 .debug_aranges
                0x0000000000000e08       0x50 FreeRTOS/MemMang/heap_2.o
 .debug_aranges
                0x0000000000000e58       0x40 FreeRTOS/list.o
 .debug_aranges
                0x0000000000000e98      0x128 FreeRTOS/queue.o
 .debug_aranges
                0x0000000000000fc0      0x1e0 FreeRTOS/tasks.o
 .debug_aranges
                0x00000000000011a0       0x80 FreeRTOS/portable/ARM_CM4F/port.o

.debug_ranges   0x0000000000000000     0x10d8
 .debug_ranges  0x0000000000000000       0x88 Core/Src/main.o
 .debug_ranges  0x0000000000000088       0x30 Core/Src/stm32f4xx_hal_msp.o
 .debug_ranges  0x00000000000000b8       0x20 Core/Src/stm32f4xx_hal_timebase_tim.o
 .debug_ranges  0x00000000000000d8       0x60 Core/Src/stm32f4xx_it.o
 .debug_ranges  0x0000000000000138       0x98 Core/Src/syscalls.o
 .debug_ranges  0x00000000000001d0       0x10 Core/Src/sysmem.o
 .debug_ranges  0x00000000000001e0       0x18 Core/Src/system_stm32f4xx.o
 .debug_ranges  0x00000000000001f8       0x20 Core/Startup/startup_stm32f407vgtx.o
 .debug_ranges  0x0000000000000218       0xe0 Drivers/STM32F4xx_HAL_Driver/Src/stm32f4xx_hal.o
 .debug_ranges  0x00000000000002f8      0x108 Drivers/STM32F4xx_HAL_Driver/Src/stm32f4xx_hal_cortex.o
 .debug_ranges  0x0000000000000400       0x40 Drivers/STM32F4xx_HAL_Driver/Src/stm32f4xx_hal_gpio.o
 .debug_ranges  0x0000000000000440       0x78 Drivers/STM32F4xx_HAL_Driver/Src/stm32f4xx_hal_rcc.o
 .debug_ranges  0x00000000000004b8      0x1c0 Drivers/STM32F4xx_HAL_Driver/Src/stm32f4xx_hal_spi.o
 .debug_ranges  0x0000000000000678      0x398 Drivers/STM32F4xx_HAL_Driver/Src/stm32f4xx_hal_tim.o
 .debug_ranges  0x0000000000000a10      0x140 Drivers/STM32F4xx_HAL_Driver/Src/stm32f4xx_hal_tim_ex.o
 .debug_ranges  0x0000000000000b50      0x1c0 Drivers/STM32F4xx_HAL_Driver/Src/stm32f4xx_hal_uart.o
 .debug_ranges  0x0000000000000d10       0x40 FreeRTOS/MemMang/heap_2.o
 .debug_ranges  0x0000000000000d50       0x30 FreeRTOS/list.o
 .debug_ranges  0x0000000000000d80      0x118 FreeRTOS/queue.o
 .debug_ranges  0x0000000000000e98      0x1d0 FreeRTOS/tasks.o
 .debug_ranges  0x0000000000001068       0x70 FreeRTOS/portable/ARM_CM4F/port.o

.debug_macro    0x0000000000000000    0x23c0e
 .debug_macro   0x0000000000000000      0x444 Core/Src/main.o
 .debug_macro   0x0000000000000444      0xa5a Core/Src/main.o
 .debug_macro   0x0000000000000e9e      0x29a Core/Src/main.o
 .debug_macro   0x0000000000001138       0x2e Core/Src/main.o
 .debug_macro   0x0000000000001166       0x2f Core/Src/main.o
 .debug_macro   0x0000000000001195       0x22 Core/Src/main.o
 .debug_macro   0x00000000000011b7       0x8e Core/Src/main.o
 .debug_macro   0x0000000000001245       0x51 Core/Src/main.o
 .debug_macro   0x0000000000001296       0xef Core/Src/main.o
 .debug_macro   0x0000000000001385       0x6a Core/Src/main.o
 .debug_macro   0x00000000000013ef      0x1df Core/Src/main.o
 .debug_macro   0x00000000000015ce       0x1c Core/Src/main.o
 .debug_macro   0x00000000000015ea       0x22 Core/Src/main.o
 .debug_macro   0x000000000000160c       0xdf Core/Src/main.o
 .debug_macro   0x00000000000016eb     0x102d Core/Src/main.o
 .debug_macro   0x0000000000002718      0x11f Core/Src/main.o
 .debug_macro   0x0000000000002837    0x15e3c Core/Src/main.o
 .debug_macro   0x0000000000018673       0x43 Core/Src/main.o
 .debug_macro   0x00000000000186b6     0x3659 Core/Src/main.o
 .debug_macro   0x000000000001bd0f      0x174 Core/Src/main.o
 .debug_macro   0x000000000001be83       0x5a Core/Src/main.o
 .debug_macro   0x000000000001bedd      0x96b Core/Src/main.o
 .debug_macro   0x000000000001c848      0x9fe Core/Src/main.o
 .debug_macro   0x000000000001d246      0x117 Core/Src/main.o
 .debug_macro   0x000000000001d35d      0x13e Core/Src/main.o
 .debug_macro   0x000000000001d49b       0x27 Core/Src/main.o
 .debug_macro   0x000000000001d4c2      0x174 Core/Src/main.o
 .debug_macro   0x000000000001d636      0x287 Core/Src/main.o
 .debug_macro   0x000000000001d8bd       0x5f Core/Src/main.o
 .debug_macro   0x000000000001d91c      0x236 Core/Src/main.o
 .debug_macro   0x000000000001db52      0x12c Core/Src/main.o
 .debug_macro   0x000000000001dc7e      0x21e Core/Src/main.o
 .debug_macro   0x000000000001de9c       0x2e Core/Src/main.o
 .debug_macro   0x000000000001deca      0x11a Core/Src/main.o
 .debug_macro   0x000000000001dfe4       0x7e Core/Src/main.o
 .debug_macro   0x000000000001e062       0x89 Core/Src/main.o
 .debug_macro   0x000000000001e0eb      0x225 Core/Src/main.o
 .debug_macro   0x000000000001e310      0x8a0 Core/Src/main.o
 .debug_macro   0x000000000001ebb0       0x47 Core/Src/main.o
 .debug_macro   0x000000000001ebf7      0x287 Core/Src/main.o
 .debug_macro   0x000000000001ee7e      0x12d Core/Src/main.o
 .debug_macro   0x000000000001efab      0x106 Core/Src/main.o
 .debug_macro   0x000000000001f0b1      0x15a Core/Src/main.o
 .debug_macro   0x000000000001f20b       0xe4 Core/Src/main.o
 .debug_macro   0x000000000001f2ef       0x1c Core/Src/main.o
 .debug_macro   0x000000000001f30b       0x26 Core/Src/main.o
 .debug_macro   0x000000000001f331      0x4d3 Core/Src/main.o
 .debug_macro   0x000000000001f804       0x46 Core/Src/main.o
 .debug_macro   0x000000000001f84a       0x18 Core/Src/main.o
 .debug_macro   0x000000000001f862       0x3c Core/Src/main.o
 .debug_macro   0x000000000001f89e       0x34 Core/Src/main.o
 .debug_macro   0x000000000001f8d2       0x16 Core/Src/main.o
 .debug_macro   0x000000000001f8e8       0x35 Core/Src/main.o
 .debug_macro   0x000000000001f91d      0x32a Core/Src/main.o
 .debug_macro   0x000000000001fc47       0x10 Core/Src/main.o
 .debug_macro   0x000000000001fc57       0x52 Core/Src/main.o
 .debug_macro   0x000000000001fca9       0x1f Core/Src/main.o
 .debug_macro   0x000000000001fcc8       0x43 Core/Src/main.o
 .debug_macro   0x000000000001fd0b       0x20 Core/Src/main.o
 .debug_macro   0x000000000001fd2b      0x1a3 Core/Src/main.o
 .debug_macro   0x000000000001fece       0x10 Core/Src/main.o
 .debug_macro   0x000000000001fede       0x1c Core/Src/main.o
 .debug_macro   0x000000000001fefa       0x52 Core/Src/main.o
 .debug_macro   0x000000000001ff4c       0x40 Core/Src/main.o
 .debug_macro   0x000000000001ff8c       0x10 Core/Src/main.o
 .debug_macro   0x000000000001ff9c       0x40 Core/Src/main.o
 .debug_macro   0x000000000001ffdc       0xd7 Core/Src/main.o
 .debug_macro   0x00000000000200b3       0x1c Core/Src/main.o
 .debug_macro   0x00000000000200cf       0x3d Core/Src/main.o
 .debug_macro   0x000000000002010c       0x16 Core/Src/main.o
 .debug_macro   0x0000000000020122      0x145 Core/Src/main.o
 .debug_macro   0x0000000000020267       0xb5 Core/Src/main.o
 .debug_macro   0x000000000002031c       0xaa Core/Src/main.o
 .debug_macro   0x00000000000203c6       0x80 Core/Src/main.o
 .debug_macro   0x0000000000020446       0x7e Core/Src/main.o
 .debug_macro   0x00000000000204c4      0x1e2 Core/Src/stm32f4xx_hal_msp.o
 .debug_macro   0x00000000000206a6      0x1d8 Core/Src/stm32f4xx_hal_timebase_tim.o
 .debug_macro   0x000000000002087e      0x1ec Core/Src/stm32f4xx_it.o
 .debug_macro   0x0000000000020a6a      0x243 Core/Src/syscalls.o
 .debug_macro   0x0000000000020cad       0x40 Core/Src/syscalls.o
 .debug_macro   0x0000000000020ced       0x94 Core/Src/syscalls.o
 .debug_macro   0x0000000000020d81       0x57 Core/Src/syscalls.o
 .debug_macro   0x0000000000020dd8      0x330 Core/Src/syscalls.o
 .debug_macro   0x0000000000021108       0x10 Core/Src/syscalls.o
 .debug_macro   0x0000000000021118       0x10 Core/Src/syscalls.o
 .debug_macro   0x0000000000021128       0x10 Core/Src/syscalls.o
 .debug_macro   0x0000000000021138       0x35 Core/Src/syscalls.o
 .debug_macro   0x000000000002116d      0x122 Core/Src/syscalls.o
 .debug_macro   0x000000000002128f       0x16 Core/Src/syscalls.o
 .debug_macro   0x00000000000212a5       0x16 Core/Src/syscalls.o
 .debug_macro   0x00000000000212bb       0x29 Core/Src/syscalls.o
 .debug_macro   0x00000000000212e4       0x10 Core/Src/syscalls.o
 .debug_macro   0x00000000000212f4      0x241 Core/Src/syscalls.o
 .debug_macro   0x0000000000021535       0x1c Core/Src/syscalls.o
 .debug_macro   0x0000000000021551       0x10 Core/Src/syscalls.o
 .debug_macro   0x0000000000021561      0x189 Core/Src/syscalls.o
 .debug_macro   0x00000000000216ea       0x16 Core/Src/syscalls.o
 .debug_macro   0x0000000000021700       0x88 Core/Src/syscalls.o
 .debug_macro   0x0000000000021788       0xee Core/Src/sysmem.o
 .debug_macro   0x0000000000021876      0x23b Core/Src/sysmem.o
 .debug_macro   0x0000000000021ab1      0x1de Core/Src/system_stm32f4xx.o
 .debug_macro   0x0000000000021c8f      0x238 Drivers/STM32F4xx_HAL_Driver/Src/stm32f4xx_hal.o
 .debug_macro   0x0000000000021ec7      0x1d8 Drivers/STM32F4xx_HAL_Driver/Src/stm32f4xx_hal_cortex.o
 .debug_macro   0x000000000002209f      0x20e Drivers/STM32F4xx_HAL_Driver/Src/stm32f4xx_hal_gpio.o
 .debug_macro   0x00000000000222ad      0x1fc Drivers/STM32F4xx_HAL_Driver/Src/stm32f4xx_hal_rcc.o
 .debug_macro   0x00000000000224a9      0x1e7 Drivers/STM32F4xx_HAL_Driver/Src/stm32f4xx_hal_spi.o
 .debug_macro   0x0000000000022690      0x1d9 Drivers/STM32F4xx_HAL_Driver/Src/stm32f4xx_hal_tim.o
 .debug_macro   0x0000000000022869      0x1d8 Drivers/STM32F4xx_HAL_Driver/Src/stm32f4xx_hal_tim_ex.o
 .debug_macro   0x0000000000022a41      0x1d9 Drivers/STM32F4xx_HAL_Driver/Src/stm32f4xx_hal_uart.o
 .debug_macro   0x0000000000022c1a      0x296 FreeRTOS/MemMang/heap_2.o
 .debug_macro   0x0000000000022eb0      0x10e FreeRTOS/MemMang/heap_2.o
 .debug_macro   0x0000000000022fbe       0x8d FreeRTOS/MemMang/heap_2.o
 .debug_macro   0x000000000002304b       0x16 FreeRTOS/MemMang/heap_2.o
 .debug_macro   0x0000000000023061       0x20 FreeRTOS/MemMang/heap_2.o
 .debug_macro   0x0000000000023081      0x106 FreeRTOS/MemMang/heap_2.o
 .debug_macro   0x0000000000023187      0x186 FreeRTOS/list.o
 .debug_macro   0x000000000002330d      0x2d4 FreeRTOS/queue.o
 .debug_macro   0x00000000000235e1      0x331 FreeRTOS/tasks.o
 .debug_macro   0x0000000000023912       0x10 FreeRTOS/tasks.o
 .debug_macro   0x0000000000023922      0x2ec FreeRTOS/portable/ARM_CM4F/port.o

.debug_line     0x0000000000000000     0xd793
 .debug_line    0x0000000000000000      0xb88 Core/Src/main.o
 .debug_line    0x0000000000000b88      0x712 Core/Src/stm32f4xx_hal_msp.o
 .debug_line    0x000000000000129a      0x6e8 Core/Src/stm32f4xx_hal_timebase_tim.o
 .debug_line    0x0000000000001982      0x77f Core/Src/stm32f4xx_it.o
 .debug_line    0x0000000000002101      0x711 Core/Src/syscalls.o
 .debug_line    0x0000000000002812      0x49a Core/Src/sysmem.o
 .debug_line    0x0000000000002cac      0x6cf Core/Src/system_stm32f4xx.o
 .debug_line    0x000000000000337b       0x85 Core/Startup/startup_stm32f407vgtx.o
 .debug_line    0x0000000000003400      0x8b9 Drivers/STM32F4xx_HAL_Driver/Src/stm32f4xx_hal.o
 .debug_line    0x0000000000003cb9      0x9dd Drivers/STM32F4xx_HAL_Driver/Src/stm32f4xx_hal_cortex.o
 .debug_line    0x0000000000004696      0x887 Drivers/STM32F4xx_HAL_Driver/Src/stm32f4xx_hal_gpio.o
 .debug_line    0x0000000000004f1d      0x911 Drivers/STM32F4xx_HAL_Driver/Src/stm32f4xx_hal_rcc.o
 .debug_line    0x000000000000582e     0x1075 Drivers/STM32F4xx_HAL_Driver/Src/stm32f4xx_hal_spi.o
 .debug_line    0x00000000000068a3     0x1932 Drivers/STM32F4xx_HAL_Driver/Src/stm32f4xx_hal_tim.o
 .debug_line    0x00000000000081d5      0xccf Drivers/STM32F4xx_HAL_Driver/Src/stm32f4xx_hal_tim_ex.o
 .debug_line    0x0000000000008ea4      0xfc7 Drivers/STM32F4xx_HAL_Driver/Src/stm32f4xx_hal_uart.o
 .debug_line    0x0000000000009e6b      0x79d FreeRTOS/MemMang/heap_2.o
 .debug_line    0x000000000000a608      0x62b FreeRTOS/list.o
 .debug_line    0x000000000000ac33      0xfcc FreeRTOS/queue.o
 .debug_line    0x000000000000bbff     0x1321 FreeRTOS/tasks.o
 .debug_line    0x000000000000cf20      0x873 FreeRTOS/portable/ARM_CM4F/port.o

.debug_str      0x0000000000000000    0xd4039
 .debug_str     0x0000000000000000    0xcd32c Core/Src/main.o
                                      0xcd767 (size before relaxing)
 .debug_str     0x00000000000cd32c       0x7d Core/Src/stm32f4xx_hal_msp.o
                                      0xc3f2a (size before relaxing)
 .debug_str     0x00000000000cd3a9       0xaa Core/Src/stm32f4xx_hal_timebase_tim.o
                                      0xc42d4 (size before relaxing)
 .debug_str     0x00000000000cd453       0xb7 Core/Src/stm32f4xx_it.o
                                      0xc3cc3 (size before relaxing)
 .debug_str     0x00000000000cd50a     0x1078 Core/Src/syscalls.o
                                       0x8890 (size before relaxing)
 .debug_str     0x00000000000ce582       0x6b Core/Src/sysmem.o
                                       0x5f5e (size before relaxing)
 .debug_str     0x00000000000ce5ed       0xc4 Core/Src/system_stm32f4xx.o
                                      0xc395e (size before relaxing)
 .debug_str     0x00000000000ce6b1       0x36 Core/Startup/startup_stm32f407vgtx.o
                                         0x6b (size before relaxing)
 .debug_str     0x00000000000ce6e7      0x53d Drivers/STM32F4xx_HAL_Driver/Src/stm32f4xx_hal.o
                                      0xc442b (size before relaxing)
 .debug_str     0x00000000000cec24      0x392 Drivers/STM32F4xx_HAL_Driver/Src/stm32f4xx_hal_cortex.o
                                      0xc421a (size before relaxing)
 .debug_str     0x00000000000cefb6      0x1ec Drivers/STM32F4xx_HAL_Driver/Src/stm32f4xx_hal_gpio.o
                                      0xc3b86 (size before relaxing)