tasks.c:350:6:showTask	40	static
tasks.c:765:13:xTaskCreate	56	static
tasks.c:856:13:prvInitialiseNewTask	40	static,ignoring_inline_asm
tasks.c:1107:13:prvAddNewTaskToReadyList	16	static,ignoring_inline_asm
tasks.c:1192:7:vTaskDelete	24	static,ignoring_inline_asm
tasks.c:1284:7:vTaskDelayUntil	48	static,ignoring_inline_asm
tasks.c:1368:7:vTaskDelay	24	static,ignoring_inline_asm
tasks.c:1413:13:eTaskGetState	40	static,ignoring_inline_asm
tasks.c:1505:14:uxTaskPriorityGet	24	static
tasks.c:1527:14:uxTaskPriorityGetFromISR	40	static,ignoring_inline_asm
tasks.c:1567:7:vTaskPrioritySet	40	static,ignoring_inline_asm
tasks.c:1731:7:vTaskSuspend	24	static,ignoring_inline_asm
tasks.c:1832:20:prvTaskIsTaskSuspended	32	static,ignoring_inline_asm
tasks.c:1878:7:vTaskResume	24	static,ignoring_inline_asm
tasks.c:1932:13:xTaskResumeFromISR	48	static,ignoring_inline_asm
tasks.c:2002:6:vTaskStartScheduler	32	static,ignoring_inline_asm
tasks.c:2124:6:vTaskEndScheduler	16	static,ignoring_inline_asm
tasks.c:2135:6:vTaskSuspendAll	4	static,ignoring_inline_asm
tasks.c:2209:12:xTaskResumeAll	24	static,ignoring_inline_asm
tasks.c:2319:12:xTaskGetTickCount	16	static
tasks.c:2334:12:xTaskGetTickCountFromISR	16	static
tasks.c:2365:13:uxTaskGetNumberOfTasks	4	static
tasks.c:2373:7:pcTaskGetName	24	static,ignoring_inline_asm
tasks.c:2520:14:uxTaskGetSystemState	32	static
tasks.c:2700:12:xTaskIncrementTick	32	static,ignoring_inline_asm
tasks.c:2982:6:vTaskSwitchContext	32	static,ignoring_inline_asm
tasks.c:3055:6:vTaskPlaceOnEventList	24	static,ignoring_inline_asm
tasks.c:3072:6:vTaskPlaceOnUnorderedEventList	32	static,ignoring_inline_asm
tasks.c:3098:7:vTaskPlaceOnEventListRestricted	32	static,ignoring_inline_asm
tasks.c:3129:12:xTaskRemoveFromEventList	32	static,ignoring_inline_asm
tasks.c:3197:6:vTaskRemoveFromUnorderedEventList	32	static,ignoring_inline_asm
tasks.c:3231:6:vTaskSetTimeOutState	24	static,ignoring_inline_asm
tasks.c:3243:6:vTaskInternalSetTimeOutState	16	static
tasks.c:3251:12:xTaskCheckForTimeOut	40	static,ignoring_inline_asm
tasks.c:3314:6:vTaskMissedYield	4	static
tasks.c:3322:14:uxTaskGetTaskNumber	24	static
tasks.c:3345:7:vTaskSetTaskNumber	24	static
tasks.c:3369:8:prvIdleTask	16	static,ignoring_inline_asm
tasks.c:3581:13:prvInitialiseTaskLists	16	static
tasks.c:3613:13:prvCheckTasksWaitingTermination	16	static
tasks.c:3644:7:vTaskGetInfo	32	static
tasks.c:3740:21:prvListTasksWithinSingleList	48	static
tasks.c:3773:32:prvTaskCheckFreeStackSpace	24	static
tasks.c:3861:14:prvDeleteTCB	16	static
tasks.c:3915:13:prvResetNextTaskUnblockTime	16	static
tasks.c:3941:15:xTaskGetCurrentTaskHandle	16	static
tasks.c:3958:13:xTaskGetSchedulerState	16	static
tasks.c:3986:13:xTaskPriorityInherit	24	static
tasks.c:4073:13:xTaskPriorityDisinherit	32	static,ignoring_inline_asm
tasks.c:4153:7:vTaskPriorityDisinheritAfterTimeout	40	static,ignoring_inline_asm
tasks.c:4568:12:uxTaskResetEventItemValue	16	static
tasks.c:4584:15:pvTaskIncrementMutexHeldCount	4	static
tasks.c:4601:11:ulTaskNotifyTake	24	static,ignoring_inline_asm
tasks.c:4669:13:xTaskNotifyWait	32	static,ignoring_inline_asm
tasks.c:4749:13:xTaskGenericNotify	48	static,ignoring_inline_asm
tasks.c:4863:13:xTaskGenericNotifyFromISR	64	static,ignoring_inline_asm
tasks.c:4992:7:vTaskNotifyGiveFromISR	48	static,ignoring_inline_asm
tasks.c:5079:13:xTaskNotifyStateClear	24	static
tasks.c:5116:13:prvAddCurrentTaskToDelayedList	24	static
