main.c:117:1:__io_putchar	16	static
main.c:132:5:main	16	static
main.c:192:6:SystemClock_Config	88	static
main.c:232:13:MX_SPI1_Init	8	static
main.c:270:13:MX_UART4_Init	8	static
main.c:303:13:MX_GPIO_Init	40	static
main.c:345:6:Task1	16	static
main.c:355:6:Task3	16	static
main.c:370:6:Task4	16	static
main.c:385:6:Task5	16	static
main.c:398:6:Task2	16	static
stdio.h:214:5:fputc	16	static
main.c:439:6:initMEMS	16	static
main.c:516:6:HAL_GPIO_EXTI_Callback	24	static,ignoring_inline_asm
main.c:550:6:HAL_TIM_PeriodElapsedCallback	16	static
main.c:567:6:Error_Handler	4	static,ignoring_inline_asm
