main.c:118:1:__io_putchar	16	static
main.c:133:5:main	16	static
main.c:192:6:SystemClock_Config	88	static
main.c:232:13:MX_SPI1_Init	8	static
main.c:270:13:MX_UART4_Init	8	static
main.c:303:13:MX_GPIO_Init	40	static
main.c:345:6:RedLEDTask	16	static
main.c:353:6:GreenLEDTask	16	static
main.c:361:6:Task1	16	static
main.c:368:6:Task2	16	static
main.c:376:6:Task3	16	static
main.c:384:6:PrintTask	8	static
main.c:399:6:initMEMS	16	static
main.c:476:6:HAL_GPIO_EXTI_Callback	24	static,ignoring_inline_asm
main.c:510:6:HAL_TIM_PeriodElapsedCallback	16	static
main.c:527:6:Error_Handler	4	static,ignoring_inline_asm
